../Core/Src/control_pilot.c:92:6:cpCalibrate_load	8	static
../Core/Src/control_pilot.c:98:6:cpCalibrate_save	16	static
../Core/Src/control_pilot.c:108:6:getCP_voltage	56	static
../Core/Src/control_pilot.c:245:6:cpCalibrate	40	static
../Core/Src/control_pilot.c:323:6:load_balance	8	static
../Core/Src/control_pilot.c:453:6:monitor_cp	0	static
../Core/Src/control_pilot.c:474:6:setCP_duty	0	static
../Core/Src/control_pilot.c:536:6:check_diode	8	static
../Core/Src/control_pilot.c:564:6:bootup_vehicleCheck	8	static
../Core/Src/control_pilot.c:592:6:check_vehicleConnector	8	static
../Core/Src/control_pilot.c:618:6:check_PWMActive	8	static
