../Core/Src/state_machine.c:78:6:initializeStateMachine	0	static
../Core/Src/state_machine.c:94:6:trackStateTransition	4	static
../Core/Src/state_machine.c:110:6:changeState.constprop	0	static
../Core/Src/state_machine.c:345:6:stateA2	16	static
../Core/Src/state_machine.c:110:6:changeState	0	static
../Core/Src/state_machine.c:127:6:runStateMachine	0	static
../Core/Src/state_machine.c:178:6:stateA_transition	0	static
../Core/Src/state_machine.c:399:6:stateB1	16	static
../Core/Src/state_machine.c:797:6:stateF	8	static
../Core/Src/state_machine.c:204:6:stateB_transition	0	static
../Core/Src/state_machine.c:586:6:stateC1	16	static
../Core/Src/state_machine.c:695:6:stateC2	24	static
../Core/Src/state_machine.c:230:6:stateC_transition	0	static
../Core/Src/state_machine.c:276:6:power_on	8	static
../Core/Src/state_machine.c:831:6:temp_stateF	24	static
../Core/Src/state_machine.c:484:6:stateB2	24	static
../Core/Src/state_machine.c:257:6:stateD_transition	0	static
../Core/Src/state_machine.c:870:6:charger_variable_init	0	static
../Core/Src/state_machine.c:293:6:stateA1	16	static
../Core/Src/state_machine.c:132:6:sm_control_run	8	static
