../Core/Src/usart.c:221:13:huart1TransmitIT	8	static
../Core/Src/usart.c:234:13:huart3TransmitIT	8	static
../Core/Src/usart.c:38:6:MX_USART1_UART_Init	8	static
../Core/Src/usart.c:67:6:MX_USART3_UART_Init	8	static
../Core/Src/usart.c:95:6:HAL_UART_MspInit	40	static
../Core/Src/usart.c:165:6:HAL_UART_MspDeInit	8	static
../Core/Src/usart.c:247:6:transmitSerial	8	static
../Core/Src/usart.c:253:6:HAL_UART_RxCpltCallback	16	static
../Core/Src/usart.c:287:6:HAL_UART_TxCpltCallback	0	static
../Core/Src/usart.c:295:6:HAL_UART_ErrorCallback	24	static
