../Core/Src/main.c:201:13:MX_IWDG_Init	8	static,ignoring_inline_asm
../Core/Inc/DataFrames.h:127:10:calc_CRC	12	static
../Core/Inc/DataFrames.h:146:6:reverseArray	12	static
../Core/Src/main.c:160:6:SystemClock_Config	72	static,ignoring_inline_asm
../Core/Src/main.c:428:6:send_response	16	static
../Core/Src/main.c:334:6:frame_Handle	32	static
../Core/Src/main.c:297:6:HAL_UART_RxCpltCallback	16	static
../Core/Src/main.c:82:5:main	40	static,ignoring_inline_asm
../Core/Src/main.c:460:6:Error_Handler	0	static,ignoring_inline_asm
