../Core/Src/main.c:192:13:MX_IWDG_Init	8	static,ignoring_inline_asm
../Core/Inc/DataFrames.h:127:10:calc_CRC	12	static
../Core/Inc/DataFrames.h:146:6:reverseArray	12	static
../Core/Src/main.c:154:6:SystemClock_Config	72	static,ignoring_inline_asm
../Core/Src/main.c:401:6:send_response	16	static
../Core/Src/main.c:307:6:frame_Handle	32	static
../Core/Src/main.c:270:6:HAL_UART_RxCpltCallback	16	static
../Core/Src/main.c:82:5:main	16	static,ignoring_inline_asm
../Core/Src/main.c:433:6:Error_Handler	0	static,ignoring_inline_asm
