14:58:02 **** Clean-only build of configuration Debug for project BootLoader_CNT_version ****
make -j8 clean 
rm -rf ./Drivers/STM32F1xx_HAL_Driver/Src/stm32f1xx_hal.cyclo ./Drivers/STM32F1xx_HAL_Driver/Src/stm32f1xx_hal.d ./Drivers/STM32F1xx_HAL_Driver/Src/stm32f1xx_hal.o ./Drivers/STM32F1xx_HAL_Driver/Src/stm32f1xx_hal.su ./Drivers/STM32F1xx_HAL_Driver/Src/stm32f1xx_hal_cortex.cyclo ./Drivers/STM32F1xx_HAL_Driver/Src/stm32f1xx_hal_cortex.d ./Drivers/STM32F1xx_HAL_Driver/Src/stm32f1xx_hal_cortex.o ./Drivers/STM32F1xx_HAL_Driver/Src/stm32f1xx_hal_cortex.su ./Drivers/STM32F1xx_HAL_Driver/Src/stm32f1xx_hal_dma.cyclo ./Drivers/STM32F1xx_HAL_Driver/Src/stm32f1xx_hal_dma.d ./Drivers/STM32F1xx_HAL_Driver/Src/stm32f1xx_hal_dma.o ./Drivers/STM32F1xx_HAL_Driver/Src/stm32f1xx_hal_dma.su ./Drivers/STM32F1xx_HAL_Driver/Src/stm32f1xx_hal_exti.cyclo ./Drivers/STM32F1xx_HAL_Driver/Src/stm32f1xx_hal_exti.d ./Drivers/STM32F1xx_HAL_Driver/Src/stm32f1xx_hal_exti.o ./Drivers/STM32F1xx_HAL_Driver/Src/stm32f1xx_hal_exti.su ./Drivers/STM32F1xx_HAL_Driver/Src/stm32f1xx_hal_flash.cyclo ./Drivers/STM32F1xx_HAL_Driver/Src/stm32f1xx_hal_flash.d ./Drivers/STM32F1xx_HAL_Driver/Src/stm32f1xx_hal_flash.o ./Drivers/STM32F1xx_HAL_Driver/Src/stm32f1xx_hal_flash.su ./Drivers/STM32F1xx_HAL_Driver/Src/stm32f1xx_hal_flash_ex.cyclo ./Drivers/STM32F1xx_HAL_Driver/Src/stm32f1xx_hal_flash_ex.d ./Drivers/STM32F1xx_HAL_Driver/Src/stm32f1xx_hal_flash_ex.o ./Drivers/STM32F1xx_HAL_Driver/Src/stm32f1xx_hal_flash_ex.su ./Drivers/STM32F1xx_HAL_Driver/Src/stm32f1xx_hal_gpio.cyclo ./Drivers/STM32F1xx_HAL_Driver/Src/stm32f1xx_hal_gpio.d ./Drivers/STM32F1xx_HAL_Driver/Src/stm32f1xx_hal_gpio.o ./Drivers/STM32F1xx_HAL_Driver/Src/stm32f1xx_hal_gpio.su ./Drivers/STM32F1xx_HAL_Driver/Src/stm32f1xx_hal_gpio_ex.cyclo ./Drivers/STM32F1xx_HAL_Driver/Src/stm32f1xx_hal_gpio_ex.d ./Drivers/STM32F1xx_HAL_Driver/Src/stm32f1xx_hal_gpio_ex.o ./Drivers/STM32F1xx_HAL_Driver/Src/stm32f1xx_hal_gpio_ex.su ./Drivers/STM32F1xx_HAL_Driver/Src/stm32f1xx_hal_iwdg.cyclo ./Drivers/STM32F1xx_HAL_Driver/Src/stm32f1xx_hal_iwdg.d ./Drivers/STM32F1xx_HAL_Driver/Src/stm32f1xx_hal_iwdg.o ./Drivers/STM32F1xx_HAL_Driver/Src/stm32f1xx_hal_iwdg.su ./Drivers/STM32F1xx_HAL_Driver/Src/stm32f1xx_hal_pwr.cyclo ./Drivers/STM32F1xx_HAL_Driver/Src/stm32f1xx_hal_pwr.d ./Drivers/STM32F1xx_HAL_Driver/Src/stm32f1xx_hal_pwr.o ./Drivers/STM32F1xx_HAL_Driver/Src/stm32f1xx_hal_pwr.su ./Drivers/STM32F1xx_HAL_Driver/Src/stm32f1xx_hal_rcc.cyclo ./Drivers/STM32F1xx_HAL_Driver/Src/stm32f1xx_hal_rcc.d ./Drivers/STM32F1xx_HAL_Driver/Src/stm32f1xx_hal_rcc.o ./Drivers/STM32F1xx_HAL_Driver/Src/stm32f1xx_hal_rcc.su ./Drivers/STM32F1xx_HAL_Driver/Src/stm32f1xx_hal_rcc_ex.cyclo ./Drivers/STM32F1xx_HAL_Driver/Src/stm32f1xx_hal_rcc_ex.d ./Drivers/STM32F1xx_HAL_Driver/Src/stm32f1xx_hal_rcc_ex.o ./Drivers/STM32F1xx_HAL_Driver/Src/stm32f1xx_hal_rcc_ex.su ./Drivers/STM32F1xx_HAL_Driver/Src/stm32f1xx_hal_uart.cyclo ./Drivers/STM32F1xx_HAL_Driver/Src/stm32f1xx_hal_uart.d ./Drivers/STM32F1xx_HAL_Driver/Src/stm32f1xx_hal_uart.o ./Drivers/STM32F1xx_HAL_Driver/Src/stm32f1xx_hal_uart.su
rm -rf ./Core/Startup/startup_stm32f103r8tx.d ./Core/Startup/startup_stm32f103r8tx.o
rm -rf ./Core/Src/OTA.cyclo ./Core/Src/OTA.d ./Core/Src/OTA.o ./Core/Src/OTA.su ./Core/Src/main.cyclo ./Core/Src/main.d ./Core/Src/main.o ./Core/Src/main.su ./Core/Src/stm32f1xx_hal_msp.cyclo ./Core/Src/stm32f1xx_hal_msp.d ./Core/Src/stm32f1xx_hal_msp.o ./Core/Src/stm32f1xx_hal_msp.su ./Core/Src/stm32f1xx_it.cyclo ./Core/Src/stm32f1xx_it.d ./Core/Src/stm32f1xx_it.o ./Core/Src/stm32f1xx_it.su ./Core/Src/syscalls.cyclo ./Core/Src/syscalls.d ./Core/Src/syscalls.o ./Core/Src/syscalls.su ./Core/Src/sysmem.cyclo ./Core/Src/sysmem.d ./Core/Src/sysmem.o ./Core/Src/sysmem.su ./Core/Src/system_stm32f1xx.cyclo ./Core/Src/system_stm32f1xx.d ./Core/Src/system_stm32f1xx.o ./Core/Src/system_stm32f1xx.su
rm -rf BootLoader_CNT_version.bin BootLoader_CNT_version.elf BootLoader_CNT_version.list BootLoader_CNT_version.map default.size.stdout
rm: can't remove 'BootLoader_CNT_version.elf': Permission denied
make: [makefile:88: clean] Error 1 (ignored)
 
14:58:11 **** Build of configuration Debug for project BootLoader_CNT_version ****
make -j8 all 
arm-none-eabi-gcc "../Drivers/STM32F1xx_HAL_Driver/Src/stm32f1xx_hal.c" -mcpu=cortex-m3 -std=gnu11 -g3 -DDEBUG -DUSE_HAL_DRIVER -DSTM32F103xB -c -I../Core/Inc -I../Drivers/STM32F1xx_HAL_Driver/Inc/Legacy -I../Drivers/STM32F1xx_HAL_Driver/Inc -I../Drivers/CMSIS/Device/ST/STM32F1xx/Include -I../Drivers/CMSIS/Include -Os -ffunction-sections -fdata-sections -Wall -fstack-usage -fcyclomatic-complexity -MMD -MP -MF"Drivers/STM32F1xx_HAL_Driver/Src/stm32f1xx_hal.d" -MT"Drivers/STM32F1xx_HAL_Driver/Src/stm32f1xx_hal.o" --specs=nano.specs -mfloat-abi=soft -mthumb -o "Drivers/STM32F1xx_HAL_Driver/Src/stm32f1xx_hal.o"
arm-none-eabi-gcc "../Drivers/STM32F1xx_HAL_Driver/Src/stm32f1xx_hal_cortex.c" -mcpu=cortex-m3 -std=gnu11 -g3 -DDEBUG -DUSE_HAL_DRIVER -DSTM32F103xB -c -I../Core/Inc -I../Drivers/STM32F1xx_HAL_Driver/Inc/Legacy -I../Drivers/STM32F1xx_HAL_Driver/Inc -I../Drivers/CMSIS/Device/ST/STM32F1xx/Include -I../Drivers/CMSIS/Include -Os -ffunction-sections -fdata-sections -Wall -fstack-usage -fcyclomatic-complexity -MMD -MP -MF"Drivers/STM32F1xx_HAL_Driver/Src/stm32f1xx_hal_cortex.d" -MT"Drivers/STM32F1xx_HAL_Driver/Src/stm32f1xx_hal_cortex.o" --specs=nano.specs -mfloat-abi=soft -mthumb -o "Drivers/STM32F1xx_HAL_Driver/Src/stm32f1xx_hal_cortex.o"
arm-none-eabi-gcc "../Drivers/STM32F1xx_HAL_Driver/Src/stm32f1xx_hal_dma.c" -mcpu=cortex-m3 -std=gnu11 -g3 -DDEBUG -DUSE_HAL_DRIVER -DSTM32F103xB -c -I../Core/Inc -I../Drivers/STM32F1xx_HAL_Driver/Inc/Legacy -I../Drivers/STM32F1xx_HAL_Driver/Inc -I../Drivers/CMSIS/Device/ST/STM32F1xx/Include -I../Drivers/CMSIS/Include -Os -ffunction-sections -fdata-sections -Wall -fstack-usage -fcyclomatic-complexity -MMD -MP -MF"Drivers/STM32F1xx_HAL_Driver/Src/stm32f1xx_hal_dma.d" -MT"Drivers/STM32F1xx_HAL_Driver/Src/stm32f1xx_hal_dma.o" --specs=nano.specs -mfloat-abi=soft -mthumb -o "Drivers/STM32F1xx_HAL_Driver/Src/stm32f1xx_hal_dma.o"
arm-none-eabi-gcc "../Drivers/STM32F1xx_HAL_Driver/Src/stm32f1xx_hal_exti.c" -mcpu=cortex-m3 -std=gnu11 -g3 -DDEBUG -DUSE_HAL_DRIVER -DSTM32F103xB -c -I../Core/Inc -I../Drivers/STM32F1xx_HAL_Driver/Inc/Legacy -I../Drivers/STM32F1xx_HAL_Driver/Inc -I../Drivers/CMSIS/Device/ST/STM32F1xx/Include -I../Drivers/CMSIS/Include -Os -ffunction-sections -fdata-sections -Wall -fstack-usage -fcyclomatic-complexity -MMD -MP -MF"Drivers/STM32F1xx_HAL_Driver/Src/stm32f1xx_hal_exti.d" -MT"Drivers/STM32F1xx_HAL_Driver/Src/stm32f1xx_hal_exti.o" --specs=nano.specs -mfloat-abi=soft -mthumb -o "Drivers/STM32F1xx_HAL_Driver/Src/stm32f1xx_hal_exti.o"
arm-none-eabi-gcc "../Drivers/STM32F1xx_HAL_Driver/Src/stm32f1xx_hal_flash.c" -mcpu=cortex-m3 -std=gnu11 -g3 -DDEBUG -DUSE_HAL_DRIVER -DSTM32F103xB -c -I../Core/Inc -I../Drivers/STM32F1xx_HAL_Driver/Inc/Legacy -I../Drivers/STM32F1xx_HAL_Driver/Inc -I../Drivers/CMSIS/Device/ST/STM32F1xx/Include -I../Drivers/CMSIS/Include -Os -ffunction-sections -fdata-sections -Wall -fstack-usage -fcyclomatic-complexity -MMD -MP -MF"Drivers/STM32F1xx_HAL_Driver/Src/stm32f1xx_hal_flash.d" -MT"Drivers/STM32F1xx_HAL_Driver/Src/stm32f1xx_hal_flash.o" --specs=nano.specs -mfloat-abi=soft -mthumb -o "Drivers/STM32F1xx_HAL_Driver/Src/stm32f1xx_hal_flash.o"
arm-none-eabi-gcc "../Drivers/STM32F1xx_HAL_Driver/Src/stm32f1xx_hal_flash_ex.c" -mcpu=cortex-m3 -std=gnu11 -g3 -DDEBUG -DUSE_HAL_DRIVER -DSTM32F103xB -c -I../Core/Inc -I../Drivers/STM32F1xx_HAL_Driver/Inc/Legacy -I../Drivers/STM32F1xx_HAL_Driver/Inc -I../Drivers/CMSIS/Device/ST/STM32F1xx/Include -I../Drivers/CMSIS/Include -Os -ffunction-sections -fdata-sections -Wall -fstack-usage -fcyclomatic-complexity -MMD -MP -MF"Drivers/STM32F1xx_HAL_Driver/Src/stm32f1xx_hal_flash_ex.d" -MT"Drivers/STM32F1xx_HAL_Driver/Src/stm32f1xx_hal_flash_ex.o" --specs=nano.specs -mfloat-abi=soft -mthumb -o "Drivers/STM32F1xx_HAL_Driver/Src/stm32f1xx_hal_flash_ex.o"
arm-none-eabi-gcc "../Drivers/STM32F1xx_HAL_Driver/Src/stm32f1xx_hal_gpio.c" -mcpu=cortex-m3 -std=gnu11 -g3 -DDEBUG -DUSE_HAL_DRIVER -DSTM32F103xB -c -I../Core/Inc -I../Drivers/STM32F1xx_HAL_Driver/Inc/Legacy -I../Drivers/STM32F1xx_HAL_Driver/Inc -I../Drivers/CMSIS/Device/ST/STM32F1xx/Include -I../Drivers/CMSIS/Include -Os -ffunction-sections -fdata-sections -Wall -fstack-usage -fcyclomatic-complexity -MMD -MP -MF"Drivers/STM32F1xx_HAL_Driver/Src/stm32f1xx_hal_gpio.d" -MT"Drivers/STM32F1xx_HAL_Driver/Src/stm32f1xx_hal_gpio.o" --specs=nano.specs -mfloat-abi=soft -mthumb -o "Drivers/STM32F1xx_HAL_Driver/Src/stm32f1xx_hal_gpio.o"
arm-none-eabi-gcc "../Drivers/STM32F1xx_HAL_Driver/Src/stm32f1xx_hal_gpio_ex.c" -mcpu=cortex-m3 -std=gnu11 -g3 -DDEBUG -DUSE_HAL_DRIVER -DSTM32F103xB -c -I../Core/Inc -I../Drivers/STM32F1xx_HAL_Driver/Inc/Legacy -I../Drivers/STM32F1xx_HAL_Driver/Inc -I../Drivers/CMSIS/Device/ST/STM32F1xx/Include -I../Drivers/CMSIS/Include -Os -ffunction-sections -fdata-sections -Wall -fstack-usage -fcyclomatic-complexity -MMD -MP -MF"Drivers/STM32F1xx_HAL_Driver/Src/stm32f1xx_hal_gpio_ex.d" -MT"Drivers/STM32F1xx_HAL_Driver/Src/stm32f1xx_hal_gpio_ex.o" --specs=nano.specs -mfloat-abi=soft -mthumb -o "Drivers/STM32F1xx_HAL_Driver/Src/stm32f1xx_hal_gpio_ex.o"
arm-none-eabi-gcc "../Drivers/STM32F1xx_HAL_Driver/Src/stm32f1xx_hal_iwdg.c" -mcpu=cortex-m3 -std=gnu11 -g3 -DDEBUG -DUSE_HAL_DRIVER -DSTM32F103xB -c -I../Core/Inc -I../Drivers/STM32F1xx_HAL_Driver/Inc/Legacy -I../Drivers/STM32F1xx_HAL_Driver/Inc -I../Drivers/CMSIS/Device/ST/STM32F1xx/Include -I../Drivers/CMSIS/Include -Os -ffunction-sections -fdata-sections -Wall -fstack-usage -fcyclomatic-complexity -MMD -MP -MF"Drivers/STM32F1xx_HAL_Driver/Src/stm32f1xx_hal_iwdg.d" -MT"Drivers/STM32F1xx_HAL_Driver/Src/stm32f1xx_hal_iwdg.o" --specs=nano.specs -mfloat-abi=soft -mthumb -o "Drivers/STM32F1xx_HAL_Driver/Src/stm32f1xx_hal_iwdg.o"
arm-none-eabi-gcc "../Drivers/STM32F1xx_HAL_Driver/Src/stm32f1xx_hal_pwr.c" -mcpu=cortex-m3 -std=gnu11 -g3 -DDEBUG -DUSE_HAL_DRIVER -DSTM32F103xB -c -I../Core/Inc -I../Drivers/STM32F1xx_HAL_Driver/Inc/Legacy -I../Drivers/STM32F1xx_HAL_Driver/Inc -I../Drivers/CMSIS/Device/ST/STM32F1xx/Include -I../Drivers/CMSIS/Include -Os -ffunction-sections -fdata-sections -Wall -fstack-usage -fcyclomatic-complexity -MMD -MP -MF"Drivers/STM32F1xx_HAL_Driver/Src/stm32f1xx_hal_pwr.d" -MT"Drivers/STM32F1xx_HAL_Driver/Src/stm32f1xx_hal_pwr.o" --specs=nano.specs -mfloat-abi=soft -mthumb -o "Drivers/STM32F1xx_HAL_Driver/Src/stm32f1xx_hal_pwr.o"
arm-none-eabi-gcc "../Drivers/STM32F1xx_HAL_Driver/Src/stm32f1xx_hal_rcc.c" -mcpu=cortex-m3 -std=gnu11 -g3 -DDEBUG -DUSE_HAL_DRIVER -DSTM32F103xB -c -I../Core/Inc -I../Drivers/STM32F1xx_HAL_Driver/Inc/Legacy -I../Drivers/STM32F1xx_HAL_Driver/Inc -I../Drivers/CMSIS/Device/ST/STM32F1xx/Include -I../Drivers/CMSIS/Include -Os -ffunction-sections -fdata-sections -Wall -fstack-usage -fcyclomatic-complexity -MMD -MP -MF"Drivers/STM32F1xx_HAL_Driver/Src/stm32f1xx_hal_rcc.d" -MT"Drivers/STM32F1xx_HAL_Driver/Src/stm32f1xx_hal_rcc.o" --specs=nano.specs -mfloat-abi=soft -mthumb -o "Drivers/STM32F1xx_HAL_Driver/Src/stm32f1xx_hal_rcc.o"
arm-none-eabi-gcc "../Drivers/STM32F1xx_HAL_Driver/Src/stm32f1xx_hal_rcc_ex.c" -mcpu=cortex-m3 -std=gnu11 -g3 -DDEBUG -DUSE_HAL_DRIVER -DSTM32F103xB -c -I../Core/Inc -I../Drivers/STM32F1xx_HAL_Driver/Inc/Legacy -I../Drivers/STM32F1xx_HAL_Driver/Inc -I../Drivers/CMSIS/Device/ST/STM32F1xx/Include -I../Drivers/CMSIS/Include -Os -ffunction-sections -fdata-sections -Wall -fstack-usage -fcyclomatic-complexity -MMD -MP -MF"Drivers/STM32F1xx_HAL_Driver/Src/stm32f1xx_hal_rcc_ex.d" -MT"Drivers/STM32F1xx_HAL_Driver/Src/stm32f1xx_hal_rcc_ex.o" --specs=nano.specs -mfloat-abi=soft -mthumb -o "Drivers/STM32F1xx_HAL_Driver/Src/stm32f1xx_hal_rcc_ex.o"
arm-none-eabi-gcc "../Drivers/STM32F1xx_HAL_Driver/Src/stm32f1xx_hal_uart.c" -mcpu=cortex-m3 -std=gnu11 -g3 -DDEBUG -DUSE_HAL_DRIVER -DSTM32F103xB -c -I../Core/Inc -I../Drivers/STM32F1xx_HAL_Driver/Inc/Legacy -I../Drivers/STM32F1xx_HAL_Driver/Inc -I../Drivers/CMSIS/Device/ST/STM32F1xx/Include -I../Drivers/CMSIS/Include -Os -ffunction-sections -fdata-sections -Wall -fstack-usage -fcyclomatic-complexity -MMD -MP -MF"Drivers/STM32F1xx_HAL_Driver/Src/stm32f1xx_hal_uart.d" -MT"Drivers/STM32F1xx_HAL_Driver/Src/stm32f1xx_hal_uart.o" --specs=nano.specs -mfloat-abi=soft -mthumb -o "Drivers/STM32F1xx_HAL_Driver/Src/stm32f1xx_hal_uart.o"
arm-none-eabi-gcc -mcpu=cortex-m3 -g3 -DDEBUG -c -x assembler-with-cpp -MMD -MP -MF"Core/Startup/startup_stm32f103r8tx.d" -MT"Core/Startup/startup_stm32f103r8tx.o" --specs=nano.specs -mfloat-abi=soft -mthumb -o "Core/Startup/startup_stm32f103r8tx.o" "../Core/Startup/startup_stm32f103r8tx.s"
arm-none-eabi-gcc "../Core/Src/OTA.c" -mcpu=cortex-m3 -std=gnu11 -g3 -DDEBUG -DUSE_HAL_DRIVER -DSTM32F103xB -c -I../Core/Inc -I../Drivers/STM32F1xx_HAL_Driver/Inc/Legacy -I../Drivers/STM32F1xx_HAL_Driver/Inc -I../Drivers/CMSIS/Device/ST/STM32F1xx/Include -I../Drivers/CMSIS/Include -Os -ffunction-sections -fdata-sections -Wall -fstack-usage -fcyclomatic-complexity -MMD -MP -MF"Core/Src/OTA.d" -MT"Core/Src/OTA.o" --specs=nano.specs -mfloat-abi=soft -mthumb -o "Core/Src/OTA.o"
arm-none-eabi-gcc "../Core/Src/main.c" -mcpu=cortex-m3 -std=gnu11 -g3 -DDEBUG -DUSE_HAL_DRIVER -DSTM32F103xB -c -I../Core/Inc -I../Drivers/STM32F1xx_HAL_Driver/Inc/Legacy -I../Drivers/STM32F1xx_HAL_Driver/Inc -I../Drivers/CMSIS/Device/ST/STM32F1xx/Include -I../Drivers/CMSIS/Include -Os -ffunction-sections -fdata-sections -Wall -fstack-usage -fcyclomatic-complexity -MMD -MP -MF"Core/Src/main.d" -MT"Core/Src/main.o" --specs=nano.specs -mfloat-abi=soft -mthumb -o "Core/Src/main.o"
arm-none-eabi-gcc "../Core/Src/stm32f1xx_hal_msp.c" -mcpu=cortex-m3 -std=gnu11 -g3 -DDEBUG -DUSE_HAL_DRIVER -DSTM32F103xB -c -I../Core/Inc -I../Drivers/STM32F1xx_HAL_Driver/Inc/Legacy -I../Drivers/STM32F1xx_HAL_Driver/Inc -I../Drivers/CMSIS/Device/ST/STM32F1xx/Include -I../Drivers/CMSIS/Include -Os -ffunction-sections -fdata-sections -Wall -fstack-usage -fcyclomatic-complexity -MMD -MP -MF"Core/Src/stm32f1xx_hal_msp.d" -MT"Core/Src/stm32f1xx_hal_msp.o" --specs=nano.specs -mfloat-abi=soft -mthumb -o "Core/Src/stm32f1xx_hal_msp.o"
../Core/Src/OTA.c: In function 'Erase_APP_Slot':
../Core/Src/OTA.c:111:24: warning: 'return' with a value, in function returning void [-Wreturn-type]
  111 |                 return HAL_FLASH_GetError();
      |                        ^~~~~~~~~~~~~~~~~~~~
../Core/Src/OTA.c:97:6: note: declared here
   97 | void Erase_APP_Slot() {
      |      ^~~~~~~~~~~~~~
../Core/Src/main.c: In function 'main':
../Core/Src/main.c:113:17: warning: implicit declaration of function 'send_response' [-Wimplicit-function-declaration]
  113 |                 send_response(OTA_ACK);
      |                 ^~~~~~~~~~~~~
../Core/Src/main.c: In function 'HAL_UART_RxCpltCallback':
../Core/Src/main.c:284:33: warning: implicit declaration of function 'frame_Handle' [-Wimplicit-function-declaration]
  284 |                                 frame_Handle(Rx_Dataframe);
      |                                 ^~~~~~~~~~~~
../Core/Src/main.c: At top level:
../Core/Src/main.c:299:6: warning: conflicting types for 'frame_Handle'; have 'void(uint8_t *)' {aka 'void(unsigned char *)'}
  299 | void frame_Handle(uint8_t *Frame) {
      |      ^~~~~~~~~~~~
../Core/Src/main.c:284:33: note: previous implicit declaration of 'frame_Handle' with type 'void(uint8_t *)' {aka 'void(unsigned char *)'}
  284 |                                 frame_Handle(Rx_Dataframe);
      |                                 ^~~~~~~~~~~~
../Core/Src/main.c: In function 'frame_Handle':
../Core/Src/main.c:354:83: warning: passing argument 2 of 'Write_Data' from incompatible pointer type [-Wincompatible-pointer-types]
  354 |                                 APPLICATION_LOCATION + application_write_idx, data->data, 4, 0);
      |                                                                               ~~~~^~~~~~
      |                                                                                   |
      |                                                                                   uint8_t * {aka unsigned char *}
In file included from ../Core/Src/main.c:27:
../Core/Inc/OTA.h:35:54: note: expected 'uint32_t *' {aka 'long unsigned int *'} but argument is of type 'uint8_t *' {aka 'unsigned char *'}
   35 | uint32_t Write_Data(uint32_t StartAddress, uint32_t *Data, uint16_t WordSize,
      |                                            ~~~~~~~~~~^~~~
../Core/Src/main.c: At top level:
../Core/Src/main.c:393:6: warning: conflicting types for 'send_response'; have 'void(uint8_t)' {aka 'void(unsigned char)'}
  393 | void send_response(uint8_t is_success) {
      |      ^~~~~~~~~~~~~
../Core/Src/main.c:113:17: note: previous implicit declaration of 'send_response' with type 'void(uint8_t)' {aka 'void(unsigned char)'}
  113 |                 send_response(OTA_ACK);
      |                 ^~~~~~~~~~~~~
../Core/Src/main.c: In function 'send_response':
../Core/Src/main.c:403:36: warning: passing argument 2 of 'HAL_UART_Transmit' from incompatible pointer type [-Wincompatible-pointer-types]
  403 |         HAL_UART_Transmit(&huart3, &response, 8, HAL_MAX_DELAY);
      |                                    ^~~~~~~~~
      |                                    |
      |                                    OTA_RESP_ *
In file included from ../Core/Inc/stm32f1xx_hal_conf.h:338,
                 from ../Drivers/STM32F1xx_HAL_Driver/Inc/stm32f1xx_hal.h:29,
                 from ../Core/Inc/main.h:30,
                 from ../Core/Src/main.c:20:
../Drivers/STM32F1xx_HAL_Driver/Inc/stm32f1xx_hal_uart.h:749:79: note: expected 'const uint8_t *' {aka 'const unsigned char *'} but argument is of type 'OTA_RESP_ *'
  749 | HAL_StatusTypeDef HAL_UART_Transmit(UART_HandleTypeDef *huart, const uint8_t *pData, uint16_t Size, uint32_t Timeout);
      |                                                                ~~~~~~~~~~~~~~~^~~~~
arm-none-eabi-gcc "../Core/Src/stm32f1xx_it.c" -mcpu=cortex-m3 -std=gnu11 -g3 -DDEBUG -DUSE_HAL_DRIVER -DSTM32F103xB -c -I../Core/Inc -I../Drivers/STM32F1xx_HAL_Driver/Inc/Legacy -I../Drivers/STM32F1xx_HAL_Driver/Inc -I../Drivers/CMSIS/Device/ST/STM32F1xx/Include -I../Drivers/CMSIS/Include -Os -ffunction-sections -fdata-sections -Wall -fstack-usage -fcyclomatic-complexity -MMD -MP -MF"Core/Src/stm32f1xx_it.d" -MT"Core/Src/stm32f1xx_it.o" --specs=nano.specs -mfloat-abi=soft -mthumb -o "Core/Src/stm32f1xx_it.o"
arm-none-eabi-gcc "../Core/Src/syscalls.c" -mcpu=cortex-m3 -std=gnu11 -g3 -DDEBUG -DUSE_HAL_DRIVER -DSTM32F103xB -c -I../Core/Inc -I../Drivers/STM32F1xx_HAL_Driver/Inc/Legacy -I../Drivers/STM32F1xx_HAL_Driver/Inc -I../Drivers/CMSIS/Device/ST/STM32F1xx/Include -I../Drivers/CMSIS/Include -Os -ffunction-sections -fdata-sections -Wall -fstack-usage -fcyclomatic-complexity -MMD -MP -MF"Core/Src/syscalls.d" -MT"Core/Src/syscalls.o" --specs=nano.specs -mfloat-abi=soft -mthumb -o "Core/Src/syscalls.o"
arm-none-eabi-gcc "../Core/Src/sysmem.c" -mcpu=cortex-m3 -std=gnu11 -g3 -DDEBUG -DUSE_HAL_DRIVER -DSTM32F103xB -c -I../Core/Inc -I../Drivers/STM32F1xx_HAL_Driver/Inc/Legacy -I../Drivers/STM32F1xx_HAL_Driver/Inc -I../Drivers/CMSIS/Device/ST/STM32F1xx/Include -I../Drivers/CMSIS/Include -Os -ffunction-sections -fdata-sections -Wall -fstack-usage -fcyclomatic-complexity -MMD -MP -MF"Core/Src/sysmem.d" -MT"Core/Src/sysmem.o" --specs=nano.specs -mfloat-abi=soft -mthumb -o "Core/Src/sysmem.o"
arm-none-eabi-gcc "../Core/Src/system_stm32f1xx.c" -mcpu=cortex-m3 -std=gnu11 -g3 -DDEBUG -DUSE_HAL_DRIVER -DSTM32F103xB -c -I../Core/Inc -I../Drivers/STM32F1xx_HAL_Driver/Inc/Legacy -I../Drivers/STM32F1xx_HAL_Driver/Inc -I../Drivers/CMSIS/Device/ST/STM32F1xx/Include -I../Drivers/CMSIS/Include -Os -ffunction-sections -fdata-sections -Wall -fstack-usage -fcyclomatic-complexity -MMD -MP -MF"Core/Src/system_stm32f1xx.d" -MT"Core/Src/system_stm32f1xx.o" --specs=nano.specs -mfloat-abi=soft -mthumb -o "Core/Src/system_stm32f1xx.o"
arm-none-eabi-gcc -o "BootLoader_CNT_version.elf" @"objects.list"   -mcpu=cortex-m3 -T"D:\Projects\L2Gen2\L2Gen2_Cnt_FW\BootLoader_CNT_version\STM32F103R8TX_FLASH.ld" --specs=nosys.specs -Wl,-Map="BootLoader_CNT_version.map" -Wl,--gc-sections -static --specs=nano.specs -mfloat-abi=soft -mthumb -Wl,--start-group -lc -lm -Wl,--end-group
Finished building target: BootLoader_CNT_version.elf
 
arm-none-eabi-size  BootLoader_CNT_version.elf 
arm-none-eabi-objdump -h -S BootLoader_CNT_version.elf  > "BootLoader_CNT_version.list"
arm-none-eabi-objcopy  -O binary BootLoader_CNT_version.elf  "BootLoader_CNT_version.bin"
   text	   data	    bss	    dec	    hex	filename
   9428	    108	   2128	  11664	   2d90	BootLoader_CNT_version.elf
Finished building: default.size.stdout
 
Finished building: BootLoader_CNT_version.bin
 
Finished building: BootLoader_CNT_version.list
 
14:58:34 **** Incremental Build of configuration Debug for project BootLoader_CNT_version ****
make -j8 all 
arm-none-eabi-gcc "../Core/Src/main.c" -mcpu=cortex-m3 -std=gnu11 -g3 -DDEBUG -DUSE_HAL_DRIVER -DSTM32F103xB -c -I../Core/Inc -I../Drivers/STM32F1xx_HAL_Driver/Inc/Legacy -I../Drivers/STM32F1xx_HAL_Driver/Inc -I../Drivers/CMSIS/Device/ST/STM32F1xx/Include -I../Drivers/CMSIS/Include -Os -ffunction-sections -fdata-sections -Wall -fstack-usage -fcyclomatic-complexity -MMD -MP -MF"Core/Src/main.d" -MT"Core/Src/main.o" --specs=nano.specs -mfloat-abi=soft -mthumb -o "Core/Src/main.o"
../Core/Src/main.c: In function 'main':
../Core/Src/main.c:113:17: warning: implicit declaration of function 'send_response' [-Wimplicit-function-declaration]
  113 |                 send_response(OTA_ACK);
      |                 ^~~~~~~~~~~~~
../Core/Src/main.c: In function 'HAL_UART_RxCpltCallback':
../Core/Src/main.c:284:33: warning: implicit declaration of function 'frame_Handle' [-Wimplicit-function-declaration]
  284 |                                 frame_Handle(Rx_Dataframe);
      |                                 ^~~~~~~~~~~~
../Core/Src/main.c: At top level:
../Core/Src/main.c:299:6: warning: conflicting types for 'frame_Handle'; have 'void(uint8_t *)' {aka 'void(unsigned char *)'}
  299 | void frame_Handle(uint8_t *Frame) {
      |      ^~~~~~~~~~~~
../Core/Src/main.c:284:33: note: previous implicit declaration of 'frame_Handle' with type 'void(uint8_t *)' {aka 'void(unsigned char *)'}
  284 |                                 frame_Handle(Rx_Dataframe);
      |                                 ^~~~~~~~~~~~
../Core/Src/main.c: In function 'frame_Handle':
../Core/Src/main.c:354:83: warning: passing argument 2 of 'Write_Data' from incompatible pointer type [-Wincompatible-pointer-types]
  354 |                                 APPLICATION_LOCATION + application_write_idx, data->data, 4, 0);
      |                                                                               ~~~~^~~~~~
      |                                                                                   |
      |                                                                                   uint8_t * {aka unsigned char *}
In file included from ../Core/Src/main.c:27:
../Core/Inc/OTA.h:35:54: note: expected 'uint32_t *' {aka 'long unsigned int *'} but argument is of type 'uint8_t *' {aka 'unsigned char *'}
   35 | uint32_t Write_Data(uint32_t StartAddress, uint32_t *Data, uint16_t WordSize,
      |                                            ~~~~~~~~~~^~~~
../Core/Src/main.c: At top level:
../Core/Src/main.c:393:6: warning: conflicting types for 'send_response'; have 'void(uint8_t)' {aka 'void(unsigned char)'}
  393 | void send_response(uint8_t is_success) {
      |      ^~~~~~~~~~~~~
../Core/Src/main.c:113:17: note: previous implicit declaration of 'send_response' with type 'void(uint8_t)' {aka 'void(unsigned char)'}
  113 |                 send_response(OTA_ACK);
      |                 ^~~~~~~~~~~~~
../Core/Src/main.c: In function 'send_response':
../Core/Src/main.c:403:36: warning: passing argument 2 of 'HAL_UART_Transmit' from incompatible pointer type [-Wincompatible-pointer-types]
  403 |         HAL_UART_Transmit(&huart3, &response, 8, HAL_MAX_DELAY);
      |                                    ^~~~~~~~~
      |                                    |
      |                                    OTA_RESP_ *
In file included from ../Core/Inc/stm32f1xx_hal_conf.h:338,
                 from ../Drivers/STM32F1xx_HAL_Driver/Inc/stm32f1xx_hal.h:29,
                 from ../Core/Inc/main.h:30,
                 from ../Core/Src/main.c:20:
../Drivers/STM32F1xx_HAL_Driver/Inc/stm32f1xx_hal_uart.h:749:79: note: expected 'const uint8_t *' {aka 'const unsigned char *'} but argument is of type 'OTA_RESP_ *'
  749 | HAL_StatusTypeDef HAL_UART_Transmit(UART_HandleTypeDef *huart, const uint8_t *pData, uint16_t Size, uint32_t Timeout);
      |                                                                ~~~~~~~~~~~~~~~^~~~~
arm-none-eabi-gcc -o "BootLoader_CNT_version.elf" @"objects.list"   -mcpu=cortex-m3 -T"D:\Projects\L2Gen2\L2Gen2_Cnt_FW\BootLoader_CNT_version\STM32F103R8TX_FLASH.ld" --specs=nosys.specs -Wl,-Map="BootLoader_CNT_version.map" -Wl,--gc-sections -static --specs=nano.specs -mfloat-abi=soft -mthumb -Wl,--start-group -lc -lm -Wl,--end-group
Finished building target: BootLoader_CNT_version.elf
 
arm-none-eabi-size  BootLoader_CNT_version.elf 
arm-none-eabi-objdump -h -S BootLoader_CNT_version.elf  > "BootLoader_CNT_version.list"
arm-none-eabi-objcopy  -O binary BootLoader_CNT_version.elf  "BootLoader_CNT_version.bin"
   text	   data	    bss	    dec	    hex	filename
   9424	    108	   2128	  11660	   2d8c	BootLoader_CNT_version.elf
Finished building: default.size.stdout
 
Finished building: BootLoader_CNT_version.bin
 
Finished building: BootLoader_CNT_version.list
 
14:59:57 **** Incremental Build of configuration Debug for project BootLoader_CNT_version ****
make -j8 all 
arm-none-eabi-gcc "../Core/Src/main.c" -mcpu=cortex-m3 -std=gnu11 -g3 -DDEBUG -DUSE_HAL_DRIVER -DSTM32F103xB -c -I../Core/Inc -I../Drivers/STM32F1xx_HAL_Driver/Inc/Legacy -I../Drivers/STM32F1xx_HAL_Driver/Inc -I../Drivers/CMSIS/Device/ST/STM32F1xx/Include -I../Drivers/CMSIS/Include -Os -ffunction-sections -fdata-sections -Wall -fstack-usage -fcyclomatic-complexity -MMD -MP -MF"Core/Src/main.d" -MT"Core/Src/main.o" --specs=nano.specs -mfloat-abi=soft -mthumb -o "Core/Src/main.o"
../Core/Src/main.c: In function 'main':
../Core/Src/main.c:113:17: warning: implicit declaration of function 'send_response' [-Wimplicit-function-declaration]
  113 |                 send_response(OTA_ACK);
      |                 ^~~~~~~~~~~~~
../Core/Src/main.c: In function 'HAL_UART_RxCpltCallback':
../Core/Src/main.c:284:33: warning: implicit declaration of function 'frame_Handle' [-Wimplicit-function-declaration]
  284 |                                 frame_Handle(Rx_Dataframe);
      |                                 ^~~~~~~~~~~~
../Core/Src/main.c: At top level:
../Core/Src/main.c:299:6: warning: conflicting types for 'frame_Handle'; have 'void(uint8_t *)' {aka 'void(unsigned char *)'}
  299 | void frame_Handle(uint8_t *Frame) {
      |      ^~~~~~~~~~~~
../Core/Src/main.c:284:33: note: previous implicit declaration of 'frame_Handle' with type 'void(uint8_t *)' {aka 'void(unsigned char *)'}
  284 |                                 frame_Handle(Rx_Dataframe);
      |                                 ^~~~~~~~~~~~
../Core/Src/main.c: In function 'frame_Handle':
../Core/Src/main.c:354:83: warning: passing argument 2 of 'Write_Data' from incompatible pointer type [-Wincompatible-pointer-types]
  354 |                                 APPLICATION_LOCATION + application_write_idx, data->data, 4, 0);
      |                                                                               ~~~~^~~~~~
      |                                                                                   |
      |                                                                                   uint8_t * {aka unsigned char *}
In file included from ../Core/Src/main.c:27:
../Core/Inc/OTA.h:35:54: note: expected 'uint32_t *' {aka 'long unsigned int *'} but argument is of type 'uint8_t *' {aka 'unsigned char *'}
   35 | uint32_t Write_Data(uint32_t StartAddress, uint32_t *Data, uint16_t WordSize,
      |                                            ~~~~~~~~~~^~~~
../Core/Src/main.c: At top level:
../Core/Src/main.c:393:6: warning: conflicting types for 'send_response'; have 'void(uint8_t)' {aka 'void(unsigned char)'}
  393 | void send_response(uint8_t is_success) {
      |      ^~~~~~~~~~~~~
../Core/Src/main.c:113:17: note: previous implicit declaration of 'send_response' with type 'void(uint8_t)' {aka 'void(unsigned char)'}
  113 |                 send_response(OTA_ACK);
      |                 ^~~~~~~~~~~~~
../Core/Src/main.c: In function 'send_response':
../Core/Src/main.c:403:36: warning: passing argument 2 of 'HAL_UART_Transmit' from incompatible pointer type [-Wincompatible-pointer-types]
  403 |         HAL_UART_Transmit(&huart3, &response, 8, HAL_MAX_DELAY);
      |                                    ^~~~~~~~~
      |                                    |
      |                                    OTA_RESP_ *
In file included from ../Core/Inc/stm32f1xx_hal_conf.h:338,
                 from ../Drivers/STM32F1xx_HAL_Driver/Inc/stm32f1xx_hal.h:29,
                 from ../Core/Inc/main.h:30,
                 from ../Core/Src/main.c:20:
../Drivers/STM32F1xx_HAL_Driver/Inc/stm32f1xx_hal_uart.h:749:79: note: expected 'const uint8_t *' {aka 'const unsigned char *'} but argument is of type 'OTA_RESP_ *'
  749 | HAL_StatusTypeDef HAL_UART_Transmit(UART_HandleTypeDef *huart, const uint8_t *pData, uint16_t Size, uint32_t Timeout);
      |                                                                ~~~~~~~~~~~~~~~^~~~~
arm-none-eabi-gcc -o "BootLoader_CNT_version.elf" @"objects.list"   -mcpu=cortex-m3 -T"D:\Projects\L2Gen2\L2Gen2_Cnt_FW\BootLoader_CNT_version\STM32F103R8TX_FLASH.ld" --specs=nosys.specs -Wl,-Map="BootLoader_CNT_version.map" -Wl,--gc-sections -static --specs=nano.specs -mfloat-abi=soft -mthumb -Wl,--start-group -lc -lm -Wl,--end-group
Finished building target: BootLoader_CNT_version.elf
 
arm-none-eabi-size  BootLoader_CNT_version.elf 
arm-none-eabi-objdump -h -S BootLoader_CNT_version.elf  > "BootLoader_CNT_version.list"
arm-none-eabi-objcopy  -O binary BootLoader_CNT_version.elf  "BootLoader_CNT_version.bin"
   text	   data	    bss	    dec	    hex	filename
   9428	    108	   2128	  11664	   2d90	BootLoader_CNT_version.elf
Finished building: default.size.stdout
 
Finished building: BootLoader_CNT_version.bin
 
Finished building: BootLoader_CNT_version.list
 
15:01:11 **** Incremental Build of configuration Debug for project BootLoader_CNT_version ****
make -j8 all 
arm-none-eabi-gcc "../Core/Src/main.c" -mcpu=cortex-m3 -std=gnu11 -g3 -DDEBUG -DUSE_HAL_DRIVER -DSTM32F103xB -c -I../Core/Inc -I../Drivers/STM32F1xx_HAL_Driver/Inc/Legacy -I../Drivers/STM32F1xx_HAL_Driver/Inc -I../Drivers/CMSIS/Device/ST/STM32F1xx/Include -I../Drivers/CMSIS/Include -Os -ffunction-sections -fdata-sections -Wall -fstack-usage -fcyclomatic-complexity -MMD -MP -MF"Core/Src/main.d" -MT"Core/Src/main.o" --specs=nano.specs -mfloat-abi=soft -mthumb -o "Core/Src/main.o"
../Core/Src/main.c: In function 'main':
../Core/Src/main.c:113:17: warning: implicit declaration of function 'send_response' [-Wimplicit-function-declaration]
  113 |                 send_response(OTA_ACK);
      |                 ^~~~~~~~~~~~~
../Core/Src/main.c: In function 'HAL_UART_RxCpltCallback':
../Core/Src/main.c:284:33: warning: implicit declaration of function 'frame_Handle' [-Wimplicit-function-declaration]
  284 |                                 frame_Handle(Rx_Dataframe);
      |                                 ^~~~~~~~~~~~
../Core/Src/main.c: At top level:
../Core/Src/main.c:299:6: warning: conflicting types for 'frame_Handle'; have 'void(uint8_t *)' {aka 'void(unsigned char *)'}
  299 | void frame_Handle(uint8_t *Frame) {
      |      ^~~~~~~~~~~~
../Core/Src/main.c:284:33: note: previous implicit declaration of 'frame_Handle' with type 'void(uint8_t *)' {aka 'void(unsigned char *)'}
  284 |                                 frame_Handle(Rx_Dataframe);
      |                                 ^~~~~~~~~~~~
../Core/Src/main.c: In function 'frame_Handle':
../Core/Src/main.c:354:83: warning: passing argument 2 of 'Write_Data' from incompatible pointer type [-Wincompatible-pointer-types]
  354 |                                 APPLICATION_LOCATION + application_write_idx, data->data, 4, 0);
      |                                                                               ~~~~^~~~~~
      |                                                                                   |
      |                                                                                   uint8_t * {aka unsigned char *}
In file included from ../Core/Src/main.c:27:
../Core/Inc/OTA.h:35:54: note: expected 'uint32_t *' {aka 'long unsigned int *'} but argument is of type 'uint8_t *' {aka 'unsigned char *'}
   35 | uint32_t Write_Data(uint32_t StartAddress, uint32_t *Data, uint16_t WordSize,
      |                                            ~~~~~~~~~~^~~~
../Core/Src/main.c: At top level:
../Core/Src/main.c:393:6: warning: conflicting types for 'send_response'; have 'void(uint8_t)' {aka 'void(unsigned char)'}
  393 | void send_response(uint8_t is_success) {
      |      ^~~~~~~~~~~~~
../Core/Src/main.c:113:17: note: previous implicit declaration of 'send_response' with type 'void(uint8_t)' {aka 'void(unsigned char)'}
  113 |                 send_response(OTA_ACK);
      |                 ^~~~~~~~~~~~~
../Core/Src/main.c: In function 'send_response':
../Core/Src/main.c:403:36: warning: passing argument 2 of 'HAL_UART_Transmit' from incompatible pointer type [-Wincompatible-pointer-types]
  403 |         HAL_UART_Transmit(&huart3, &response, 8, HAL_MAX_DELAY);
      |                                    ^~~~~~~~~
      |                                    |
      |                                    OTA_RESP_ *
In file included from ../Core/Inc/stm32f1xx_hal_conf.h:338,
                 from ../Drivers/STM32F1xx_HAL_Driver/Inc/stm32f1xx_hal.h:29,
                 from ../Core/Inc/main.h:30,
                 from ../Core/Src/main.c:20:
../Drivers/STM32F1xx_HAL_Driver/Inc/stm32f1xx_hal_uart.h:749:79: note: expected 'const uint8_t *' {aka 'const unsigned char *'} but argument is of type 'OTA_RESP_ *'
  749 | HAL_StatusTypeDef HAL_UART_Transmit(UART_HandleTypeDef *huart, const uint8_t *pData, uint16_t Size, uint32_t Timeout);
      |                                                                ~~~~~~~~~~~~~~~^~~~~
arm-none-eabi-gcc -o "BootLoader_CNT_version.elf" @"objects.list"   -mcpu=cortex-m3 -T"D:\Projects\L2Gen2\L2Gen2_Cnt_FW\BootLoader_CNT_version\STM32F103R8TX_FLASH.ld" --specs=nosys.specs -Wl,-Map="BootLoader_CNT_version.map" -Wl,--gc-sections -static --specs=nano.specs -mfloat-abi=soft -mthumb -Wl,--start-group -lc -lm -Wl,--end-group
Finished building target: BootLoader_CNT_version.elf
 
arm-none-eabi-size  BootLoader_CNT_version.elf 
arm-none-eabi-objdump -h -S BootLoader_CNT_version.elf  > "BootLoader_CNT_version.list"
arm-none-eabi-objcopy  -O binary BootLoader_CNT_version.elf  "BootLoader_CNT_version.bin"
   text	   data	    bss	    dec	    hex	filename
   9424	    108	   2128	  11660	   2d8c	BootLoader_CNT_version.elf
Finished building: default.size.stdout
 
Finished building: BootLoader_CNT_version.bin
 
Finished building: BootLoader_CNT_version.list
 
15:02:35 **** Incremental Build of configuration Debug for project BootLoader_CNT_version ****
make -j8 all 
arm-none-eabi-gcc "../Core/Src/main.c" -mcpu=cortex-m3 -std=gnu11 -g3 -DDEBUG -DUSE_HAL_DRIVER -DSTM32F103xB -c -I../Core/Inc -I../Drivers/STM32F1xx_HAL_Driver/Inc/Legacy -I../Drivers/STM32F1xx_HAL_Driver/Inc -I../Drivers/CMSIS/Device/ST/STM32F1xx/Include -I../Drivers/CMSIS/Include -Os -ffunction-sections -fdata-sections -Wall -fstack-usage -fcyclomatic-complexity -MMD -MP -MF"Core/Src/main.d" -MT"Core/Src/main.o" --specs=nano.specs -mfloat-abi=soft -mthumb -o "Core/Src/main.o"
../Core/Src/main.c: In function 'main':
../Core/Src/main.c:113:17: warning: implicit declaration of function 'send_response' [-Wimplicit-function-declaration]
  113 |                 send_response(OTA_ACK);
      |                 ^~~~~~~~~~~~~
../Core/Src/main.c: In function 'HAL_UART_RxCpltCallback':
../Core/Src/main.c:286:33: warning: implicit declaration of function 'frame_Handle' [-Wimplicit-function-declaration]
  286 |                                 frame_Handle(Rx_Dataframe);
      |                                 ^~~~~~~~~~~~
../Core/Src/main.c: At top level:
../Core/Src/main.c:301:6: warning: conflicting types for 'frame_Handle'; have 'void(uint8_t *)' {aka 'void(unsigned char *)'}
  301 | void frame_Handle(uint8_t *Frame) {
      |      ^~~~~~~~~~~~
../Core/Src/main.c:286:33: note: previous implicit declaration of 'frame_Handle' with type 'void(uint8_t *)' {aka 'void(unsigned char *)'}
  286 |                                 frame_Handle(Rx_Dataframe);
      |                                 ^~~~~~~~~~~~
../Core/Src/main.c: In function 'frame_Handle':
../Core/Src/main.c:356:83: warning: passing argument 2 of 'Write_Data' from incompatible pointer type [-Wincompatible-pointer-types]
  356 |                                 APPLICATION_LOCATION + application_write_idx, data->data, 4, 0);
      |                                                                               ~~~~^~~~~~
      |                                                                                   |
      |                                                                                   uint8_t * {aka unsigned char *}
In file included from ../Core/Src/main.c:27:
../Core/Inc/OTA.h:35:54: note: expected 'uint32_t *' {aka 'long unsigned int *'} but argument is of type 'uint8_t *' {aka 'unsigned char *'}
   35 | uint32_t Write_Data(uint32_t StartAddress, uint32_t *Data, uint16_t WordSize,
      |                                            ~~~~~~~~~~^~~~
../Core/Src/main.c: At top level:
../Core/Src/main.c:395:6: warning: conflicting types for 'send_response'; have 'void(uint8_t)' {aka 'void(unsigned char)'}
  395 | void send_response(uint8_t is_success) {
      |      ^~~~~~~~~~~~~
../Core/Src/main.c:113:17: note: previous implicit declaration of 'send_response' with type 'void(uint8_t)' {aka 'void(unsigned char)'}
  113 |                 send_response(OTA_ACK);
      |                 ^~~~~~~~~~~~~
../Core/Src/main.c: In function 'send_response':
../Core/Src/main.c:405:36: warning: passing argument 2 of 'HAL_UART_Transmit' from incompatible pointer type [-Wincompatible-pointer-types]
  405 |         HAL_UART_Transmit(&huart3, &response, 8, HAL_MAX_DELAY);
      |                                    ^~~~~~~~~
      |                                    |
      |                                    OTA_RESP_ *
In file included from ../Core/Inc/stm32f1xx_hal_conf.h:338,
                 from ../Drivers/STM32F1xx_HAL_Driver/Inc/stm32f1xx_hal.h:29,
                 from ../Core/Inc/main.h:30,
                 from ../Core/Src/main.c:20:
../Drivers/STM32F1xx_HAL_Driver/Inc/stm32f1xx_hal_uart.h:749:79: note: expected 'const uint8_t *' {aka 'const unsigned char *'} but argument is of type 'OTA_RESP_ *'
  749 | HAL_StatusTypeDef HAL_UART_Transmit(UART_HandleTypeDef *huart, const uint8_t *pData, uint16_t Size, uint32_t Timeout);
      |                                                                ~~~~~~~~~~~~~~~^~~~~
arm-none-eabi-gcc -o "BootLoader_CNT_version.elf" @"objects.list"   -mcpu=cortex-m3 -T"D:\Projects\L2Gen2\L2Gen2_Cnt_FW\BootLoader_CNT_version\STM32F103R8TX_FLASH.ld" --specs=nosys.specs -Wl,-Map="BootLoader_CNT_version.map" -Wl,--gc-sections -static --specs=nano.specs -mfloat-abi=soft -mthumb -Wl,--start-group -lc -lm -Wl,--end-group
Finished building target: BootLoader_CNT_version.elf
 
arm-none-eabi-size  BootLoader_CNT_version.elf 
arm-none-eabi-objdump -h -S BootLoader_CNT_version.elf  > "BootLoader_CNT_version.list"
arm-none-eabi-objcopy  -O binary BootLoader_CNT_version.elf  "BootLoader_CNT_version.bin"
   text	   data	    bss	    dec	    hex	filename
   9424	    108	   2128	  11660	   2d8c	BootLoader_CNT_version.elf
Finished building: default.size.stdout
 
Finished building: BootLoader_CNT_version.bin
 
Finished building: BootLoader_CNT_version.list
 
15:03:31 **** Incremental Build of configuration Debug for project BootLoader_CNT_version ****
make -j8 all 
arm-none-eabi-size  BootLoader_CNT_version.elf 
   text	   data	    bss	    dec	    hex	filename
   9424	    108	   2128	  11660	   2d8c	BootLoader_CNT_version.elf
Finished building: default.size.stdout
 
15:04:09 **** Incremental Build of configuration Debug for project BootLoader_CNT_version ****
make -j8 all 
arm-none-eabi-size  BootLoader_CNT_version.elf 
   text	   data	    bss	    dec	    hex	filename
   9424	    108	   2128	  11660	   2d8c	BootLoader_CNT_version.elf
Finished building: default.size.stdout
 
15:04:42 **** Incremental Build of configuration Debug for project BootLoader_CNT_version ****
make -j8 all 
arm-none-eabi-size  BootLoader_CNT_version.elf 
   text	   data	    bss	    dec	    hex	filename
   9424	    108	   2128	  11660	   2d8c	BootLoader_CNT_version.elf
Finished building: default.size.stdout
 
15:15:03 **** Incremental Build of configuration Debug for project BootLoader_CNT_version ****
make -j8 all 
arm-none-eabi-gcc "../Core/Src/main.c" -mcpu=cortex-m3 -std=gnu11 -g3 -DDEBUG -DUSE_HAL_DRIVER -DSTM32F103xB -c -I../Core/Inc -I../Drivers/STM32F1xx_HAL_Driver/Inc/Legacy -I../Drivers/STM32F1xx_HAL_Driver/Inc -I../Drivers/CMSIS/Device/ST/STM32F1xx/Include -I../Drivers/CMSIS/Include -Os -ffunction-sections -fdata-sections -Wall -fstack-usage -fcyclomatic-complexity -MMD -MP -MF"Core/Src/main.d" -MT"Core/Src/main.o" --specs=nano.specs -mfloat-abi=soft -mthumb -o "Core/Src/main.o"
../Core/Src/main.c: In function 'main':
../Core/Src/main.c:113:17: warning: implicit declaration of function 'send_response' [-Wimplicit-function-declaration]
  113 |                 send_response(OTA_ACK);
      |                 ^~~~~~~~~~~~~
../Core/Src/main.c: In function 'HAL_UART_RxCpltCallback':
../Core/Src/main.c:285:33: warning: implicit declaration of function 'frame_Handle' [-Wimplicit-function-declaration]
  285 |                                 frame_Handle(Rx_Dataframe);
      |                                 ^~~~~~~~~~~~
../Core/Src/main.c: At top level:
../Core/Src/main.c:300:6: warning: conflicting types for 'frame_Handle'; have 'void(uint8_t *)' {aka 'void(unsigned char *)'}
  300 | void frame_Handle(uint8_t *Frame) {
      |      ^~~~~~~~~~~~
../Core/Src/main.c:285:33: note: previous implicit declaration of 'frame_Handle' with type 'void(uint8_t *)' {aka 'void(unsigned char *)'}
  285 |                                 frame_Handle(Rx_Dataframe);
      |                                 ^~~~~~~~~~~~
../Core/Src/main.c: In function 'frame_Handle':
../Core/Src/main.c:355:83: warning: passing argument 2 of 'Write_Data' from incompatible pointer type [-Wincompatible-pointer-types]
  355 |                                 APPLICATION_LOCATION + application_write_idx, data->data, 4, 0);
      |                                                                               ~~~~^~~~~~
      |                                                                                   |
      |                                                                                   uint8_t * {aka unsigned char *}
In file included from ../Core/Src/main.c:27:
../Core/Inc/OTA.h:35:54: note: expected 'uint32_t *' {aka 'long unsigned int *'} but argument is of type 'uint8_t *' {aka 'unsigned char *'}
   35 | uint32_t Write_Data(uint32_t StartAddress, uint32_t *Data, uint16_t WordSize,
      |                                            ~~~~~~~~~~^~~~
../Core/Src/main.c: At top level:
../Core/Src/main.c:394:6: warning: conflicting types for 'send_response'; have 'void(uint8_t)' {aka 'void(unsigned char)'}
  394 | void send_response(uint8_t is_success) {
      |      ^~~~~~~~~~~~~
../Core/Src/main.c:113:17: note: previous implicit declaration of 'send_response' with type 'void(uint8_t)' {aka 'void(unsigned char)'}
  113 |                 send_response(OTA_ACK);
      |                 ^~~~~~~~~~~~~
../Core/Src/main.c: In function 'send_response':
../Core/Src/main.c:404:36: warning: passing argument 2 of 'HAL_UART_Transmit' from incompatible pointer type [-Wincompatible-pointer-types]
  404 |         HAL_UART_Transmit(&huart3, &response, 8, HAL_MAX_DELAY);
      |                                    ^~~~~~~~~
      |                                    |
      |                                    OTA_RESP_ *
In file included from ../Core/Inc/stm32f1xx_hal_conf.h:338,
                 from ../Drivers/STM32F1xx_HAL_Driver/Inc/stm32f1xx_hal.h:29,
                 from ../Core/Inc/main.h:30,
                 from ../Core/Src/main.c:20:
../Drivers/STM32F1xx_HAL_Driver/Inc/stm32f1xx_hal_uart.h:749:79: note: expected 'const uint8_t *' {aka 'const unsigned char *'} but argument is of type 'OTA_RESP_ *'
  749 | HAL_StatusTypeDef HAL_UART_Transmit(UART_HandleTypeDef *huart, const uint8_t *pData, uint16_t Size, uint32_t Timeout);
      |                                                                ~~~~~~~~~~~~~~~^~~~~
arm-none-eabi-gcc -o "BootLoader_CNT_version.elf" @"objects.list"   -mcpu=cortex-m3 -T"D:\Projects\L2Gen2\L2Gen2_Cnt_FW\BootLoader_CNT_version\STM32F103R8TX_FLASH.ld" --specs=nosys.specs -Wl,-Map="BootLoader_CNT_version.map" -Wl,--gc-sections -static --specs=nano.specs -mfloat-abi=soft -mthumb -Wl,--start-group -lc -lm -Wl,--end-group
Finished building target: BootLoader_CNT_version.elf
 
arm-none-eabi-size  BootLoader_CNT_version.elf 
arm-none-eabi-objdump -h -S BootLoader_CNT_version.elf  > "BootLoader_CNT_version.list"
arm-none-eabi-objcopy  -O binary BootLoader_CNT_version.elf  "BootLoader_CNT_version.bin"
   text	   data	    bss	    dec	    hex	filename
   9412	    108	   2128	  11648	   2d80	BootLoader_CNT_version.elf
Finished building: default.size.stdout
 
Finished building: BootLoader_CNT_version.bin
 
Finished building: BootLoader_CNT_version.list
 
15:17:05 **** Incremental Build of configuration Debug for project BootLoader_CNT_version ****
make -j8 all 
arm-none-eabi-gcc "../Core/Src/main.c" -mcpu=cortex-m3 -std=gnu11 -g3 -DDEBUG -DUSE_HAL_DRIVER -DSTM32F103xB -c -I../Core/Inc -I../Drivers/STM32F1xx_HAL_Driver/Inc/Legacy -I../Drivers/STM32F1xx_HAL_Driver/Inc -I../Drivers/CMSIS/Device/ST/STM32F1xx/Include -I../Drivers/CMSIS/Include -Os -ffunction-sections -fdata-sections -Wall -fstack-usage -fcyclomatic-complexity -MMD -MP -MF"Core/Src/main.d" -MT"Core/Src/main.o" --specs=nano.specs -mfloat-abi=soft -mthumb -o "Core/Src/main.o"
../Core/Src/main.c: In function 'main':
../Core/Src/main.c:113:17: warning: implicit declaration of function 'send_response' [-Wimplicit-function-declaration]
  113 |                 send_response(OTA_ACK);
      |                 ^~~~~~~~~~~~~
../Core/Src/main.c: In function 'HAL_UART_RxCpltCallback':
../Core/Src/main.c:285:33: warning: implicit declaration of function 'frame_Handle' [-Wimplicit-function-declaration]
  285 |                                 frame_Handle(Rx_Dataframe);
      |                                 ^~~~~~~~~~~~
../Core/Src/main.c: At top level:
../Core/Src/main.c:300:6: warning: conflicting types for 'frame_Handle'; have 'void(uint8_t *)' {aka 'void(unsigned char *)'}
  300 | void frame_Handle(uint8_t *Frame) {
      |      ^~~~~~~~~~~~
../Core/Src/main.c:285:33: note: previous implicit declaration of 'frame_Handle' with type 'void(uint8_t *)' {aka 'void(unsigned char *)'}
  285 |                                 frame_Handle(Rx_Dataframe);
      |                                 ^~~~~~~~~~~~
../Core/Src/main.c: In function 'frame_Handle':
../Core/Src/main.c:355:83: warning: passing argument 2 of 'Write_Data' from incompatible pointer type [-Wincompatible-pointer-types]
  355 |                                 APPLICATION_LOCATION + application_write_idx, data->data, 4, 0);
      |                                                                               ~~~~^~~~~~
      |                                                                                   |
      |                                                                                   uint8_t * {aka unsigned char *}
In file included from ../Core/Src/main.c:27:
../Core/Inc/OTA.h:35:54: note: expected 'uint32_t *' {aka 'long unsigned int *'} but argument is of type 'uint8_t *' {aka 'unsigned char *'}
   35 | uint32_t Write_Data(uint32_t StartAddress, uint32_t *Data, uint16_t WordSize,
      |                                            ~~~~~~~~~~^~~~
../Core/Src/main.c: At top level:
../Core/Src/main.c:394:6: warning: conflicting types for 'send_response'; have 'void(uint8_t)' {aka 'void(unsigned char)'}
  394 | void send_response(uint8_t is_success) {
      |      ^~~~~~~~~~~~~
../Core/Src/main.c:113:17: note: previous implicit declaration of 'send_response' with type 'void(uint8_t)' {aka 'void(unsigned char)'}
  113 |                 send_response(OTA_ACK);
      |                 ^~~~~~~~~~~~~
../Core/Src/main.c: In function 'send_response':
../Core/Src/main.c:404:36: warning: passing argument 2 of 'HAL_UART_Transmit' from incompatible pointer type [-Wincompatible-pointer-types]
  404 |         HAL_UART_Transmit(&huart3, &response, 8, HAL_MAX_DELAY);
      |                                    ^~~~~~~~~
      |                                    |
      |                                    OTA_RESP_ *
In file included from ../Core/Inc/stm32f1xx_hal_conf.h:338,
                 from ../Drivers/STM32F1xx_HAL_Driver/Inc/stm32f1xx_hal.h:29,
                 from ../Core/Inc/main.h:30,
                 from ../Core/Src/main.c:20:
../Drivers/STM32F1xx_HAL_Driver/Inc/stm32f1xx_hal_uart.h:749:79: note: expected 'const uint8_t *' {aka 'const unsigned char *'} but argument is of type 'OTA_RESP_ *'
  749 | HAL_StatusTypeDef HAL_UART_Transmit(UART_HandleTypeDef *huart, const uint8_t *pData, uint16_t Size, uint32_t Timeout);
      |                                                                ~~~~~~~~~~~~~~~^~~~~
arm-none-eabi-gcc -o "BootLoader_CNT_version.elf" @"objects.list"   -mcpu=cortex-m3 -T"D:\Projects\L2Gen2\L2Gen2_Cnt_FW\BootLoader_CNT_version\STM32F103R8TX_FLASH.ld" --specs=nosys.specs -Wl,-Map="BootLoader_CNT_version.map" -Wl,--gc-sections -static --specs=nano.specs -mfloat-abi=soft -mthumb -Wl,--start-group -lc -lm -Wl,--end-group
Finished building target: BootLoader_CNT_version.elf
 
arm-none-eabi-size  BootLoader_CNT_version.elf 
arm-none-eabi-objdump -h -S BootLoader_CNT_version.elf  > "BootLoader_CNT_version.list"
arm-none-eabi-objcopy  -O binary BootLoader_CNT_version.elf  "BootLoader_CNT_version.bin"
   text	   data	    bss	    dec	    hex	filename
   9408	    108	   2128	  11644	   2d7c	BootLoader_CNT_version.elf
Finished building: default.size.stdout
 
Finished building: BootLoader_CNT_version.bin
 
Finished building: BootLoader_CNT_version.list
 
15:17:41 **** Incremental Build of configuration Debug for project BootLoader_CNT_version ****
make -j8 all 
arm-none-eabi-size  BootLoader_CNT_version.elf 
   text	   data	    bss	    dec	    hex	filename
   9408	    108	   2128	  11644	   2d7c	BootLoader_CNT_version.elf
Finished building: default.size.stdout
 
15:18:08 **** Incremental Build of configuration Debug for project BootLoader_CNT_version ****
make -j8 all 
arm-none-eabi-size  BootLoader_CNT_version.elf 
   text	   data	    bss	    dec	    hex	filename
   9408	    108	   2128	  11644	   2d7c	BootLoader_CNT_version.elf
Finished building: default.size.stdout
 
15:18:54 **** Incremental Build of configuration Debug for project BootLoader_CNT_version ****
make -j8 all 
arm-none-eabi-gcc "../Core/Src/main.c" -mcpu=cortex-m3 -std=gnu11 -g3 -DDEBUG -DUSE_HAL_DRIVER -DSTM32F103xB -c -I../Core/Inc -I../Drivers/STM32F1xx_HAL_Driver/Inc/Legacy -I../Drivers/STM32F1xx_HAL_Driver/Inc -I../Drivers/CMSIS/Device/ST/STM32F1xx/Include -I../Drivers/CMSIS/Include -Os -ffunction-sections -fdata-sections -Wall -fstack-usage -fcyclomatic-complexity -MMD -MP -MF"Core/Src/main.d" -MT"Core/Src/main.o" --specs=nano.specs -mfloat-abi=soft -mthumb -o "Core/Src/main.o"
../Core/Src/main.c: In function 'main':
../Core/Src/main.c:113:17: warning: implicit declaration of function 'send_response' [-Wimplicit-function-declaration]
  113 |                 send_response(OTA_ACK);
      |                 ^~~~~~~~~~~~~
../Core/Src/main.c: In function 'HAL_UART_RxCpltCallback':
../Core/Src/main.c:285:33: warning: implicit declaration of function 'frame_Handle' [-Wimplicit-function-declaration]
  285 |                                 frame_Handle(Rx_Dataframe);
      |                                 ^~~~~~~~~~~~
../Core/Src/main.c: At top level:
../Core/Src/main.c:300:6: warning: conflicting types for 'frame_Handle'; have 'void(uint8_t *)' {aka 'void(unsigned char *)'}
  300 | void frame_Handle(uint8_t *Frame) {
      |      ^~~~~~~~~~~~
../Core/Src/main.c:285:33: note: previous implicit declaration of 'frame_Handle' with type 'void(uint8_t *)' {aka 'void(unsigned char *)'}
  285 |                                 frame_Handle(Rx_Dataframe);
      |                                 ^~~~~~~~~~~~
../Core/Src/main.c: In function 'frame_Handle':
../Core/Src/main.c:355:83: warning: passing argument 2 of 'Write_Data' from incompatible pointer type [-Wincompatible-pointer-types]
  355 |                                 APPLICATION_LOCATION + application_write_idx, data->data, 4, 0);
      |                                                                               ~~~~^~~~~~
      |                                                                                   |
      |                                                                                   uint8_t * {aka unsigned char *}
In file included from ../Core/Src/main.c:27:
../Core/Inc/OTA.h:35:54: note: expected 'uint32_t *' {aka 'long unsigned int *'} but argument is of type 'uint8_t *' {aka 'unsigned char *'}
   35 | uint32_t Write_Data(uint32_t StartAddress, uint32_t *Data, uint16_t WordSize,
      |                                            ~~~~~~~~~~^~~~
../Core/Src/main.c: At top level:
../Core/Src/main.c:394:6: warning: conflicting types for 'send_response'; have 'void(uint8_t)' {aka 'void(unsigned char)'}
  394 | void send_response(uint8_t is_success) {
      |      ^~~~~~~~~~~~~
../Core/Src/main.c:113:17: note: previous implicit declaration of 'send_response' with type 'void(uint8_t)' {aka 'void(unsigned char)'}
  113 |                 send_response(OTA_ACK);
      |                 ^~~~~~~~~~~~~
../Core/Src/main.c: In function 'send_response':
../Core/Src/main.c:404:36: warning: passing argument 2 of 'HAL_UART_Transmit' from incompatible pointer type [-Wincompatible-pointer-types]
  404 |         HAL_UART_Transmit(&huart3, &response, 8, HAL_MAX_DELAY);
      |                                    ^~~~~~~~~
      |                                    |
      |                                    OTA_RESP_ *
In file included from ../Core/Inc/stm32f1xx_hal_conf.h:338,
                 from ../Drivers/STM32F1xx_HAL_Driver/Inc/stm32f1xx_hal.h:29,
                 from ../Core/Inc/main.h:30,
                 from ../Core/Src/main.c:20:
../Drivers/STM32F1xx_HAL_Driver/Inc/stm32f1xx_hal_uart.h:749:79: note: expected 'const uint8_t *' {aka 'const unsigned char *'} but argument is of type 'OTA_RESP_ *'
  749 | HAL_StatusTypeDef HAL_UART_Transmit(UART_HandleTypeDef *huart, const uint8_t *pData, uint16_t Size, uint32_t Timeout);
      |                                                                ~~~~~~~~~~~~~~~^~~~~
arm-none-eabi-gcc -o "BootLoader_CNT_version.elf" @"objects.list"   -mcpu=cortex-m3 -T"D:\Projects\L2Gen2\L2Gen2_Cnt_FW\BootLoader_CNT_version\STM32F103R8TX_FLASH.ld" --specs=nosys.specs -Wl,-Map="BootLoader_CNT_version.map" -Wl,--gc-sections -static --specs=nano.specs -mfloat-abi=soft -mthumb -Wl,--start-group -lc -lm -Wl,--end-group
Finished building target: BootLoader_CNT_version.elf
 
arm-none-eabi-size  BootLoader_CNT_version.elf 
arm-none-eabi-objdump -h -S BootLoader_CNT_version.elf  > "BootLoader_CNT_version.list"
arm-none-eabi-objcopy  -O binary BootLoader_CNT_version.elf  "BootLoader_CNT_version.bin"
   text	   data	    bss	    dec	    hex	filename
   9408	    108	   2128	  11644	   2d7c	BootLoader_CNT_version.elf
Finished building: default.size.stdout
 
Finished building: BootLoader_CNT_version.bin
Finished building: BootLoader_CNT_version.list
 
 
15:20:48 **** Incremental Build of configuration Debug for project BootLoader_CNT_version ****
make -j8 all 
arm-none-eabi-size  BootLoader_CNT_version.elf 
   text	   data	    bss	    dec	    hex	filename
   9408	    108	   2128	  11644	   2d7c	BootLoader_CNT_version.elf
Finished building: default.size.stdout
 
15:22:08 **** Incremental Build of configuration Debug for project BootLoader_CNT_version ****
make -j8 all 
arm-none-eabi-size  BootLoader_CNT_version.elf 
   text	   data	    bss	    dec	    hex	filename
   9408	    108	   2128	  11644	   2d7c	BootLoader_CNT_version.elf
Finished building: default.size.stdout
 
15:22:42 **** Incremental Build of configuration Debug for project BootLoader_CNT_version ****
make -j8 all 
arm-none-eabi-size  BootLoader_CNT_version.elf 
   text	   data	    bss	    dec	    hex	filename
   9408	    108	   2128	  11644	   2d7c	BootLoader_CNT_version.elf
Finished building: default.size.stdout
 
15:23:59 **** Incremental Build of configuration Debug for project BootLoader_CNT_version ****
make -j8 all 
arm-none-eabi-gcc "../Core/Src/main.c" -mcpu=cortex-m3 -std=gnu11 -g3 -DDEBUG -DUSE_HAL_DRIVER -DSTM32F103xB -c -I../Core/Inc -I../Drivers/STM32F1xx_HAL_Driver/Inc/Legacy -I../Drivers/STM32F1xx_HAL_Driver/Inc -I../Drivers/CMSIS/Device/ST/STM32F1xx/Include -I../Drivers/CMSIS/Include -Os -ffunction-sections -fdata-sections -Wall -fstack-usage -fcyclomatic-complexity -MMD -MP -MF"Core/Src/main.d" -MT"Core/Src/main.o" --specs=nano.specs -mfloat-abi=soft -mthumb -o "Core/Src/main.o"
../Core/Src/main.c: In function 'main':
../Core/Src/main.c:114:17: warning: implicit declaration of function 'send_response' [-Wimplicit-function-declaration]
  114 |                 send_response(OTA_ACK);
      |                 ^~~~~~~~~~~~~
../Core/Src/main.c: In function 'HAL_UART_RxCpltCallback':
../Core/Src/main.c:287:33: warning: implicit declaration of function 'frame_Handle' [-Wimplicit-function-declaration]
  287 |                                 frame_Handle(Rx_Dataframe);
      |                                 ^~~~~~~~~~~~
../Core/Src/main.c: At top level:
../Core/Src/main.c:302:6: warning: conflicting types for 'frame_Handle'; have 'void(uint8_t *)' {aka 'void(unsigned char *)'}
  302 | void frame_Handle(uint8_t *Frame) {
      |      ^~~~~~~~~~~~
../Core/Src/main.c:287:33: note: previous implicit declaration of 'frame_Handle' with type 'void(uint8_t *)' {aka 'void(unsigned char *)'}
  287 |                                 frame_Handle(Rx_Dataframe);
      |                                 ^~~~~~~~~~~~
../Core/Src/main.c: In function 'frame_Handle':
../Core/Src/main.c:357:83: warning: passing argument 2 of 'Write_Data' from incompatible pointer type [-Wincompatible-pointer-types]
  357 |                                 APPLICATION_LOCATION + application_write_idx, data->data, 4, 0);
      |                                                                               ~~~~^~~~~~
      |                                                                                   |
      |                                                                                   uint8_t * {aka unsigned char *}
In file included from ../Core/Src/main.c:27:
../Core/Inc/OTA.h:35:54: note: expected 'uint32_t *' {aka 'long unsigned int *'} but argument is of type 'uint8_t *' {aka 'unsigned char *'}
   35 | uint32_t Write_Data(uint32_t StartAddress, uint32_t *Data, uint16_t WordSize,
      |                                            ~~~~~~~~~~^~~~
../Core/Src/main.c: At top level:
../Core/Src/main.c:396:6: warning: conflicting types for 'send_response'; have 'void(uint8_t)' {aka 'void(unsigned char)'}
  396 | void send_response(uint8_t is_success) {
      |      ^~~~~~~~~~~~~
../Core/Src/main.c:114:17: note: previous implicit declaration of 'send_response' with type 'void(uint8_t)' {aka 'void(unsigned char)'}
  114 |                 send_response(OTA_ACK);
      |                 ^~~~~~~~~~~~~
../Core/Src/main.c: In function 'send_response':
../Core/Src/main.c:406:36: warning: passing argument 2 of 'HAL_UART_Transmit' from incompatible pointer type [-Wincompatible-pointer-types]
  406 |         HAL_UART_Transmit(&huart3, &response, 8, HAL_MAX_DELAY);
      |                                    ^~~~~~~~~
      |                                    |
      |                                    OTA_RESP_ *
In file included from ../Core/Inc/stm32f1xx_hal_conf.h:338,
                 from ../Drivers/STM32F1xx_HAL_Driver/Inc/stm32f1xx_hal.h:29,
                 from ../Core/Inc/main.h:30,
                 from ../Core/Src/main.c:20:
../Drivers/STM32F1xx_HAL_Driver/Inc/stm32f1xx_hal_uart.h:749:79: note: expected 'const uint8_t *' {aka 'const unsigned char *'} but argument is of type 'OTA_RESP_ *'
  749 | HAL_StatusTypeDef HAL_UART_Transmit(UART_HandleTypeDef *huart, const uint8_t *pData, uint16_t Size, uint32_t Timeout);
      |                                                                ~~~~~~~~~~~~~~~^~~~~
arm-none-eabi-gcc -o "BootLoader_CNT_version.elf" @"objects.list"   -mcpu=cortex-m3 -T"D:\Projects\L2Gen2\L2Gen2_Cnt_FW\BootLoader_CNT_version\STM32F103R8TX_FLASH.ld" --specs=nosys.specs -Wl,-Map="BootLoader_CNT_version.map" -Wl,--gc-sections -static --specs=nano.specs -mfloat-abi=soft -mthumb -Wl,--start-group -lc -lm -Wl,--end-group
Finished building target: BootLoader_CNT_version.elf
 
arm-none-eabi-size  BootLoader_CNT_version.elf 
arm-none-eabi-objdump -h -S BootLoader_CNT_version.elf  > "BootLoader_CNT_version.list"
arm-none-eabi-objcopy  -O binary BootLoader_CNT_version.elf  "BootLoader_CNT_version.bin"
   text	   data	    bss	    dec	    hex	filename
   9408	    108	   2128	  11644	   2d7c	BootLoader_CNT_version.elf
Finished building: default.size.stdout
 
Finished building: BootLoader_CNT_version.bin
 
Finished building: BootLoader_CNT_version.list
 
15:25:40 **** Incremental Build of configuration Debug for project BootLoader_CNT_version ****
make -j8 all 
arm-none-eabi-gcc "../Core/Src/main.c" -mcpu=cortex-m3 -std=gnu11 -g3 -DDEBUG -DUSE_HAL_DRIVER -DSTM32F103xB -c -I../Core/Inc -I../Drivers/STM32F1xx_HAL_Driver/Inc/Legacy -I../Drivers/STM32F1xx_HAL_Driver/Inc -I../Drivers/CMSIS/Device/ST/STM32F1xx/Include -I../Drivers/CMSIS/Include -Os -ffunction-sections -fdata-sections -Wall -fstack-usage -fcyclomatic-complexity -MMD -MP -MF"Core/Src/main.d" -MT"Core/Src/main.o" --specs=nano.specs -mfloat-abi=soft -mthumb -o "Core/Src/main.o"
../Core/Src/main.c: In function 'main':
../Core/Src/main.c:114:17: warning: implicit declaration of function 'send_response' [-Wimplicit-function-declaration]
  114 |                 send_response(OTA_ACK);
      |                 ^~~~~~~~~~~~~
../Core/Src/main.c: In function 'HAL_UART_RxCpltCallback':
../Core/Src/main.c:286:33: warning: implicit declaration of function 'frame_Handle' [-Wimplicit-function-declaration]
  286 |                                 frame_Handle(Rx_Dataframe);
      |                                 ^~~~~~~~~~~~
../Core/Src/main.c: At top level:
../Core/Src/main.c:301:6: warning: conflicting types for 'frame_Handle'; have 'void(uint8_t *)' {aka 'void(unsigned char *)'}
  301 | void frame_Handle(uint8_t *Frame) {
      |      ^~~~~~~~~~~~
../Core/Src/main.c:286:33: note: previous implicit declaration of 'frame_Handle' with type 'void(uint8_t *)' {aka 'void(unsigned char *)'}
  286 |                                 frame_Handle(Rx_Dataframe);
      |                                 ^~~~~~~~~~~~
../Core/Src/main.c: In function 'frame_Handle':
../Core/Src/main.c:356:83: warning: passing argument 2 of 'Write_Data' from incompatible pointer type [-Wincompatible-pointer-types]
  356 |                                 APPLICATION_LOCATION + application_write_idx, data->data, 4, 0);
      |                                                                               ~~~~^~~~~~
      |                                                                                   |
      |                                                                                   uint8_t * {aka unsigned char *}
In file included from ../Core/Src/main.c:27:
../Core/Inc/OTA.h:35:54: note: expected 'uint32_t *' {aka 'long unsigned int *'} but argument is of type 'uint8_t *' {aka 'unsigned char *'}
   35 | uint32_t Write_Data(uint32_t StartAddress, uint32_t *Data, uint16_t WordSize,
      |                                            ~~~~~~~~~~^~~~
../Core/Src/main.c: At top level:
../Core/Src/main.c:395:6: warning: conflicting types for 'send_response'; have 'void(uint8_t)' {aka 'void(unsigned char)'}
  395 | void send_response(uint8_t is_success) {
      |      ^~~~~~~~~~~~~
../Core/Src/main.c:114:17: note: previous implicit declaration of 'send_response' with type 'void(uint8_t)' {aka 'void(unsigned char)'}
  114 |                 send_response(OTA_ACK);
      |                 ^~~~~~~~~~~~~
../Core/Src/main.c: In function 'send_response':
../Core/Src/main.c:405:36: warning: passing argument 2 of 'HAL_UART_Transmit' from incompatible pointer type [-Wincompatible-pointer-types]
  405 |         HAL_UART_Transmit(&huart3, &response, 8, HAL_MAX_DELAY);
      |                                    ^~~~~~~~~
      |                                    |
      |                                    OTA_RESP_ *
In file included from ../Core/Inc/stm32f1xx_hal_conf.h:338,
                 from ../Drivers/STM32F1xx_HAL_Driver/Inc/stm32f1xx_hal.h:29,
                 from ../Core/Inc/main.h:30,
                 from ../Core/Src/main.c:20:
../Drivers/STM32F1xx_HAL_Driver/Inc/stm32f1xx_hal_uart.h:749:79: note: expected 'const uint8_t *' {aka 'const unsigned char *'} but argument is of type 'OTA_RESP_ *'
  749 | HAL_StatusTypeDef HAL_UART_Transmit(UART_HandleTypeDef *huart, const uint8_t *pData, uint16_t Size, uint32_t Timeout);
      |                                                                ~~~~~~~~~~~~~~~^~~~~
arm-none-eabi-gcc -o "BootLoader_CNT_version.elf" @"objects.list"   -mcpu=cortex-m3 -T"D:\Projects\L2Gen2\L2Gen2_Cnt_FW\BootLoader_CNT_version\STM32F103R8TX_FLASH.ld" --specs=nosys.specs -Wl,-Map="BootLoader_CNT_version.map" -Wl,--gc-sections -static --specs=nano.specs -mfloat-abi=soft -mthumb -Wl,--start-group -lc -lm -Wl,--end-group
Finished building target: BootLoader_CNT_version.elf
 
arm-none-eabi-size  BootLoader_CNT_version.elf 
arm-none-eabi-objdump -h -S BootLoader_CNT_version.elf  > "BootLoader_CNT_version.list"
arm-none-eabi-objcopy  -O binary BootLoader_CNT_version.elf  "BootLoader_CNT_version.bin"
   text	   data	    bss	    dec	    hex	filename
   9408	    108	   2128	  11644	   2d7c	BootLoader_CNT_version.elf
Finished building: default.size.stdout
 
Finished building: BootLoader_CNT_version.bin
 
Finished building: BootLoader_CNT_version.list
 
15:26:39 **** Incremental Build of configuration Debug for project BootLoader_CNT_version ****
make -j8 all 
arm-none-eabi-gcc "../Core/Src/main.c" -mcpu=cortex-m3 -std=gnu11 -g3 -DDEBUG -DUSE_HAL_DRIVER -DSTM32F103xB -c -I../Core/Inc -I../Drivers/STM32F1xx_HAL_Driver/Inc/Legacy -I../Drivers/STM32F1xx_HAL_Driver/Inc -I../Drivers/CMSIS/Device/ST/STM32F1xx/Include -I../Drivers/CMSIS/Include -Os -ffunction-sections -fdata-sections -Wall -fstack-usage -fcyclomatic-complexity -MMD -MP -MF"Core/Src/main.d" -MT"Core/Src/main.o" --specs=nano.specs -mfloat-abi=soft -mthumb -o "Core/Src/main.o"
../Core/Src/main.c: In function 'main':
../Core/Src/main.c:114:17: warning: implicit declaration of function 'send_response' [-Wimplicit-function-declaration]
  114 |                 send_response(OTA_ACK);
      |                 ^~~~~~~~~~~~~
../Core/Src/main.c: In function 'HAL_UART_RxCpltCallback':
../Core/Src/main.c:287:33: warning: implicit declaration of function 'frame_Handle' [-Wimplicit-function-declaration]
  287 |                                 frame_Handle(Rx_Dataframe);
      |                                 ^~~~~~~~~~~~
../Core/Src/main.c: At top level:
../Core/Src/main.c:302:6: warning: conflicting types for 'frame_Handle'; have 'void(uint8_t *)' {aka 'void(unsigned char *)'}
  302 | void frame_Handle(uint8_t *Frame) {
      |      ^~~~~~~~~~~~
../Core/Src/main.c:287:33: note: previous implicit declaration of 'frame_Handle' with type 'void(uint8_t *)' {aka 'void(unsigned char *)'}
  287 |                                 frame_Handle(Rx_Dataframe);
      |                                 ^~~~~~~~~~~~
../Core/Src/main.c: In function 'frame_Handle':
../Core/Src/main.c:357:83: warning: passing argument 2 of 'Write_Data' from incompatible pointer type [-Wincompatible-pointer-types]
  357 |                                 APPLICATION_LOCATION + application_write_idx, data->data, 4, 0);
      |                                                                               ~~~~^~~~~~
      |                                                                                   |
      |                                                                                   uint8_t * {aka unsigned char *}
In file included from ../Core/Src/main.c:27:
../Core/Inc/OTA.h:35:54: note: expected 'uint32_t *' {aka 'long unsigned int *'} but argument is of type 'uint8_t *' {aka 'unsigned char *'}
   35 | uint32_t Write_Data(uint32_t StartAddress, uint32_t *Data, uint16_t WordSize,
      |                                            ~~~~~~~~~~^~~~
../Core/Src/main.c: At top level:
../Core/Src/main.c:396:6: warning: conflicting types for 'send_response'; have 'void(uint8_t)' {aka 'void(unsigned char)'}
  396 | void send_response(uint8_t is_success) {
      |      ^~~~~~~~~~~~~
../Core/Src/main.c:114:17: note: previous implicit declaration of 'send_response' with type 'void(uint8_t)' {aka 'void(unsigned char)'}
  114 |                 send_response(OTA_ACK);
      |                 ^~~~~~~~~~~~~
../Core/Src/main.c: In function 'send_response':
../Core/Src/main.c:406:36: warning: passing argument 2 of 'HAL_UART_Transmit' from incompatible pointer type [-Wincompatible-pointer-types]
  406 |         HAL_UART_Transmit(&huart3, &response, 8, HAL_MAX_DELAY);
      |                                    ^~~~~~~~~
      |                                    |
      |                                    OTA_RESP_ *
In file included from ../Core/Inc/stm32f1xx_hal_conf.h:338,
                 from ../Drivers/STM32F1xx_HAL_Driver/Inc/stm32f1xx_hal.h:29,
                 from ../Core/Inc/main.h:30,
                 from ../Core/Src/main.c:20:
../Drivers/STM32F1xx_HAL_Driver/Inc/stm32f1xx_hal_uart.h:749:79: note: expected 'const uint8_t *' {aka 'const unsigned char *'} but argument is of type 'OTA_RESP_ *'
  749 | HAL_StatusTypeDef HAL_UART_Transmit(UART_HandleTypeDef *huart, const uint8_t *pData, uint16_t Size, uint32_t Timeout);
      |                                                                ~~~~~~~~~~~~~~~^~~~~
arm-none-eabi-gcc -o "BootLoader_CNT_version.elf" @"objects.list"   -mcpu=cortex-m3 -T"D:\Projects\L2Gen2\L2Gen2_Cnt_FW\BootLoader_CNT_version\STM32F103R8TX_FLASH.ld" --specs=nosys.specs -Wl,-Map="BootLoader_CNT_version.map" -Wl,--gc-sections -static --specs=nano.specs -mfloat-abi=soft -mthumb -Wl,--start-group -lc -lm -Wl,--end-group
Finished building target: BootLoader_CNT_version.elf
 
arm-none-eabi-size  BootLoader_CNT_version.elf 
arm-none-eabi-objdump -h -S BootLoader_CNT_version.elf  > "BootLoader_CNT_version.list"
arm-none-eabi-objcopy  -O binary BootLoader_CNT_version.elf  "BootLoader_CNT_version.bin"
   text	   data	    bss	    dec	    hex	filename
   9408	    108	   2128	  11644	   2d7c	BootLoader_CNT_version.elf
Finished building: default.size.stdout
 
Finished building: BootLoader_CNT_version.bin
 
Finished building: BootLoader_CNT_version.list
 
15:29:02 **** Incremental Build of configuration Debug for project BootLoader_CNT_version ****
make -j8 all 
arm-none-eabi-gcc "../Core/Src/main.c" -mcpu=cortex-m3 -std=gnu11 -g3 -DDEBUG -DUSE_HAL_DRIVER -DSTM32F103xB -c -I../Core/Inc -I../Drivers/STM32F1xx_HAL_Driver/Inc/Legacy -I../Drivers/STM32F1xx_HAL_Driver/Inc -I../Drivers/CMSIS/Device/ST/STM32F1xx/Include -I../Drivers/CMSIS/Include -Os -ffunction-sections -fdata-sections -Wall -fstack-usage -fcyclomatic-complexity -MMD -MP -MF"Core/Src/main.d" -MT"Core/Src/main.o" --specs=nano.specs -mfloat-abi=soft -mthumb -o "Core/Src/main.o"
../Core/Src/main.c: In function 'main':
../Core/Src/main.c:115:17: warning: implicit declaration of function 'send_response' [-Wimplicit-function-declaration]
  115 |                 send_response(OTA_ACK);
      |                 ^~~~~~~~~~~~~
../Core/Src/main.c: In function 'HAL_UART_RxCpltCallback':
../Core/Src/main.c:290:33: warning: implicit declaration of function 'frame_Handle' [-Wimplicit-function-declaration]
  290 |                                 frame_Handle(Rx_Dataframe);
      |                                 ^~~~~~~~~~~~
../Core/Src/main.c: At top level:
../Core/Src/main.c:305:6: warning: conflicting types for 'frame_Handle'; have 'void(uint8_t *)' {aka 'void(unsigned char *)'}
  305 | void frame_Handle(uint8_t *Frame) {
      |      ^~~~~~~~~~~~
../Core/Src/main.c:290:33: note: previous implicit declaration of 'frame_Handle' with type 'void(uint8_t *)' {aka 'void(unsigned char *)'}
  290 |                                 frame_Handle(Rx_Dataframe);
      |                                 ^~~~~~~~~~~~
../Core/Src/main.c: In function 'frame_Handle':
../Core/Src/main.c:360:83: warning: passing argument 2 of 'Write_Data' from incompatible pointer type [-Wincompatible-pointer-types]
  360 |                                 APPLICATION_LOCATION + application_write_idx, data->data, 4, 0);
      |                                                                               ~~~~^~~~~~
      |                                                                                   |
      |                                                                                   uint8_t * {aka unsigned char *}
In file included from ../Core/Src/main.c:27:
../Core/Inc/OTA.h:35:54: note: expected 'uint32_t *' {aka 'long unsigned int *'} but argument is of type 'uint8_t *' {aka 'unsigned char *'}
   35 | uint32_t Write_Data(uint32_t StartAddress, uint32_t *Data, uint16_t WordSize,
      |                                            ~~~~~~~~~~^~~~
../Core/Src/main.c: At top level:
../Core/Src/main.c:399:6: warning: conflicting types for 'send_response'; have 'void(uint8_t)' {aka 'void(unsigned char)'}
  399 | void send_response(uint8_t is_success) {
      |      ^~~~~~~~~~~~~
../Core/Src/main.c:115:17: note: previous implicit declaration of 'send_response' with type 'void(uint8_t)' {aka 'void(unsigned char)'}
  115 |                 send_response(OTA_ACK);
      |                 ^~~~~~~~~~~~~
../Core/Src/main.c: In function 'send_response':
../Core/Src/main.c:409:36: warning: passing argument 2 of 'HAL_UART_Transmit' from incompatible pointer type [-Wincompatible-pointer-types]
  409 |         HAL_UART_Transmit(&huart3, &response, 8, HAL_MAX_DELAY);
      |                                    ^~~~~~~~~
      |                                    |
      |                                    OTA_RESP_ *
In file included from ../Core/Inc/stm32f1xx_hal_conf.h:338,
                 from ../Drivers/STM32F1xx_HAL_Driver/Inc/stm32f1xx_hal.h:29,
                 from ../Core/Inc/main.h:30,
                 from ../Core/Src/main.c:20:
../Drivers/STM32F1xx_HAL_Driver/Inc/stm32f1xx_hal_uart.h:749:79: note: expected 'const uint8_t *' {aka 'const unsigned char *'} but argument is of type 'OTA_RESP_ *'
  749 | HAL_StatusTypeDef HAL_UART_Transmit(UART_HandleTypeDef *huart, const uint8_t *pData, uint16_t Size, uint32_t Timeout);
      |                                                                ~~~~~~~~~~~~~~~^~~~~
arm-none-eabi-gcc -o "BootLoader_CNT_version.elf" @"objects.list"   -mcpu=cortex-m3 -T"D:\Projects\L2Gen2\L2Gen2_Cnt_FW\BootLoader_CNT_version\STM32F103R8TX_FLASH.ld" --specs=nosys.specs -Wl,-Map="BootLoader_CNT_version.map" -Wl,--gc-sections -static --specs=nano.specs -mfloat-abi=soft -mthumb -Wl,--start-group -lc -lm -Wl,--end-group
Finished building target: BootLoader_CNT_version.elf
 
arm-none-eabi-size  BootLoader_CNT_version.elf 
arm-none-eabi-objdump -h -S BootLoader_CNT_version.elf  > "BootLoader_CNT_version.list"
arm-none-eabi-objcopy  -O binary BootLoader_CNT_version.elf  "BootLoader_CNT_version.bin"
   text	   data	    bss	    dec	    hex	filename
   9408	    108	   2128	  11644	   2d7c	BootLoader_CNT_version.elf
Finished building: default.size.stdout
 
Finished building: BootLoader_CNT_version.bin
 
Finished building: BootLoader_CNT_version.list
 
15:29:10 **** Incremental Build of configuration Debug for project BootLoader_CNT_version ****
make -j8 all 
arm-none-eabi-size  BootLoader_CNT_version.elf 
   text	   data	    bss	    dec	    hex	filename
   9408	    108	   2128	  11644	   2d7c	BootLoader_CNT_version.elf
Finished building: default.size.stdout
 
15:43:04 **** Incremental Build of configuration Debug for project BootLoader_CNT_version ****
make -j8 all 
arm-none-eabi-size  BootLoader_CNT_version.elf 
   text	   data	    bss	    dec	    hex	filename
   9408	    108	   2128	  11644	   2d7c	BootLoader_CNT_version.elf
Finished building: default.size.stdout
 
15:48:05 **** Incremental Build of configuration Debug for project BootLoader_CNT_version ****
make -j8 all 
arm-none-eabi-size  BootLoader_CNT_version.elf 
   text	   data	    bss	    dec	    hex	filename
   9408	    108	   2128	  11644	   2d7c	BootLoader_CNT_version.elf
Finished building: default.size.stdout
 
15:50:07 **** Incremental Build of configuration Debug for project BootLoader_CNT_version ****
make -j8 all 
arm-none-eabi-size  BootLoader_CNT_version.elf 
   text	   data	    bss	    dec	    hex	filename
   9408	    108	   2128	  11644	   2d7c	BootLoader_CNT_version.elf
Finished building: default.size.stdout
 
15:51:18 **** Incremental Build of configuration Debug for project BootLoader_CNT_version ****
make -j8 all 
arm-none-eabi-gcc "../Drivers/STM32F1xx_HAL_Driver/Src/stm32f1xx_hal.c" -mcpu=cortex-m3 -std=gnu11 -g3 -DDEBUG -DUSE_HAL_DRIVER -DSTM32F103xB -c -I../Core/Inc -I../Drivers/STM32F1xx_HAL_Driver/Inc/Legacy -I../Drivers/STM32F1xx_HAL_Driver/Inc -I../Drivers/CMSIS/Device/ST/STM32F1xx/Include -I../Drivers/CMSIS/Include -Os -ffunction-sections -fdata-sections -Wall -fstack-usage -fcyclomatic-complexity -MMD -MP -MF"Drivers/STM32F1xx_HAL_Driver/Src/stm32f1xx_hal.d" -MT"Drivers/STM32F1xx_HAL_Driver/Src/stm32f1xx_hal.o" --specs=nano.specs -mfloat-abi=soft -mthumb -o "Drivers/STM32F1xx_HAL_Driver/Src/stm32f1xx_hal.o"
[...]
arm-none-eabi-objcopy  -O binary BootLoader_CNT_version.elf  "BootLoader_CNT_version.bin"
   text	   data	    bss	    dec	    hex	filename
   9096	    108	   2128	  11332	   2c44	BootLoader_CNT_version.elf
Finished building: default.size.stdout
 
Finished building: BootLoader_CNT_version.bin
 
Finished building: BootLoader_CNT_version.list
 
17:38:09 **** Incremental Build of configuration Debug for project BootLoader_CNT_version ****
make -j8 all 
arm-none-eabi-gcc "../Core/Src/main.c" -mcpu=cortex-m3 -std=gnu11 -g3 -DDEBUG -DUSE_HAL_DRIVER -DSTM32F103xB -c -I../Core/Inc -I../Drivers/STM32F1xx_HAL_Driver/Inc/Legacy -I../Drivers/STM32F1xx_HAL_Driver/Inc -I../Drivers/CMSIS/Device/ST/STM32F1xx/Include -I../Drivers/CMSIS/Include -Os -ffunction-sections -fdata-sections -Wall -fstack-usage -fcyclomatic-complexity -MMD -MP -MF"Core/Src/main.d" -MT"Core/Src/main.o" --specs=nano.specs -mfloat-abi=soft -mthumb -o "Core/Src/main.o"
../Core/Src/main.c: In function 'main':
../Core/Src/main.c:118:17: warning: implicit declaration of function 'send_response' [-Wimplicit-function-declaration]
  118 |                 send_response(OTA_ACK);
      |                 ^~~~~~~~~~~~~
../Core/Src/main.c: In function 'HAL_UART_RxCpltCallback':
../Core/Src/main.c:292:33: warning: implicit declaration of function 'frame_Handle' [-Wimplicit-function-declaration]
  292 |                                 frame_Handle(Rx_Dataframe);
      |                                 ^~~~~~~~~~~~
../Core/Src/main.c: At top level:
../Core/Src/main.c:307:6: warning: conflicting types for 'frame_Handle'; have 'void(uint8_t *)' {aka 'void(unsigned char *)'}
  307 | void frame_Handle(uint8_t *Frame) {
      |      ^~~~~~~~~~~~
../Core/Src/main.c:292:33: note: previous implicit declaration of 'frame_Handle' with type 'void(uint8_t *)' {aka 'void(unsigned char *)'}
  292 |                                 frame_Handle(Rx_Dataframe);
      |                                 ^~~~~~~~~~~~
../Core/Src/main.c: In function 'frame_Handle':
../Core/Src/main.c:362:83: warning: passing argument 2 of 'Write_Data' from incompatible pointer type [-Wincompatible-pointer-types]
  362 |                                 APPLICATION_LOCATION + application_write_idx, data->data, 4, 0);
      |                                                                               ~~~~^~~~~~
      |                                                                                   |
      |                                                                                   uint8_t * {aka unsigned char *}
In file included from ../Core/Src/main.c:27:
../Core/Inc/OTA.h:35:54: note: expected 'uint32_t *' {aka 'long unsigned int *'} but argument is of type 'uint8_t *' {aka 'unsigned char *'}
   35 | uint32_t Write_Data(uint32_t StartAddress, uint32_t *Data, uint16_t WordSize,
      |                                            ~~~~~~~~~~^~~~
../Core/Src/main.c: At top level:
../Core/Src/main.c:401:6: warning: conflicting types for 'send_response'; have 'void(uint8_t)' {aka 'void(unsigned char)'}
  401 | void send_response(uint8_t is_success) {
      |      ^~~~~~~~~~~~~
../Core/Src/main.c:118:17: note: previous implicit declaration of 'send_response' with type 'void(uint8_t)' {aka 'void(unsigned char)'}
  118 |                 send_response(OTA_ACK);
      |                 ^~~~~~~~~~~~~
../Core/Src/main.c: In function 'send_response':
../Core/Src/main.c:411:36: warning: passing argument 2 of 'HAL_UART_Transmit' from incompatible pointer type [-Wincompatible-pointer-types]
  411 |         HAL_UART_Transmit(&huart3, &response, 8, HAL_MAX_DELAY);
      |                                    ^~~~~~~~~
      |                                    |
      |                                    OTA_RESP_ *
In file included from ../Core/Inc/stm32f1xx_hal_conf.h:338,
                 from ../Drivers/STM32F1xx_HAL_Driver/Inc/stm32f1xx_hal.h:29,
                 from ../Core/Inc/main.h:30,
                 from ../Core/Src/main.c:20:
../Drivers/STM32F1xx_HAL_Driver/Inc/stm32f1xx_hal_uart.h:749:79: note: expected 'const uint8_t *' {aka 'const unsigned char *'} but argument is of type 'OTA_RESP_ *'
  749 | HAL_StatusTypeDef HAL_UART_Transmit(UART_HandleTypeDef *huart, const uint8_t *pData, uint16_t Size, uint32_t Timeout);
      |                                                                ~~~~~~~~~~~~~~~^~~~~
arm-none-eabi-gcc -o "BootLoader_CNT_version.elf" @"objects.list"   -mcpu=cortex-m3 -T"D:\Projects\L2Gen2\L2Gen2_Cnt_FW\BootLoader_CNT_version\STM32F103R8TX_FLASH.ld" --specs=nosys.specs -Wl,-Map="BootLoader_CNT_version.map" -Wl,--gc-sections -static --specs=nano.specs -mfloat-abi=soft -mthumb -Wl,--start-group -lc -lm -Wl,--end-group
Finished building target: BootLoader_CNT_version.elf
 
arm-none-eabi-size  BootLoader_CNT_version.elf 
arm-none-eabi-objdump -h -S BootLoader_CNT_version.elf  > "BootLoader_CNT_version.list"
arm-none-eabi-objcopy  -O binary BootLoader_CNT_version.elf  "BootLoader_CNT_version.bin"
   text	   data	    bss	    dec	    hex	filename
   9408	    108	   2128	  11644	   2d7c	BootLoader_CNT_version.elf
Finished building: default.size.stdout
 
Finished building: BootLoader_CNT_version.bin
 
Finished building: BootLoader_CNT_version.list
 
17:41:09 **** Incremental Build of configuration Debug for project BootLoader_CNT_version ****
make -j8 all 
arm-none-eabi-gcc "../Core/Src/main.c" -mcpu=cortex-m3 -std=gnu11 -g3 -DDEBUG -DUSE_HAL_DRIVER -DSTM32F103xB -c -I../Core/Inc -I../Drivers/STM32F1xx_HAL_Driver/Inc/Legacy -I../Drivers/STM32F1xx_HAL_Driver/Inc -I../Drivers/CMSIS/Device/ST/STM32F1xx/Include -I../Drivers/CMSIS/Include -Os -ffunction-sections -fdata-sections -Wall -fstack-usage -fcyclomatic-complexity -MMD -MP -MF"Core/Src/main.d" -MT"Core/Src/main.o" --specs=nano.specs -mfloat-abi=soft -mthumb -o "Core/Src/main.o"
../Core/Src/main.c: In function 'main':
../Core/Src/main.c:118:17: warning: implicit declaration of function 'send_response' [-Wimplicit-function-declaration]
  118 |                 send_response(OTA_ACK);
      |                 ^~~~~~~~~~~~~
../Core/Src/main.c: In function 'HAL_UART_RxCpltCallback':
../Core/Src/main.c:292:33: warning: implicit declaration of function 'frame_Handle' [-Wimplicit-function-declaration]
  292 |                                 frame_Handle(Rx_Dataframe);
      |                                 ^~~~~~~~~~~~
../Core/Src/main.c: At top level:
../Core/Src/main.c:307:6: warning: conflicting types for 'frame_Handle'; have 'void(uint8_t *)' {aka 'void(unsigned char *)'}
  307 | void frame_Handle(uint8_t *Frame) {
      |      ^~~~~~~~~~~~
../Core/Src/main.c:292:33: note: previous implicit declaration of 'frame_Handle' with type 'void(uint8_t *)' {aka 'void(unsigned char *)'}
  292 |                                 frame_Handle(Rx_Dataframe);
      |                                 ^~~~~~~~~~~~
../Core/Src/main.c: In function 'frame_Handle':
../Core/Src/main.c:362:83: warning: passing argument 2 of 'Write_Data' from incompatible pointer type [-Wincompatible-pointer-types]
  362 |                                 APPLICATION_LOCATION + application_write_idx, data->data, 4, 0);
      |                                                                               ~~~~^~~~~~
      |                                                                                   |
      |                                                                                   uint8_t * {aka unsigned char *}
In file included from ../Core/Src/main.c:27:
../Core/Inc/OTA.h:35:54: note: expected 'uint32_t *' {aka 'long unsigned int *'} but argument is of type 'uint8_t *' {aka 'unsigned char *'}
   35 | uint32_t Write_Data(uint32_t StartAddress, uint32_t *Data, uint16_t WordSize,
      |                                            ~~~~~~~~~~^~~~
../Core/Src/main.c: At top level:
../Core/Src/main.c:401:6: warning: conflicting types for 'send_response'; have 'void(uint8_t)' {aka 'void(unsigned char)'}
  401 | void send_response(uint8_t is_success) {
      |      ^~~~~~~~~~~~~
../Core/Src/main.c:118:17: note: previous implicit declaration of 'send_response' with type 'void(uint8_t)' {aka 'void(unsigned char)'}
  118 |                 send_response(OTA_ACK);
      |                 ^~~~~~~~~~~~~
../Core/Src/main.c: In function 'send_response':
../Core/Src/main.c:411:36: warning: passing argument 2 of 'HAL_UART_Transmit' from incompatible pointer type [-Wincompatible-pointer-types]
  411 |         HAL_UART_Transmit(&huart3, &response, 8, HAL_MAX_DELAY);
      |                                    ^~~~~~~~~
      |                                    |
      |                                    OTA_RESP_ *
In file included from ../Core/Inc/stm32f1xx_hal_conf.h:338,
                 from ../Drivers/STM32F1xx_HAL_Driver/Inc/stm32f1xx_hal.h:29,
                 from ../Core/Inc/main.h:30,
                 from ../Core/Src/main.c:20:
../Drivers/STM32F1xx_HAL_Driver/Inc/stm32f1xx_hal_uart.h:749:79: note: expected 'const uint8_t *' {aka 'const unsigned char *'} but argument is of type 'OTA_RESP_ *'
  749 | HAL_StatusTypeDef HAL_UART_Transmit(UART_HandleTypeDef *huart, const uint8_t *pData, uint16_t Size, uint32_t Timeout);
      |                                                                ~~~~~~~~~~~~~~~^~~~~
arm-none-eabi-gcc -o "BootLoader_CNT_version.elf" @"objects.list"   -mcpu=cortex-m3 -T"D:\Projects\L2Gen2\L2Gen2_Cnt_FW\BootLoader_CNT_version\STM32F103R8TX_FLASH.ld" --specs=nosys.specs -Wl,-Map="BootLoader_CNT_version.map" -Wl,--gc-sections -static --specs=nano.specs -mfloat-abi=soft -mthumb -Wl,--start-group -lc -lm -Wl,--end-group
Finished building target: BootLoader_CNT_version.elf
 
arm-none-eabi-size  BootLoader_CNT_version.elf 
arm-none-eabi-objdump -h -S BootLoader_CNT_version.elf  > "BootLoader_CNT_version.list"
arm-none-eabi-objcopy  -O binary BootLoader_CNT_version.elf  "BootLoader_CNT_version.bin"
   text	   data	    bss	    dec	    hex	filename
   9096	    108	   2128	  11332	   2c44	BootLoader_CNT_version.elf
Finished building: default.size.stdout
 
Finished building: BootLoader_CNT_version.bin
 
Finished building: BootLoader_CNT_version.list
 
17:43:07 **** Incremental Build of configuration Debug for project BootLoader_CNT_version ****
make -j8 all 
arm-none-eabi-gcc "../Core/Src/main.c" -mcpu=cortex-m3 -std=gnu11 -g3 -DDEBUG -DUSE_HAL_DRIVER -DSTM32F103xB -c -I../Core/Inc -I../Drivers/STM32F1xx_HAL_Driver/Inc/Legacy -I../Drivers/STM32F1xx_HAL_Driver/Inc -I../Drivers/CMSIS/Device/ST/STM32F1xx/Include -I../Drivers/CMSIS/Include -Os -ffunction-sections -fdata-sections -Wall -fstack-usage -fcyclomatic-complexity -MMD -MP -MF"Core/Src/main.d" -MT"Core/Src/main.o" --specs=nano.specs -mfloat-abi=soft -mthumb -o "Core/Src/main.o"
../Core/Src/main.c: In function 'main':
../Core/Src/main.c:118:17: warning: implicit declaration of function 'send_response' [-Wimplicit-function-declaration]
  118 |                 send_response(OTA_ACK);
      |                 ^~~~~~~~~~~~~
../Core/Src/main.c: In function 'HAL_UART_RxCpltCallback':
../Core/Src/main.c:292:33: warning: implicit declaration of function 'frame_Handle' [-Wimplicit-function-declaration]
  292 |                                 frame_Handle(Rx_Dataframe);
      |                                 ^~~~~~~~~~~~
../Core/Src/main.c: At top level:
../Core/Src/main.c:307:6: warning: conflicting types for 'frame_Handle'; have 'void(uint8_t *)' {aka 'void(unsigned char *)'}
  307 | void frame_Handle(uint8_t *Frame) {
      |      ^~~~~~~~~~~~
../Core/Src/main.c:292:33: note: previous implicit declaration of 'frame_Handle' with type 'void(uint8_t *)' {aka 'void(unsigned char *)'}
  292 |                                 frame_Handle(Rx_Dataframe);
      |                                 ^~~~~~~~~~~~
../Core/Src/main.c: In function 'frame_Handle':
../Core/Src/main.c:362:83: warning: passing argument 2 of 'Write_Data' from incompatible pointer type [-Wincompatible-pointer-types]
  362 |                                 APPLICATION_LOCATION + application_write_idx, data->data, 4, 0);
      |                                                                               ~~~~^~~~~~
      |                                                                                   |
      |                                                                                   uint8_t * {aka unsigned char *}
In file included from ../Core/Src/main.c:27:
../Core/Inc/OTA.h:35:54: note: expected 'uint32_t *' {aka 'long unsigned int *'} but argument is of type 'uint8_t *' {aka 'unsigned char *'}
   35 | uint32_t Write_Data(uint32_t StartAddress, uint32_t *Data, uint16_t WordSize,
      |                                            ~~~~~~~~~~^~~~
../Core/Src/main.c: At top level:
../Core/Src/main.c:401:6: warning: conflicting types for 'send_response'; have 'void(uint8_t)' {aka 'void(unsigned char)'}
  401 | void send_response(uint8_t is_success) {
      |      ^~~~~~~~~~~~~
../Core/Src/main.c:118:17: note: previous implicit declaration of 'send_response' with type 'void(uint8_t)' {aka 'void(unsigned char)'}
  118 |                 send_response(OTA_ACK);
      |                 ^~~~~~~~~~~~~
../Core/Src/main.c: In function 'send_response':
../Core/Src/main.c:411:36: warning: passing argument 2 of 'HAL_UART_Transmit' from incompatible pointer type [-Wincompatible-pointer-types]
  411 |         HAL_UART_Transmit(&huart3, &response, 8, HAL_MAX_DELAY);
      |                                    ^~~~~~~~~
      |                                    |
      |                                    OTA_RESP_ *
In file included from ../Core/Inc/stm32f1xx_hal_conf.h:338,
                 from ../Drivers/STM32F1xx_HAL_Driver/Inc/stm32f1xx_hal.h:29,
                 from ../Core/Inc/main.h:30,
                 from ../Core/Src/main.c:20:
../Drivers/STM32F1xx_HAL_Driver/Inc/stm32f1xx_hal_uart.h:749:79: note: expected 'const uint8_t *' {aka 'const unsigned char *'} but argument is of type 'OTA_RESP_ *'
  749 | HAL_StatusTypeDef HAL_UART_Transmit(UART_HandleTypeDef *huart, const uint8_t *pData, uint16_t Size, uint32_t Timeout);
      |                                                                ~~~~~~~~~~~~~~~^~~~~
arm-none-eabi-gcc -o "BootLoader_CNT_version.elf" @"objects.list"   -mcpu=cortex-m3 -T"D:\Projects\L2Gen2\L2Gen2_Cnt_FW\BootLoader_CNT_version\STM32F103R8TX_FLASH.ld" --specs=nosys.specs -Wl,-Map="BootLoader_CNT_version.map" -Wl,--gc-sections -static --specs=nano.specs -mfloat-abi=soft -mthumb -Wl,--start-group -lc -lm -Wl,--end-group
Finished building target: BootLoader_CNT_version.elf
 
arm-none-eabi-size  BootLoader_CNT_version.elf 
arm-none-eabi-objdump -h -S BootLoader_CNT_version.elf  > "BootLoader_CNT_version.list"
arm-none-eabi-objcopy  -O binary BootLoader_CNT_version.elf  "BootLoader_CNT_version.bin"
   text	   data	    bss	    dec	    hex	filename
   9408	    108	   2128	  11644	   2d7c	BootLoader_CNT_version.elf
Finished building: default.size.stdout
 
Finished building: BootLoader_CNT_version.bin
 
Finished building: BootLoader_CNT_version.list
 
17:22:10 **** Build of configuration Debug for project L2Gen2_Cnt_FW ****
make -j12 all 
arm-none-eabi-gcc "../Core/Src/CSMS.c" -mcpu=cortex-m3 -std=gnu11 -g3 -DDEBUG -DUSE_HAL_DRIVER -DSTM32F103xB -c -I../Core/Inc -I../Drivers/STM32F1xx_HAL_Driver/Inc/Legacy -I../Drivers/STM32F1xx_HAL_Driver/Inc -I../Drivers/CMSIS/Device/ST/STM32F1xx/Include -I../Drivers/CMSIS/Include -Os -ffunction-sections -fdata-sections -Wall -fstack-usage -fcyclomatic-complexity -MMD -MP -MF"Core/Src/CSMS.d" -MT"Core/Src/CSMS.o" --specs=nano.specs -mfloat-abi=soft -mthumb -o "Core/Src/CSMS.o"
arm-none-eabi-gcc "../Core/Src/control_pilot.c" -mcpu=cortex-m3 -std=gnu11 -g3 -DDEBUG -DUSE_HAL_DRIVER -DSTM32F103xB -c -I../Core/Inc -I../Drivers/STM32F1xx_HAL_Driver/Inc/Legacy -I../Drivers/STM32F1xx_HAL_Driver/Inc -I../Drivers/CMSIS/Device/ST/STM32F1xx/Include -I../Drivers/CMSIS/Include -Os -ffunction-sections -fdata-sections -Wall -fstack-usage -fcyclomatic-complexity -MMD -MP -MF"Core/Src/control_pilot.d" -MT"Core/Src/control_pilot.o" --specs=nano.specs -mfloat-abi=soft -mthumb -o "Core/Src/control_pilot.o"
arm-none-eabi-gcc -o "L2Gen2_Cnt_FW.elf" @"objects.list"   -mcpu=cortex-m3 -T"D:\Projects\L2Gen2\L2Gen2_Cnt_FW\L2Gen2_Cnt_FW\STM32F103R8TX_FLASH.ld" --specs=nosys.specs -Wl,-Map="L2Gen2_Cnt_FW.map" -Wl,--gc-sections -static --specs=nano.specs -mfloat-abi=soft -mthumb -Wl,--start-group -lc -lm -Wl,--end-group
Finished building target: L2Gen2_Cnt_FW.elf
 
arm-none-eabi-size  L2Gen2_Cnt_FW.elf 
arm-none-eabi-objdump -h -S L2Gen2_Cnt_FW.elf  > "L2Gen2_Cnt_FW.list"
arm-none-eabi-objcopy  -O binary L2Gen2_Cnt_FW.elf  "L2Gen2_Cnt_FW.bin"
   text	   data	    bss	    dec	    hex	filename
  34040	    112	   7720	  41872	   a390	L2Gen2_Cnt_FW.elf
Finished building: default.size.stdout
 
Finished building: L2Gen2_Cnt_FW.bin
 
Finished building: L2Gen2_Cnt_FW.list
 
17:22:42 **** Incremental Build of configuration Debug for project L2Gen2_Cnt_FW ****
make -j12 all 
arm-none-eabi-size  L2Gen2_Cnt_FW.elf 
   text	   data	    bss	    dec	    hex	filename
  34040	    112	   7720	  41872	   a390	L2Gen2_Cnt_FW.elf
Finished building: default.size.stdout
 
17:33:38 **** Incremental Build of configuration Debug for project L2Gen2_Cnt_FW ****
make -j12 all 
arm-none-eabi-gcc "../Core/Src/CSMS.c" -mcpu=cortex-m3 -std=gnu11 -g3 -DDEBUG -DUSE_HAL_DRIVER -DSTM32F103xB -c -I../Core/Inc -I../Drivers/STM32F1xx_HAL_Driver/Inc/Legacy -I../Drivers/STM32F1xx_HAL_Driver/Inc -I../Drivers/CMSIS/Device/ST/STM32F1xx/Include -I../Drivers/CMSIS/Include -Os -ffunction-sections -fdata-sections -Wall -fstack-usage -fcyclomatic-complexity -MMD -MP -MF"Core/Src/CSMS.d" -MT"Core/Src/CSMS.o" --specs=nano.specs -mfloat-abi=soft -mthumb -o "Core/Src/CSMS.o"
arm-none-eabi-gcc -o "L2Gen2_Cnt_FW.elf" @"objects.list"   -mcpu=cortex-m3 -T"D:\Projects\L2Gen2\L2Gen2_Cnt_FW\L2Gen2_Cnt_FW\STM32F103R8TX_FLASH.ld" --specs=nosys.specs -Wl,-Map="L2Gen2_Cnt_FW.map" -Wl,--gc-sections -static --specs=nano.specs -mfloat-abi=soft -mthumb -Wl,--start-group -lc -lm -Wl,--end-group
Finished building target: L2Gen2_Cnt_FW.elf
 
arm-none-eabi-size  L2Gen2_Cnt_FW.elf 
arm-none-eabi-objdump -h -S L2Gen2_Cnt_FW.elf  > "L2Gen2_Cnt_FW.list"
arm-none-eabi-objcopy  -O binary L2Gen2_Cnt_FW.elf  "L2Gen2_Cnt_FW.bin"
   text	   data	    bss	    dec	    hex	filename
  34040	    112	   7720	  41872	   a390	L2Gen2_Cnt_FW.elf
Finished building: default.size.stdout
 
Finished building: L2Gen2_Cnt_FW.bin
 
Finished building: L2Gen2_Cnt_FW.list
 
17:33:46 **** Incremental Build of configuration Debug for project L2Gen2_Cnt_FW ****
make -j12 all 
arm-none-eabi-gcc "../Core/Src/CSMS.c" -mcpu=cortex-m3 -std=gnu11 -g3 -DDEBUG -DUSE_HAL_DRIVER -DSTM32F103xB -c -I../Core/Inc -I../Drivers/STM32F1xx_HAL_Driver/Inc/Legacy -I../Drivers/STM32F1xx_HAL_Driver/Inc -I../Drivers/CMSIS/Device/ST/STM32F1xx/Include -I../Drivers/CMSIS/Include -Os -ffunction-sections -fdata-sections -Wall -fstack-usage -fcyclomatic-complexity -MMD -MP -MF"Core/Src/CSMS.d" -MT"Core/Src/CSMS.o" --specs=nano.specs -mfloat-abi=soft -mthumb -o "Core/Src/CSMS.o"
arm-none-eabi-gcc -o "L2Gen2_Cnt_FW.elf" @"objects.list"   -mcpu=cortex-m3 -T"D:\Projects\L2Gen2\L2Gen2_Cnt_FW\L2Gen2_Cnt_FW\STM32F103R8TX_FLASH.ld" --specs=nosys.specs -Wl,-Map="L2Gen2_Cnt_FW.map" -Wl,--gc-sections -static --specs=nano.specs -mfloat-abi=soft -mthumb -Wl,--start-group -lc -lm -Wl,--end-group
Finished building target: L2Gen2_Cnt_FW.elf
 
arm-none-eabi-size  L2Gen2_Cnt_FW.elf 
arm-none-eabi-objdump -h -S L2Gen2_Cnt_FW.elf  > "L2Gen2_Cnt_FW.list"
arm-none-eabi-objcopy  -O binary L2Gen2_Cnt_FW.elf  "L2Gen2_Cnt_FW.bin"
   text	   data	    bss	    dec	    hex	filename
  34040	    112	   7720	  41872	   a390	L2Gen2_Cnt_FW.elf
Finished building: default.size.stdout
 
Finished building: L2Gen2_Cnt_FW.bin
 
Finished building: L2Gen2_Cnt_FW.list
 
