17:33:46 **** Incremental Build of configuration Debug for project L2Gen2_Cnt_FW ****
make -j12 all 
arm-none-eabi-gcc "../Core/Src/CSMS.c" -mcpu=cortex-m3 -std=gnu11 -g3 -DDEBUG -DUSE_HAL_DRIVER -DSTM32F103xB -c -I../Core/Inc -I../Drivers/STM32F1xx_HAL_Driver/Inc/Legacy -I../Drivers/STM32F1xx_HAL_Driver/Inc -I../Drivers/CMSIS/Device/ST/STM32F1xx/Include -I../Drivers/CMSIS/Include -Os -ffunction-sections -fdata-sections -Wall -fstack-usage -fcyclomatic-complexity -MMD -MP -MF"Core/Src/CSMS.d" -MT"Core/Src/CSMS.o" --specs=nano.specs -mfloat-abi=soft -mthumb -o "Core/Src/CSMS.o"
arm-none-eabi-gcc -o "L2Gen2_Cnt_FW.elf" @"objects.list"   -mcpu=cortex-m3 -T"D:\Projects\L2Gen2\L2Gen2_Cnt_FW\L2Gen2_Cnt_FW\STM32F103R8TX_FLASH.ld" --specs=nosys.specs -Wl,-Map="L2Gen2_Cnt_FW.map" -Wl,--gc-sections -static --specs=nano.specs -mfloat-abi=soft -mthumb -Wl,--start-group -lc -lm -Wl,--end-group
Finished building target: L2Gen2_Cnt_FW.elf
 
arm-none-eabi-size  L2Gen2_Cnt_FW.elf 
arm-none-eabi-objdump -h -S L2Gen2_Cnt_FW.elf  > "L2Gen2_Cnt_FW.list"
arm-none-eabi-objcopy  -O binary L2Gen2_Cnt_FW.elf  "L2Gen2_Cnt_FW.bin"
   text	   data	    bss	    dec	    hex	filename
  34040	    112	   7720	  41872	   a390	L2Gen2_Cnt_FW.elf
Finished building: default.size.stdout
 
Finished building: L2Gen2_Cnt_FW.bin
 
Finished building: L2Gen2_Cnt_FW.list
 

17:33:46 Build Finished. 0 errors, 0 warnings. (took 749ms)

