Archive member included to satisfy reference by file (symbol)

C:/ST/STM32CubeIDE_1.19.0/STM32CubeIDE/plugins/com.st.stm32cube.ide.mcu.externaltools.gnu-tools-for-stm32.13.3.rel1.win32_1.0.0.202411081344/tools/bin/../lib/gcc/arm-none-eabi/13.3.1/../../../../arm-none-eabi/lib/thumb/v7-m/nofp\libc_nano.a(libc_a-exit.o)
                              C:/ST/STM32CubeIDE_1.19.0/STM32CubeIDE/plugins/com.st.stm32cube.ide.mcu.externaltools.gnu-tools-for-stm32.13.3.rel1.win32_1.0.0.202411081344/tools/bin/../lib/gcc/arm-none-eabi/13.3.1/../../../../arm-none-eabi/lib/thumb/v7-m/nofp/crt0.o (exit)
C:/ST/STM32CubeIDE_1.19.0/STM32CubeIDE/plugins/com.st.stm32cube.ide.mcu.externaltools.gnu-tools-for-stm32.13.3.rel1.win32_1.0.0.202411081344/tools/bin/../lib/gcc/arm-none-eabi/13.3.1/../../../../arm-none-eabi/lib/thumb/v7-m/nofp\libc_nano.a(libc_a-findfp.o)
                              C:/ST/STM32CubeIDE_1.19.0/STM32CubeIDE/plugins/com.st.stm32cube.ide.mcu.externaltools.gnu-tools-for-stm32.13.3.rel1.win32_1.0.0.202411081344/tools/bin/../lib/gcc/arm-none-eabi/13.3.1/../../../../arm-none-eabi/lib/thumb/v7-m/nofp\libc_nano.a(libc_a-exit.o) (__stdio_exit_handler)
C:/ST/STM32CubeIDE_1.19.0/STM32CubeIDE/plugins/com.st.stm32cube.ide.mcu.externaltools.gnu-tools-for-stm32.13.3.rel1.win32_1.0.0.202411081344/tools/bin/../lib/gcc/arm-none-eabi/13.3.1/../../../../arm-none-eabi/lib/thumb/v7-m/nofp\libc_nano.a(libc_a-fwalk.o)
                              C:/ST/STM32CubeIDE_1.19.0/STM32CubeIDE/plugins/com.st.stm32cube.ide.mcu.externaltools.gnu-tools-for-stm32.13.3.rel1.win32_1.0.0.202411081344/tools/bin/../lib/gcc/arm-none-eabi/13.3.1/../../../../arm-none-eabi/lib/thumb/v7-m/nofp\libc_nano.a(libc_a-findfp.o) (_fwalk_sglue)
C:/ST/STM32CubeIDE_1.19.0/STM32CubeIDE/plugins/com.st.stm32cube.ide.mcu.externaltools.gnu-tools-for-stm32.13.3.rel1.win32_1.0.0.202411081344/tools/bin/../lib/gcc/arm-none-eabi/13.3.1/../../../../arm-none-eabi/lib/thumb/v7-m/nofp\libc_nano.a(libc_a-puts.o)
                              ./Core/Src/state_machine.o (puts)
C:/ST/STM32CubeIDE_1.19.0/STM32CubeIDE/plugins/com.st.stm32cube.ide.mcu.externaltools.gnu-tools-for-stm32.13.3.rel1.win32_1.0.0.202411081344/tools/bin/../lib/gcc/arm-none-eabi/13.3.1/../../../../arm-none-eabi/lib/thumb/v7-m/nofp\libc_nano.a(libc_a-stdio.o)
                              C:/ST/STM32CubeIDE_1.19.0/STM32CubeIDE/plugins/com.st.stm32cube.ide.mcu.externaltools.gnu-tools-for-stm32.13.3.rel1.win32_1.0.0.202411081344/tools/bin/../lib/gcc/arm-none-eabi/13.3.1/../../../../arm-none-eabi/lib/thumb/v7-m/nofp\libc_nano.a(libc_a-findfp.o) (__sread)
C:/ST/STM32CubeIDE_1.19.0/STM32CubeIDE/plugins/com.st.stm32cube.ide.mcu.externaltools.gnu-tools-for-stm32.13.3.rel1.win32_1.0.0.202411081344/tools/bin/../lib/gcc/arm-none-eabi/13.3.1/../../../../arm-none-eabi/lib/thumb/v7-m/nofp\libc_nano.a(libc_a-wbuf.o)
                              C:/ST/STM32CubeIDE_1.19.0/STM32CubeIDE/plugins/com.st.stm32cube.ide.mcu.externaltools.gnu-tools-for-stm32.13.3.rel1.win32_1.0.0.202411081344/tools/bin/../lib/gcc/arm-none-eabi/13.3.1/../../../../arm-none-eabi/lib/thumb/v7-m/nofp\libc_nano.a(libc_a-puts.o) (__swbuf_r)
C:/ST/STM32CubeIDE_1.19.0/STM32CubeIDE/plugins/com.st.stm32cube.ide.mcu.externaltools.gnu-tools-for-stm32.13.3.rel1.win32_1.0.0.202411081344/tools/bin/../lib/gcc/arm-none-eabi/13.3.1/../../../../arm-none-eabi/lib/thumb/v7-m/nofp\libc_nano.a(libc_a-wsetup.o)
                              C:/ST/STM32CubeIDE_1.19.0/STM32CubeIDE/plugins/com.st.stm32cube.ide.mcu.externaltools.gnu-tools-for-stm32.13.3.rel1.win32_1.0.0.202411081344/tools/bin/../lib/gcc/arm-none-eabi/13.3.1/../../../../arm-none-eabi/lib/thumb/v7-m/nofp\libc_nano.a(libc_a-puts.o) (__swsetup_r)
C:/ST/STM32CubeIDE_1.19.0/STM32CubeIDE/plugins/com.st.stm32cube.ide.mcu.externaltools.gnu-tools-for-stm32.13.3.rel1.win32_1.0.0.202411081344/tools/bin/../lib/gcc/arm-none-eabi/13.3.1/../../../../arm-none-eabi/lib/thumb/v7-m/nofp\libc_nano.a(libc_a-memset.o)
                              C:/ST/STM32CubeIDE_1.19.0/STM32CubeIDE/plugins/com.st.stm32cube.ide.mcu.externaltools.gnu-tools-for-stm32.13.3.rel1.win32_1.0.0.202411081344/tools/bin/../lib/gcc/arm-none-eabi/13.3.1/../../../../arm-none-eabi/lib/thumb/v7-m/nofp/crt0.o (memset)
C:/ST/STM32CubeIDE_1.19.0/STM32CubeIDE/plugins/com.st.stm32cube.ide.mcu.externaltools.gnu-tools-for-stm32.13.3.rel1.win32_1.0.0.202411081344/tools/bin/../lib/gcc/arm-none-eabi/13.3.1/../../../../arm-none-eabi/lib/thumb/v7-m/nofp\libc_nano.a(libc_a-closer.o)
                              C:/ST/STM32CubeIDE_1.19.0/STM32CubeIDE/plugins/com.st.stm32cube.ide.mcu.externaltools.gnu-tools-for-stm32.13.3.rel1.win32_1.0.0.202411081344/tools/bin/../lib/gcc/arm-none-eabi/13.3.1/../../../../arm-none-eabi/lib/thumb/v7-m/nofp\libc_nano.a(libc_a-stdio.o) (_close_r)
[...]
Memory Configuration

Name             Origin             Length             Attributes
RAM              0x20000000         0x00005000         xrw
FLASH            0x08003800         0x0000c800         xr
*default*        0x00000000         0xffffffff

Linker script and memory map

LOAD C:/ST/STM32CubeIDE_1.19.0/STM32CubeIDE/plugins/com.st.stm32cube.ide.mcu.externaltools.gnu-tools-for-stm32.13.3.rel1.win32_1.0.0.202411081344/tools/bin/../lib/gcc/arm-none-eabi/13.3.1/thumb/v7-m/nofp/crti.o
LOAD C:/ST/STM32CubeIDE_1.19.0/STM32CubeIDE/plugins/com.st.stm32cube.ide.mcu.externaltools.gnu-tools-for-stm32.13.3.rel1.win32_1.0.0.202411081344/tools/bin/../lib/gcc/arm-none-eabi/13.3.1/thumb/v7-m/nofp/crtbegin.o
LOAD C:/ST/STM32CubeIDE_1.19.0/STM32CubeIDE/plugins/com.st.stm32cube.ide.mcu.externaltools.gnu-tools-for-stm32.13.3.rel1.win32_1.0.0.202411081344/tools/bin/../lib/gcc/arm-none-eabi/13.3.1/../../../../arm-none-eabi/lib/thumb/v7-m/nofp/crt0.o
LOAD ./Core/Inc/modbus_devices/eMeter.o
LOAD ./Core/Inc/modbus_devices/imd.o
LOAD ./Core/Inc/modbus_devices/modbusRTU.o
LOAD ./Core/Src/CSMS.o
LOAD ./Core/Src/OTA.o
LOAD ./Core/Src/STM32F103_EEPROM.o
LOAD ./Core/Src/adc.o
LOAD ./Core/Src/charge_config.o
LOAD ./Core/Src/control_pilot.o
LOAD ./Core/Src/data_structures.o
LOAD ./Core/Src/dma.o
LOAD ./Core/Src/gpio.o
LOAD ./Core/Src/gpio_feedback.o
LOAD ./Core/Src/main.o
LOAD ./Core/Src/power_measure.o
LOAD ./Core/Src/protection.o
LOAD ./Core/Src/rtc.o
LOAD ./Core/Src/state_machine.o
LOAD ./Core/Src/stm32f1xx_hal_msp.o
LOAD ./Core/Src/stm32f1xx_it.o
LOAD ./Core/Src/syscalls.o
LOAD ./Core/Src/sysmem.o
LOAD ./Core/Src/system_stm32f1xx.o
LOAD ./Core/Src/temp_NTC.o
LOAD ./Core/Src/tim.o
LOAD ./Core/Src/timer.o
LOAD ./Core/Src/usart.o
LOAD ./Core/Startup/startup_stm32f103r8tx.o
LOAD ./Drivers/STM32F1xx_HAL_Driver/Src/stm32f1xx_hal.o
LOAD ./Drivers/STM32F1xx_HAL_Driver/Src/stm32f1xx_hal_adc.o
LOAD ./Drivers/STM32F1xx_HAL_Driver/Src/stm32f1xx_hal_adc_ex.o
LOAD ./Drivers/STM32F1xx_HAL_Driver/Src/stm32f1xx_hal_cortex.o
LOAD ./Drivers/STM32F1xx_HAL_Driver/Src/stm32f1xx_hal_dma.o
LOAD ./Drivers/STM32F1xx_HAL_Driver/Src/stm32f1xx_hal_exti.o
LOAD ./Drivers/STM32F1xx_HAL_Driver/Src/stm32f1xx_hal_flash.o
LOAD ./Drivers/STM32F1xx_HAL_Driver/Src/stm32f1xx_hal_flash_ex.o
LOAD ./Drivers/STM32F1xx_HAL_Driver/Src/stm32f1xx_hal_gpio.o
LOAD ./Drivers/STM32F1xx_HAL_Driver/Src/stm32f1xx_hal_gpio_ex.o
LOAD ./Drivers/STM32F1xx_HAL_Driver/Src/stm32f1xx_hal_pwr.o
LOAD ./Drivers/STM32F1xx_HAL_Driver/Src/stm32f1xx_hal_rcc.o
LOAD ./Drivers/STM32F1xx_HAL_Driver/Src/stm32f1xx_hal_rcc_ex.o
LOAD ./Drivers/STM32F1xx_HAL_Driver/Src/stm32f1xx_hal_rtc.o
LOAD ./Drivers/STM32F1xx_HAL_Driver/Src/stm32f1xx_hal_rtc_ex.o
LOAD ./Drivers/STM32F1xx_HAL_Driver/Src/stm32f1xx_hal_tim.o
LOAD ./Drivers/STM32F1xx_HAL_Driver/Src/stm32f1xx_hal_tim_ex.o
LOAD ./Drivers/STM32F1xx_HAL_Driver/Src/stm32f1xx_hal_uart.o
START GROUP
LOAD C:/ST/STM32CubeIDE_1.19.0/STM32CubeIDE/plugins/com.st.stm32cube.ide.mcu.externaltools.gnu-tools-for-stm32.13.3.rel1.win32_1.0.0.202411081344/tools/bin/../lib/gcc/arm-none-eabi/13.3.1/../../../../arm-none-eabi/lib/thumb/v7-m/nofp\libc_nano.a
LOAD C:/ST/STM32CubeIDE_1.19.0/STM32CubeIDE/plugins/com.st.stm32cube.ide.mcu.externaltools.gnu-tools-for-stm32.13.3.rel1.win32_1.0.0.202411081344/tools/bin/../lib/gcc/arm-none-eabi/13.3.1/../../../../arm-none-eabi/lib/thumb/v7-m/nofp\libm.a
END GROUP
START GROUP
LOAD C:/ST/STM32CubeIDE_1.19.0/STM32CubeIDE/plugins/com.st.stm32cube.ide.mcu.externaltools.gnu-tools-for-stm32.13.3.rel1.win32_1.0.0.202411081344/tools/bin/../lib/gcc/arm-none-eabi/13.3.1/thumb/v7-m/nofp\libgcc.a
LOAD C:/ST/STM32CubeIDE_1.19.0/STM32CubeIDE/plugins/com.st.stm32cube.ide.mcu.externaltools.gnu-tools-for-stm32.13.3.rel1.win32_1.0.0.202411081344/tools/bin/../lib/gcc/arm-none-eabi/13.3.1/../../../../arm-none-eabi/lib/thumb/v7-m/nofp\libc_nano.a
END GROUP
START GROUP
LOAD C:/ST/STM32CubeIDE_1.19.0/STM32CubeIDE/plugins/com.st.stm32cube.ide.mcu.externaltools.gnu-tools-for-stm32.13.3.rel1.win32_1.0.0.202411081344/tools/bin/../lib/gcc/arm-none-eabi/13.3.1/thumb/v7-m/nofp\libgcc.a
LOAD C:/ST/STM32CubeIDE_1.19.0/STM32CubeIDE/plugins/com.st.stm32cube.ide.mcu.externaltools.gnu-tools-for-stm32.13.3.rel1.win32_1.0.0.202411081344/tools/bin/../lib/gcc/arm-none-eabi/13.3.1/../../../../arm-none-eabi/lib/thumb/v7-m/nofp\libc_nano.a
LOAD C:/ST/STM32CubeIDE_1.19.0/STM32CubeIDE/plugins/com.st.stm32cube.ide.mcu.externaltools.gnu-tools-for-stm32.13.3.rel1.win32_1.0.0.202411081344/tools/bin/../lib/gcc/arm-none-eabi/13.3.1/../../../../arm-none-eabi/lib/thumb/v7-m/nofp\libnosys.a
END GROUP
START GROUP
LOAD C:/ST/STM32CubeIDE_1.19.0/STM32CubeIDE/plugins/com.st.stm32cube.ide.mcu.externaltools.gnu-tools-for-stm32.13.3.rel1.win32_1.0.0.202411081344/tools/bin/../lib/gcc/arm-none-eabi/13.3.1/thumb/v7-m/nofp\libgcc.a
LOAD C:/ST/STM32CubeIDE_1.19.0/STM32CubeIDE/plugins/com.st.stm32cube.ide.mcu.externaltools.gnu-tools-for-stm32.13.3.rel1.win32_1.0.0.202411081344/tools/bin/../lib/gcc/arm-none-eabi/13.3.1/../../../../arm-none-eabi/lib/thumb/v7-m/nofp\libc_nano.a
LOAD C:/ST/STM32CubeIDE_1.19.0/STM32CubeIDE/plugins/com.st.stm32cube.ide.mcu.externaltools.gnu-tools-for-stm32.13.3.rel1.win32_1.0.0.202411081344/tools/bin/../lib/gcc/arm-none-eabi/13.3.1/../../../../arm-none-eabi/lib/thumb/v7-m/nofp\libnosys.a
END GROUP
LOAD C:/ST/STM32CubeIDE_1.19.0/STM32CubeIDE/plugins/com.st.stm32cube.ide.mcu.externaltools.gnu-tools-for-stm32.13.3.rel1.win32_1.0.0.202411081344/tools/bin/../lib/gcc/arm-none-eabi/13.3.1/thumb/v7-m/nofp/crtend.o
LOAD C:/ST/STM32CubeIDE_1.19.0/STM32CubeIDE/plugins/com.st.stm32cube.ide.mcu.externaltools.gnu-tools-for-stm32.13.3.rel1.win32_1.0.0.202411081344/tools/bin/../lib/gcc/arm-none-eabi/13.3.1/thumb/v7-m/nofp/crtn.o
                0x20005000                        _estack = (ORIGIN (RAM) + LENGTH (RAM))
                0x00000200                        _Min_Heap_Size = 0x200
                0x00000400                        _Min_Stack_Size = 0x400

.isr_vector     0x08003800      0x10c
                0x08003800                        . = ALIGN (0x4)
 *(.isr_vector)
 .isr_vector    0x08003800      0x10c ./Core/Startup/startup_stm32f103r8tx.o
                0x08003800                g_pfnVectors
                0x0800390c                        . = ALIGN (0x4)

.text           0x08003910     0x8374
                0x08003910                        . = ALIGN (0x4)
 *(.text)
 .text          0x08003910       0x40 C:/ST/STM32CubeIDE_1.19.0/STM32CubeIDE/plugins/com.st.stm32cube.ide.mcu.externaltools.gnu-tools-for-stm32.13.3.rel1.win32_1.0.0.202411081344/tools/bin/../lib/gcc/arm-none-eabi/13.3.1/thumb/v7-m/nofp/crtbegin.o
 .text          0x08003950      0x378 C:/ST/STM32CubeIDE_1.19.0/STM32CubeIDE/plugins/com.st.stm32cube.ide.mcu.externaltools.gnu-tools-for-stm32.13.3.rel1.win32_1.0.0.202411081344/tools/bin/../lib/gcc/arm-none-eabi/13.3.1/thumb/v7-m/nofp\libgcc.a(_arm_addsubdf3.o)
                0x08003950                __aeabi_drsub
                0x08003958                __aeabi_dsub
                0x08003958                __subdf3
                0x0800395c                __aeabi_dadd
                0x0800395c                __adddf3
                0x08003bd4                __floatunsidf
                0x08003bd4                __aeabi_ui2d
                0x08003bf4                __floatsidf
                0x08003bf4                __aeabi_i2d
                0x08003c18                __aeabi_f2d
                0x08003c18                __extendsfdf2
                0x08003c5c                __floatundidf
                0x08003c5c                __aeabi_ul2d
                0x08003c6c                __floatdidf
                0x08003c6c                __aeabi_l2d
 .text          0x08003cc8      0x424 C:/ST/STM32CubeIDE_1.19.0/STM32CubeIDE/plugins/com.st.stm32cube.ide.mcu.externaltools.gnu-tools-for-stm32.13.3.rel1.win32_1.0.0.202411081344/tools/bin/../lib/gcc/arm-none-eabi/13.3.1/thumb/v7-m/nofp\libgcc.a(_arm_muldivdf3.o)
                0x08003cc8                __aeabi_dmul
                0x08003cc8                __muldf3
                0x08003f1c                __divdf3
                0x08003f1c                __aeabi_ddiv
 .text          0x080040ec      0x110 C:/ST/STM32CubeIDE_1.19.0/STM32CubeIDE/plugins/com.st.stm32cube.ide.mcu.externaltools.gnu-tools-for-stm32.13.3.rel1.win32_1.0.0.202411081344/tools/bin/../lib/gcc/arm-none-eabi/13.3.1/thumb/v7-m/nofp\libgcc.a(_arm_cmpdf2.o)
                0x080040ec                __gtdf2
                0x080040ec                __gedf2
                0x080040f4                __ltdf2
                0x080040f4                __ledf2
                0x080040fc                __nedf2
                0x080040fc                __eqdf2
                0x080040fc                __cmpdf2
                0x08004178                __aeabi_cdrcmple
                0x08004188                __aeabi_cdcmpeq
                0x08004188                __aeabi_cdcmple
                0x08004198                __aeabi_dcmpeq
                0x080041ac                __aeabi_dcmplt
                0x080041c0                __aeabi_dcmple
                0x080041d4                __aeabi_dcmpge
                0x080041e8                __aeabi_dcmpgt
 .text          0x080041fc       0x2c C:/ST/STM32CubeIDE_1.19.0/STM32CubeIDE/plugins/com.st.stm32cube.ide.mcu.externaltools.gnu-tools-for-stm32.13.3.rel1.win32_1.0.0.202411081344/tools/bin/../lib/gcc/arm-none-eabi/13.3.1/thumb/v7-m/nofp\libgcc.a(_arm_unorddf2.o)
                0x080041fc                __unorddf2
                0x080041fc                __aeabi_dcmpun
 .text          0x08004228       0x50 C:/ST/STM32CubeIDE_1.19.0/STM32CubeIDE/plugins/com.st.stm32cube.ide.mcu.externaltools.gnu-tools-for-stm32.13.3.rel1.win32_1.0.0.202411081344/tools/bin/../lib/gcc/arm-none-eabi/13.3.1/thumb/v7-m/nofp\libgcc.a(_arm_fixdfsi.o)
                0x08004228                __aeabi_d2iz
                0x08004228                __fixdfsi
 .text          0x08004278       0x40 C:/ST/STM32CubeIDE_1.19.0/STM32CubeIDE/plugins/com.st.stm32cube.ide.mcu.externaltools.gnu-tools-for-stm32.13.3.rel1.win32_1.0.0.202411081344/tools/bin/../lib/gcc/arm-none-eabi/13.3.1/thumb/v7-m/nofp\libgcc.a(_arm_fixunsdfsi.o)
                0x08004278                __aeabi_d2uiz
                0x08004278                __fixunsdfsi
 .text          0x080042b8       0xa0 C:/ST/STM32CubeIDE_1.19.0/STM32CubeIDE/plugins/com.st.stm32cube.ide.mcu.externaltools.gnu-tools-for-stm32.13.3.rel1.win32_1.0.0.202411081344/tools/bin/../lib/gcc/arm-none-eabi/13.3.1/thumb/v7-m/nofp\libgcc.a(_arm_truncdfsf2.o)
                0x080042b8                __truncdfsf2
                0x080042b8                __aeabi_d2f
 .text          0x08004358      0x21c C:/ST/STM32CubeIDE_1.19.0/STM32CubeIDE/plugins/com.st.stm32cube.ide.mcu.externaltools.gnu-tools-for-stm32.13.3.rel1.win32_1.0.0.202411081344/tools/bin/../lib/gcc/arm-none-eabi/13.3.1/thumb/v7-m/nofp\libgcc.a(_arm_addsubsf3.o)
                0x08004358                __aeabi_frsub
                0x08004360                __subsf3
                0x08004360                __aeabi_fsub
                0x08004364                __aeabi_fadd
                0x08004364                __addsf3
                0x080044c4                __aeabi_ui2f
                0x080044c4                __floatunsisf
                0x080044cc                __aeabi_i2f
                0x080044cc                __floatsisf
                0x080044e8                __aeabi_ul2f
                0x080044e8                __floatundisf
                0x080044f8                __aeabi_l2f
                0x080044f8                __floatdisf
 .text          0x08004574      0x2a0 C:/ST/STM32CubeIDE_1.19.0/STM32CubeIDE/plugins/com.st.stm32cube.ide.mcu.externaltools.gnu-tools-for-stm32.13.3.rel1.win32_1.0.0.202411081344/tools/bin/../lib/gcc/arm-none-eabi/13.3.1/thumb/v7-m/nofp\libgcc.a(_arm_muldivsf3.o)
                0x08004574                __mulsf3
                0x08004574                __aeabi_fmul
                0x080046dc                __aeabi_fdiv
                0x080046dc                __divsf3
 .text          0x08004814       0x4c C:/ST/STM32CubeIDE_1.19.0/STM32CubeIDE/plugins/com.st.stm32cube.ide.mcu.externaltools.gnu-tools-for-stm32.13.3.rel1.win32_1.0.0.202411081344/tools/bin/../lib/gcc/arm-none-eabi/13.3.1/thumb/v7-m/nofp\libgcc.a(_arm_fixsfsi.o)
                0x08004814                __aeabi_f2iz
                0x08004814                __fixsfsi
 .text          0x08004860       0x40 C:/ST/STM32CubeIDE_1.19.0/STM32CubeIDE/plugins/com.st.stm32cube.ide.mcu.externaltools.gnu-tools-for-stm32.13.3.rel1.win32_1.0.0.202411081344/tools/bin/../lib/gcc/arm-none-eabi/13.3.1/thumb/v7-m/nofp\libgcc.a(_arm_fixunssfsi.o)
                0x08004860                __fixunssfsi
                0x08004860                __aeabi_f2uiz
 *(.text*)
 .text.adl_getData
                0x080048a0       0xe4 ./Core/Inc/modbus_devices/eMeter.o
                0x080048a0                adl_getData
 .text.adl_TotalActiveEnergy
                0x08004984       0x2e ./Core/Inc/modbus_devices/eMeter.o
                0x08004984                adl_TotalActiveEnergy
 *fill*         0x080049b2        0x2 
 .text.adl_VoltagePhaseA
                0x080049b4       0x50 ./Core/Inc/modbus_devices/eMeter.o
                0x080049b4                adl_VoltagePhaseA
 .text.adl_VoltagePhaseB
                0x08004a04       0x34 ./Core/Inc/modbus_devices/eMeter.o
                0x08004a04                adl_VoltagePhaseB
 .text.adl_VoltagePhaseC
                0x08004a38       0x34 ./Core/Inc/modbus_devices/eMeter.o
                0x08004a38                adl_VoltagePhaseC
 .text.adl_CurrentPhaseA
                0x08004a6c       0x50 ./Core/Inc/modbus_devices/eMeter.o
                0x08004a6c                adl_CurrentPhaseA
 .text.adl_CurrentPhaseB
                0x08004abc       0x34 ./Core/Inc/modbus_devices/eMeter.o
                0x08004abc                adl_CurrentPhaseB
 .text.adl_CurrentPhaseC
                0x08004af0       0x34 ./Core/Inc/modbus_devices/eMeter.o
                0x08004af0                adl_CurrentPhaseC
 .text.adl_Frequency
                0x08004b24       0x50 ./Core/Inc/modbus_devices/eMeter.o
                0x08004b24                adl_Frequency
 .text.adl_TotalActivePower
                0x08004b74       0x5c ./Core/Inc/modbus_devices/eMeter.o
                0x08004b74                adl_TotalActivePower
 .text.adl_IdentifyEnergyMeter
                0x08004bd0       0x7c ./Core/Inc/modbus_devices/eMeter.o
                0x08004bd0                adl_IdentifyEnergyMeter
 .text.ModbusRTU_CRC
                0x08004c4c       0x30 ./Core/Inc/modbus_devices/modbusRTU.o
 .text.ModbusRTU_checksum
                0x08004c7c       0x2a ./Core/Inc/modbus_devices/modbusRTU.o
 *fill*         0x08004ca6        0x2 
 .text.ModbusRTU_Intick
                0x08004ca8       0x44 ./Core/Inc/modbus_devices/modbusRTU.o
                0x08004ca8                ModbusRTU_Intick
 .text.ModbusRTU_queueSerial
                0x08004cec      0x13c ./Core/Inc/modbus_devices/modbusRTU.o
                0x08004cec                ModbusRTU_queueSerial
 .text.ModbusRTU_transmitSerial
                0x08004e28       0xc4 ./Core/Inc/modbus_devices/modbusRTU.o
                0x08004e28                ModbusRTU_transmitSerial
 .text.ModbusRTU_receiveSerial
                0x08004eec      0x140 ./Core/Inc/modbus_devices/modbusRTU.o
                0x08004eec                ModbusRTU_receiveSerial
 .text.ModbusRTU_Init
                0x0800502c        0xc ./Core/Inc/modbus_devices/modbusRTU.o
                0x0800502c                ModbusRTU_Init
 .text.ModbusRTU_functions
                0x08005038      0x194 ./Core/Inc/modbus_devices/modbusRTU.o
                0x08005038                ModbusRTU_functions
 .text.CSMS_modbusCRC
                0x080051cc       0x30 ./Core/Src/CSMS.o
 .text.CSMS_Intick
                0x080051fc       0x1c ./Core/Src/CSMS.o
                0x080051fc                CSMS_Intick
 .text.CSMS_transmitSerial
                0x08005218       0x54 ./Core/Src/CSMS.o
                0x08005218                CSMS_transmitSerial
 .text.CSMS_receiveSerial
                0x0800526c      0x108 ./Core/Src/CSMS.o
                0x0800526c                CSMS_receiveSerial
 .text.CSMS_Init
                0x08005374        0x2 ./Core/Src/CSMS.o
                0x08005374                CSMS_Init
 *fill*         0x08005376        0x2 
 .text.CSMS_functions
                0x08005378      0x544 ./Core/Src/CSMS.o
                0x08005378                CSMS_functions
 .text.GetPage  0x080058bc       0x24 ./Core/Src/OTA.o
 .text.Write_Data
                0x080058e0       0x68 ./Core/Src/OTA.o
                0x080058e0                Write_Data
 .text.Flag_up  0x08005948       0x20 ./Core/Src/OTA.o
                0x08005948                Flag_up
 .text.EEPROM_Erase
                0x08005968       0x24 ./Core/Src/STM32F103_EEPROM.o
                0x08005968                EEPROM_Erase
 .text.EEPROM_WriteData
                0x0800598c       0x30 ./Core/Src/STM32F103_EEPROM.o
                0x0800598c                EEPROM_WriteData
 .text.EEPROM_ReadData
                0x080059bc       0x14 ./Core/Src/STM32F103_EEPROM.o
                0x080059bc                EEPROM_ReadData
 .text.MX_ADC1_Init
                0x080059d0       0xe8 ./Core/Src/adc.o
                0x080059d0                MX_ADC1_Init
 .text.HAL_ADC_MspInit
                0x08005ab8       0xf4 ./Core/Src/adc.o
                0x08005ab8                HAL_ADC_MspInit
 *fill*         0x08005bac        0x4 
 .text.HAL_ADC_ConvCpltCallback
                0x08005bb0       0x88 ./Core/Src/adc.o
                0x08005bb0                HAL_ADC_ConvCpltCallback
 .text.get_chargerConfig
                0x08005c38       0x5c ./Core/Src/charge_config.o
                0x08005c38                get_chargerConfig
 .text.set_chargerConfig
                0x08005c94       0x6c ./Core/Src/charge_config.o
                0x08005c94                set_chargerConfig
 .text.get_HWVersion
                0x08005d00       0x38 ./Core/Src/charge_config.o
                0x08005d00                get_HWVersion
 .text.cpCalibrate_load
                0x08005d38       0x20 ./Core/Src/control_pilot.o
                0x08005d38                cpCalibrate_load
 .text.cpCalibrate_save
                0x08005d58       0x40 ./Core/Src/control_pilot.o
                0x08005d58                cpCalibrate_save
 .text.getCP_voltage
                0x08005d98      0x378 ./Core/Src/control_pilot.o
                0x08005d98                getCP_voltage
 .text.cpCalibrate
                0x08006110      0x1fc ./Core/Src/control_pilot.o
                0x08006110                cpCalibrate
 *fill*         0x0800630c        0x4 
 .text.load_balance
                0x08006310      0x124 ./Core/Src/control_pilot.o
                0x08006310                load_balance
 .text.monitor_cp
                0x08006434       0x94 ./Core/Src/control_pilot.o
                0x08006434                monitor_cp
 .text.setCP_duty
                0x080064c8       0xa4 ./Core/Src/control_pilot.o
                0x080064c8                setCP_duty
 .text.check_diode
                0x0800656c       0x7c ./Core/Src/control_pilot.o
                0x0800656c                check_diode
 .text.bootup_vehicleCheck
                0x080065e8       0x6c ./Core/Src/control_pilot.o
                0x080065e8                bootup_vehicleCheck
 .text.check_vehicleConnector
                0x08006654       0x58 ./Core/Src/control_pilot.o
                0x08006654                check_vehicleConnector
 .text.check_PWMActive
                0x080066ac       0x74 ./Core/Src/control_pilot.o
                0x080066ac                check_PWMActive
 .text.init_dataStructures
                0x08006720       0xcc ./Core/Src/data_structures.o
                0x08006720                init_dataStructures
 .text.buzzer_on
                0x080067ec       0x54 ./Core/Src/data_structures.o
                0x080067ec                buzzer_on
 .text.buzzer_poweron
                0x08006840       0xc0 ./Core/Src/data_structures.o
                0x08006840                buzzer_poweron
 .text.MX_DMA_Init
                0x08006900       0x30 ./Core/Src/dma.o
                0x08006900                MX_DMA_Init
 .text.MX_GPIO_Init
                0x08006930      0x110 ./Core/Src/gpio.o
                0x08006930                MX_GPIO_Init
 .text.get_GPIOFeedback
                0x08006a40       0x5c ./Core/Src/gpio_feedback.o
                0x08006a40                get_GPIOFeedback
 .text.SystemClock_Config
                0x08006a9c       0x8a ./Core/Src/main.o
                0x08006a9c                SystemClock_Config
 *fill*         0x08006b26        0x2 
 .text.startup.main
                0x08006b28      0x2a4 ./Core/Src/main.o
                0x08006b28                main
 .text.HAL_TIM_PeriodElapsedCallback
                0x08006dcc       0x9c ./Core/Src/main.o
                0x08006dcc                HAL_TIM_PeriodElapsedCallback
 .text.Error_Handler
                0x08006e68        0x4 ./Core/Src/main.o
                0x08006e68                Error_Handler
 .text.calculate_Energy
                0x08006e6c       0x78 ./Core/Src/power_measure.o
                0x08006e6c                calculate_Energy
 .text.get_EnergyMeterData
                0x08006ee4       0x4c ./Core/Src/power_measure.o
                0x08006ee4                get_EnergyMeterData
 .text.errorDetector
                0x08006f30      0x63c ./Core/Src/protection.o
                0x08006f30                errorDetector
 .text.errorHandler
                0x0800756c      0x1d8 ./Core/Src/protection.o
                0x0800756c                errorHandler
 .text.errorBuffer_log
                0x08007744       0x38 ./Core/Src/protection.o
                0x08007744                errorBuffer_log
 .text.errorBuffer_report
                0x0800777c       0x44 ./Core/Src/protection.o
                0x0800777c                errorBuffer_report
 .text.errorBuffer_clear
                0x080077c0       0x28 ./Core/Src/protection.o
                0x080077c0                errorBuffer_clear
 .text.MX_RTC_Init
                0x080077e8       0x68 ./Core/Src/rtc.o
                0x080077e8                MX_RTC_Init
 .text.HAL_RTC_MspInit
                0x08007850       0x3c ./Core/Src/rtc.o
                0x08007850                HAL_RTC_MspInit
 .text.initializeStateMachine
                0x0800788c       0x50 ./Core/Src/state_machine.o
                0x0800788c                initializeStateMachine
 .text.trackStateTransition
                0x080078dc       0x30 ./Core/Src/state_machine.o
                0x080078dc                trackStateTransition
 .text.changeState.constprop.0
                0x0800790c       0x20 ./Core/Src/state_machine.o
 .text.stateA2  0x0800792c       0xac ./Core/Src/state_machine.o
                0x0800792c                stateA2
 .text.changeState
                0x080079d8       0x20 ./Core/Src/state_machine.o
                0x080079d8                changeState
 .text.runStateMachine
                0x080079f8        0xa ./Core/Src/state_machine.o
                0x080079f8                runStateMachine
 *fill*         0x08007a02        0x2 
 .text.stateA_transition
                0x08007a04       0x48 ./Core/Src/state_machine.o
                0x08007a04                stateA_transition
 .text.stateB1  0x08007a4c      0x108 ./Core/Src/state_machine.o
                0x08007a4c                stateB1
 .text.stateF   0x08007b54       0xa0 ./Core/Src/state_machine.o
                0x08007b54                stateF
 .text.stateB_transition
                0x08007bf4       0x4c ./Core/Src/state_machine.o
                0x08007bf4                stateB_transition
 .text.stateC1  0x08007c40      0x118 ./Core/Src/state_machine.o
                0x08007c40                stateC1
 .text.stateC2  0x08007d58      0x11c ./Core/Src/state_machine.o
                0x08007d58                stateC2
 .text.stateC_transition
                0x08007e74       0x4c ./Core/Src/state_machine.o
                0x08007e74                stateC_transition
 .text.power_on
                0x08007ec0       0x3c ./Core/Src/state_machine.o
                0x08007ec0                power_on
 .text.temp_stateF
                0x08007efc       0x94 ./Core/Src/state_machine.o
                0x08007efc                temp_stateF
 .text.stateB2  0x08007f90       0xd4 ./Core/Src/state_machine.o
                0x08007f90                stateB2
 .text.charger_variable_init
                0x08008064       0x80 ./Core/Src/state_machine.o
                0x08008064                charger_variable_init
 .text.stateA1  0x080080e4       0x9c ./Core/Src/state_machine.o
                0x080080e4                stateA1
 .text.HAL_MspInit
                0x08008180       0x44 ./Core/Src/stm32f1xx_hal_msp.o
                0x08008180                HAL_MspInit
 .text.NMI_Handler
                0x080081c4        0x2 ./Core/Src/stm32f1xx_it.o
                0x080081c4                NMI_Handler
 .text.HardFault_Handler
                0x080081c6        0x2 ./Core/Src/stm32f1xx_it.o
                0x080081c6                HardFault_Handler
 .text.MemManage_Handler
                0x080081c8        0x2 ./Core/Src/stm32f1xx_it.o
                0x080081c8                MemManage_Handler
 .text.BusFault_Handler
                0x080081ca        0x2 ./Core/Src/stm32f1xx_it.o
                0x080081ca                BusFault_Handler
 .text.UsageFault_Handler
                0x080081cc        0x2 ./Core/Src/stm32f1xx_it.o
                0x080081cc                UsageFault_Handler
 .text.SVC_Handler
                0x080081ce        0x2 ./Core/Src/stm32f1xx_it.o
                0x080081ce                SVC_Handler
 .text.DebugMon_Handler
                0x080081d0        0x2 ./Core/Src/stm32f1xx_it.o
                0x080081d0                DebugMon_Handler
 .text.PendSV_Handler
                0x080081d2        0x2 ./Core/Src/stm32f1xx_it.o
                0x080081d2                PendSV_Handler
 .text.SysTick_Handler
                0x080081d4        0x4 ./Core/Src/stm32f1xx_it.o
                0x080081d4                SysTick_Handler
 .text.DMA1_Channel1_IRQHandler
                0x080081d8        0xc ./Core/Src/stm32f1xx_it.o
                0x080081d8                DMA1_Channel1_IRQHandler
 .text.ADC1_2_IRQHandler
                0x080081e4        0xc ./Core/Src/stm32f1xx_it.o
                0x080081e4                ADC1_2_IRQHandler
 .text.TIM2_IRQHandler
                0x080081f0        0xc ./Core/Src/stm32f1xx_it.o
                0x080081f0                TIM2_IRQHandler
 .text.USART1_IRQHandler
                0x080081fc        0xc ./Core/Src/stm32f1xx_it.o
                0x080081fc                USART1_IRQHandler
 .text.USART3_IRQHandler
                0x08008208        0xc ./Core/Src/stm32f1xx_it.o
                0x08008208                USART3_IRQHandler
 .text._read    0x08008214       0x1c ./Core/Src/syscalls.o
                0x08008214                _read
 .text._write   0x08008230       0x1c ./Core/Src/syscalls.o
                0x08008230                _write
 .text._close   0x0800824c        0x6 ./Core/Src/syscalls.o
                0x0800824c                _close
 .text._fstat   0x08008252        0xa ./Core/Src/syscalls.o
                0x08008252                _fstat
 .text._isatty  0x0800825c        0x4 ./Core/Src/syscalls.o
                0x0800825c                _isatty
 .text._lseek   0x08008260        0x4 ./Core/Src/syscalls.o
                0x08008260                _lseek
 .text._sbrk    0x08008264       0x40 ./Core/Src/sysmem.o
                0x08008264                _sbrk
 .text.SystemInit
                0x080082a4       0x10 ./Core/Src/system_stm32f1xx.o
                0x080082a4                SystemInit
 *fill*         0x080082b4        0x4 
 .text.temperature_NTC
                0x080082b8      0x124 ./Core/Src/temp_NTC.o
                0x080082b8                temperature_NTC
 .text.MX_TIM2_Init
                0x080083dc       0x68 ./Core/Src/tim.o
                0x080083dc                MX_TIM2_Init
 .text.HAL_TIM_Base_MspInit
                0x08008444       0x60 ./Core/Src/tim.o
                0x08008444                HAL_TIM_Base_MspInit
 .text.HAL_TIM_MspPostInit
                0x080084a4       0x4c ./Core/Src/tim.o
                0x080084a4                HAL_TIM_MspPostInit
 .text.MX_TIM3_Init
                0x080084f0       0xa0 ./Core/Src/tim.o
                0x080084f0                MX_TIM3_Init
 .text.tick_clear
                0x08008590       0x24 ./Core/Src/timer.o
                0x08008590                tick_clear
 .text.tick_count
                0x080085b4       0xe0 ./Core/Src/timer.o
                0x080085b4                tick_count
 .text.huart1TransmitIT
                0x08008694       0x24 ./Core/Src/usart.o
 .text.huart3TransmitIT
                0x080086b8       0x24 ./Core/Src/usart.o
 .text.MX_USART1_UART_Init
                0x080086dc       0x44 ./Core/Src/usart.o
                0x080086dc                MX_USART1_UART_Init
 .text.MX_USART3_UART_Init
                0x08008720       0x44 ./Core/Src/usart.o
                0x08008720                MX_USART3_UART_Init
 .text.HAL_UART_MspInit
                0x08008764      0x118 ./Core/Src/usart.o
                0x08008764                HAL_UART_MspInit
 .text.transmitSerial
                0x0800887c       0x1c ./Core/Src/usart.o
                0x0800887c                transmitSerial
 .text.HAL_UART_RxCpltCallback
                0x08008898       0x7c ./Core/Src/usart.o
                0x08008898                HAL_UART_RxCpltCallback
 .text.HAL_UART_TxCpltCallback
                0x08008914        0x2 ./Core/Src/usart.o
                0x08008914                HAL_UART_TxCpltCallback
 *fill*         0x08008916        0x2 
 .text.HAL_UART_ErrorCallback
                0x08008918       0x50 ./Core/Src/usart.o
                0x08008918                HAL_UART_ErrorCallback
 .text.Reset_Handler
                0x08008968       0x48 ./Core/Startup/startup_stm32f103r8tx.o
                0x08008968                Reset_Handler
 .text.Default_Handler
                0x080089b0        0x2 ./Core/Startup/startup_stm32f103r8tx.o
                0x080089b0                RTC_Alarm_IRQHandler
                0x080089b0                EXTI2_IRQHandler
                0x080089b0                TIM1_CC_IRQHandler
                0x080089b0                PVD_IRQHandler
                0x080089b0                EXTI3_IRQHandler
                0x080089b0                EXTI0_IRQHandler
                0x080089b0                I2C2_EV_IRQHandler
                0x080089b0                SPI1_IRQHandler
                0x080089b0                TAMPER_IRQHandler
                0x080089b0                DMA1_Channel4_IRQHandler
                0x080089b0                RTC_IRQHandler
                0x080089b0                DMA1_Channel7_IRQHandler
                0x080089b0                CAN1_RX1_IRQHandler
                0x080089b0                TIM4_IRQHandler
                0x080089b0                I2C1_EV_IRQHandler
                0x080089b0                DMA1_Channel6_IRQHandler
                0x080089b0                TIM3_IRQHandler
                0x080089b0                RCC_IRQHandler
                0x080089b0                TIM1_TRG_COM_IRQHandler
                0x080089b0                Default_Handler
                0x080089b0                EXTI15_10_IRQHandler
                0x080089b0                EXTI9_5_IRQHandler
                0x080089b0                SPI2_IRQHandler
                0x080089b0                DMA1_Channel5_IRQHandler
                0x080089b0                EXTI4_IRQHandler
                0x080089b0                USB_LP_CAN1_RX0_IRQHandler
                0x080089b0                USB_HP_CAN1_TX_IRQHandler
                0x080089b0                DMA1_Channel3_IRQHandler
                0x080089b0                TIM1_UP_IRQHandler
                0x080089b0                WWDG_IRQHandler
                0x080089b0                TIM1_BRK_IRQHandler
                0x080089b0                EXTI1_IRQHandler
                0x080089b0                USART2_IRQHandler
                0x080089b0                I2C2_ER_IRQHandler
                0x080089b0                DMA1_Channel2_IRQHandler
                0x080089b0                CAN1_SCE_IRQHandler
                0x080089b0                FLASH_IRQHandler
                0x080089b0                I2C1_ER_IRQHandler
                0x080089b0                USBWakeUp_IRQHandler
 *fill*         0x080089b2        0x2 
 .text.HAL_InitTick
                0x080089b4       0x48 ./Drivers/STM32F1xx_HAL_Driver/Src/stm32f1xx_hal.o
                0x080089b4                HAL_InitTick
 .text.HAL_Init
                0x080089fc       0x24 ./Drivers/STM32F1xx_HAL_Driver/Src/stm32f1xx_hal.o
                0x080089fc                HAL_Init
 .text.HAL_IncTick
                0x08008a20       0x18 ./Drivers/STM32F1xx_HAL_Driver/Src/stm32f1xx_hal.o
                0x08008a20                HAL_IncTick
 .text.HAL_GetTick
                0x08008a38        0xc ./Drivers/STM32F1xx_HAL_Driver/Src/stm32f1xx_hal.o
                0x08008a38                HAL_GetTick
 .text.HAL_Delay
                0x08008a44       0x24 ./Drivers/STM32F1xx_HAL_Driver/Src/stm32f1xx_hal.o
                0x08008a44                HAL_Delay
 .text.ADC_DMAConvCplt
                0x08008a68       0x4e ./Drivers/STM32F1xx_HAL_Driver/Src/stm32f1xx_hal_adc.o
                0x08008a68                ADC_DMAConvCplt
 .text.HAL_ADC_ConvHalfCpltCallback
                0x08008ab6        0x2 ./Drivers/STM32F1xx_HAL_Driver/Src/stm32f1xx_hal_adc.o
                0x08008ab6                HAL_ADC_ConvHalfCpltCallback
 .text.ADC_DMAHalfConvCplt
                0x08008ab8        0xa ./Drivers/STM32F1xx_HAL_Driver/Src/stm32f1xx_hal_adc.o
                0x08008ab8                ADC_DMAHalfConvCplt
 .text.HAL_ADC_LevelOutOfWindowCallback
                0x08008ac2        0x2 ./Drivers/STM32F1xx_HAL_Driver/Src/stm32f1xx_hal_adc.o
                0x08008ac2                HAL_ADC_LevelOutOfWindowCallback
 .text.HAL_ADC_IRQHandler
                0x08008ac4       0xe2 ./Drivers/STM32F1xx_HAL_Driver/Src/stm32f1xx_hal_adc.o
                0x08008ac4                HAL_ADC_IRQHandler
 .text.HAL_ADC_ErrorCallback
                0x08008ba6        0x2 ./Drivers/STM32F1xx_HAL_Driver/Src/stm32f1xx_hal_adc.o
                0x08008ba6                HAL_ADC_ErrorCallback
 .text.ADC_DMAError
                0x08008ba8       0x1a ./Drivers/STM32F1xx_HAL_Driver/Src/stm32f1xx_hal_adc.o
                0x08008ba8                ADC_DMAError
 *fill*         0x08008bc2        0x2 
 .text.HAL_ADC_ConfigChannel
                0x08008bc4       0xfc ./Drivers/STM32F1xx_HAL_Driver/Src/stm32f1xx_hal_adc.o
                0x08008bc4                HAL_ADC_ConfigChannel
 .text.ADC_Enable
                0x08008cc0       0x78 ./Drivers/STM32F1xx_HAL_Driver/Src/stm32f1xx_hal_adc.o
                0x08008cc0                ADC_Enable
 .text.HAL_ADC_Start_DMA
                0x08008d38      0x11c ./Drivers/STM32F1xx_HAL_Driver/Src/stm32f1xx_hal_adc.o
                0x08008d38                HAL_ADC_Start_DMA
 .text.ADC_ConversionStop_Disable
                0x08008e54       0x4c ./Drivers/STM32F1xx_HAL_Driver/Src/stm32f1xx_hal_adc.o
                0x08008e54                ADC_ConversionStop_Disable
 .text.HAL_ADC_Init
                0x08008ea0       0xfc ./Drivers/STM32F1xx_HAL_Driver/Src/stm32f1xx_hal_adc.o
                0x08008ea0                HAL_ADC_Init
 .text.HAL_ADCEx_Calibration_Start
                0x08008f9c       0xe0 ./Drivers/STM32F1xx_HAL_Driver/Src/stm32f1xx_hal_adc_ex.o
                0x08008f9c                HAL_ADCEx_Calibration_Start
 .text.HAL_ADCEx_InjectedConvCpltCallback
                0x0800907c        0x2 ./Drivers/STM32F1xx_HAL_Driver/Src/stm32f1xx_hal_adc_ex.o
                0x0800907c                HAL_ADCEx_InjectedConvCpltCallback
 *fill*         0x0800907e        0x2 
 .text.HAL_NVIC_SetPriorityGrouping
                0x08009080       0x24 ./Drivers/STM32F1xx_HAL_Driver/Src/stm32f1xx_hal_cortex.o
                0x08009080                HAL_NVIC_SetPriorityGrouping
 .text.HAL_NVIC_SetPriority
                0x080090a4       0x60 ./Drivers/STM32F1xx_HAL_Driver/Src/stm32f1xx_hal_cortex.o
                0x080090a4                HAL_NVIC_SetPriority
 .text.HAL_NVIC_EnableIRQ
                0x08009104       0x1c ./Drivers/STM32F1xx_HAL_Driver/Src/stm32f1xx_hal_cortex.o
                0x08009104                HAL_NVIC_EnableIRQ
 .text.HAL_NVIC_SystemReset
                0x08009120       0x24 ./Drivers/STM32F1xx_HAL_Driver/Src/stm32f1xx_hal_cortex.o
                0x08009120                HAL_NVIC_SystemReset
 .text.HAL_SYSTICK_Config
                0x08009144       0x28 ./Drivers/STM32F1xx_HAL_Driver/Src/stm32f1xx_hal_cortex.o
                0x08009144                HAL_SYSTICK_Config
 .text.HAL_DMA_Init
                0x0800916c       0x60 ./Drivers/STM32F1xx_HAL_Driver/Src/stm32f1xx_hal_dma.o
                0x0800916c                HAL_DMA_Init
 .text.HAL_DMA_Start_IT
                0x080091cc       0x78 ./Drivers/STM32F1xx_HAL_Driver/Src/stm32f1xx_hal_dma.o
                0x080091cc                HAL_DMA_Start_IT
 .text.HAL_DMA_Abort
                0x08009244       0x3e ./Drivers/STM32F1xx_HAL_Driver/Src/stm32f1xx_hal_dma.o
                0x08009244                HAL_DMA_Abort
 *fill*         0x08009282        0x2 
 .text.HAL_DMA_Abort_IT
                0x08009284       0x8c ./Drivers/STM32F1xx_HAL_Driver/Src/stm32f1xx_hal_dma.o
                0x08009284                HAL_DMA_Abort_IT
 .text.HAL_DMA_IRQHandler
                0x08009310      0x128 ./Drivers/STM32F1xx_HAL_Driver/Src/stm32f1xx_hal_dma.o
                0x08009310                HAL_DMA_IRQHandler
 .text.FLASH_SetErrorCode
                0x08009438       0x50 ./Drivers/STM32F1xx_HAL_Driver/Src/stm32f1xx_hal_flash.o
 .text.HAL_FLASH_Unlock
                0x08009488       0x24 ./Drivers/STM32F1xx_HAL_Driver/Src/stm32f1xx_hal_flash.o
                0x08009488                HAL_FLASH_Unlock
 .text.HAL_FLASH_Lock
                0x080094ac       0x14 ./Drivers/STM32F1xx_HAL_Driver/Src/stm32f1xx_hal_flash.o
                0x080094ac                HAL_FLASH_Lock
 .text.HAL_FLASH_GetError
                0x080094c0        0xc ./Drivers/STM32F1xx_HAL_Driver/Src/stm32f1xx_hal_flash.o
                0x080094c0                HAL_FLASH_GetError
 .text.FLASH_WaitForLastOperation
                0x080094cc       0x54 ./Drivers/STM32F1xx_HAL_Driver/Src/stm32f1xx_hal_flash.o
                0x080094cc                FLASH_WaitForLastOperation
 .text.HAL_FLASH_Program
                0x08009520       0xa4 ./Drivers/STM32F1xx_HAL_Driver/Src/stm32f1xx_hal_flash.o
                0x08009520                HAL_FLASH_Program
 .text.FLASH_PageErase
                0x080095c4       0x24 ./Drivers/STM32F1xx_HAL_Driver/Src/stm32f1xx_hal_flash_ex.o
                0x080095c4                FLASH_PageErase
 .text.HAL_FLASHEx_Erase
                0x080095e8       0xa8 ./Drivers/STM32F1xx_HAL_Driver/Src/stm32f1xx_hal_flash_ex.o
                0x080095e8                HAL_FLASHEx_Erase
 .text.HAL_GPIO_Init
                0x08009690      0x1a8 ./Drivers/STM32F1xx_HAL_Driver/Src/stm32f1xx_hal_gpio.o
                0x08009690                HAL_GPIO_Init
 .text.HAL_GPIO_ReadPin
                0x08009838        0xc ./Drivers/STM32F1xx_HAL_Driver/Src/stm32f1xx_hal_gpio.o
                0x08009838                HAL_GPIO_ReadPin
 .text.HAL_GPIO_WritePin
                0x08009844        0xa ./Drivers/STM32F1xx_HAL_Driver/Src/stm32f1xx_hal_gpio.o
                0x08009844                HAL_GPIO_WritePin
 .text.HAL_GPIO_TogglePin
                0x0800984e       0x12 ./Drivers/STM32F1xx_HAL_Driver/Src/stm32f1xx_hal_gpio.o
                0x0800984e                HAL_GPIO_TogglePin
 .text.HAL_PWR_EnableBkUpAccess
                0x08009860        0xc ./Drivers/STM32F1xx_HAL_Driver/Src/stm32f1xx_hal_pwr.o
                0x08009860                HAL_PWR_EnableBkUpAccess
 .text.HAL_RCC_OscConfig
                0x0800986c      0x338 ./Drivers/STM32F1xx_HAL_Driver/Src/stm32f1xx_hal_rcc.o
                0x0800986c                HAL_RCC_OscConfig
 .text.HAL_RCC_GetSysClockFreq
                0x08009ba4       0x4c ./Drivers/STM32F1xx_HAL_Driver/Src/stm32f1xx_hal_rcc.o
                0x08009ba4                HAL_RCC_GetSysClockFreq
 .text.HAL_RCC_ClockConfig
                0x08009bf0      0x138 ./Drivers/STM32F1xx_HAL_Driver/Src/stm32f1xx_hal_rcc.o
                0x08009bf0                HAL_RCC_ClockConfig
 .text.HAL_RCC_GetPCLK1Freq
                0x08009d28       0x20 ./Drivers/STM32F1xx_HAL_Driver/Src/stm32f1xx_hal_rcc.o
                0x08009d28                HAL_RCC_GetPCLK1Freq
 .text.HAL_RCC_GetPCLK2Freq
                0x08009d48       0x20 ./Drivers/STM32F1xx_HAL_Driver/Src/stm32f1xx_hal_rcc.o
                0x08009d48                HAL_RCC_GetPCLK2Freq
 .text.HAL_RCCEx_PeriphCLKConfig
                0x08009d68       0xf4 ./Drivers/STM32F1xx_HAL_Driver/Src/stm32f1xx_hal_rcc_ex.o
                0x08009d68                HAL_RCCEx_PeriphCLKConfig
 .text.HAL_RCCEx_GetPeriphCLKFreq
                0x08009e5c       0xbc ./Drivers/STM32F1xx_HAL_Driver/Src/stm32f1xx_hal_rcc_ex.o
                0x08009e5c                HAL_RCCEx_GetPeriphCLKFreq
 .text.RTC_ReadTimeCounter
                0x08009f18       0x24 ./Drivers/STM32F1xx_HAL_Driver/Src/stm32f1xx_hal_rtc.o
 .text.RTC_ReadAlarmCounter
                0x08009f3c        0xe ./Drivers/STM32F1xx_HAL_Driver/Src/stm32f1xx_hal_rtc.o
 .text.RTC_Bcd2ToByte
                0x08009f4a       0x10 ./Drivers/STM32F1xx_HAL_Driver/Src/stm32f1xx_hal_rtc.o
 .text.RTC_WeekDayNum
                0x08009f5a       0x62 ./Drivers/STM32F1xx_HAL_Driver/Src/stm32f1xx_hal_rtc.o
 .text.RTC_EnterInitMode
                0x08009fbc       0x2e ./Drivers/STM32F1xx_HAL_Driver/Src/stm32f1xx_hal_rtc.o
 .text.RTC_ExitInitMode
                0x08009fea       0x30 ./Drivers/STM32F1xx_HAL_Driver/Src/stm32f1xx_hal_rtc.o
 .text.RTC_WriteTimeCounter
                0x0800a01a       0x28 ./Drivers/STM32F1xx_HAL_Driver/Src/stm32f1xx_hal_rtc.o
 .text.RTC_WriteAlarmCounter
                0x0800a042       0x28 ./Drivers/STM32F1xx_HAL_Driver/Src/stm32f1xx_hal_rtc.o
 .text.HAL_RTC_SetTime
                0x0800a06a       0xa2 ./Drivers/STM32F1xx_HAL_Driver/Src/stm32f1xx_hal_rtc.o
                0x0800a06a                HAL_RTC_SetTime
 .text.HAL_RTC_SetDate
                0x0800a10c       0xac ./Drivers/STM32F1xx_HAL_Driver/Src/stm32f1xx_hal_rtc.o
                0x0800a10c                HAL_RTC_SetDate
 .text.HAL_RTC_WaitForSynchro
                0x0800a1b8       0x36 ./Drivers/STM32F1xx_HAL_Driver/Src/stm32f1xx_hal_rtc.o
                0x0800a1b8                HAL_RTC_WaitForSynchro
 *fill*         0x0800a1ee        0x2 
 .text.HAL_RTC_Init
                0x0800a1f0       0x8c ./Drivers/STM32F1xx_HAL_Driver/Src/stm32f1xx_hal_rtc.o
                0x0800a1f0                HAL_RTC_Init
 .text.TIM_OC1_SetConfig
                0x0800a27c       0x50 ./Drivers/STM32F1xx_HAL_Driver/Src/stm32f1xx_hal_tim.o
 .text.TIM_OC3_SetConfig
                0x0800a2cc       0x54 ./Drivers/STM32F1xx_HAL_Driver/Src/stm32f1xx_hal_tim.o
 .text.TIM_OC4_SetConfig
                0x0800a320       0x44 ./Drivers/STM32F1xx_HAL_Driver/Src/stm32f1xx_hal_tim.o
 .text.HAL_TIM_Base_Start_IT
                0x0800a364       0x54 ./Drivers/STM32F1xx_HAL_Driver/Src/stm32f1xx_hal_tim.o
                0x0800a364                HAL_TIM_Base_Start_IT
 .text.HAL_TIM_PWM_MspInit
                0x0800a3b8        0x2 ./Drivers/STM32F1xx_HAL_Driver/Src/stm32f1xx_hal_tim.o
                0x0800a3b8                HAL_TIM_PWM_MspInit
 .text.HAL_TIM_OC_DelayElapsedCallback
                0x0800a3ba        0x2 ./Drivers/STM32F1xx_HAL_Driver/Src/stm32f1xx_hal_tim.o
                0x0800a3ba                HAL_TIM_OC_DelayElapsedCallback
 .text.HAL_TIM_IC_CaptureCallback
                0x0800a3bc        0x2 ./Drivers/STM32F1xx_HAL_Driver/Src/stm32f1xx_hal_tim.o
                0x0800a3bc                HAL_TIM_IC_CaptureCallback
 .text.HAL_TIM_PWM_PulseFinishedCallback
                0x0800a3be        0x2 ./Drivers/STM32F1xx_HAL_Driver/Src/stm32f1xx_hal_tim.o
                0x0800a3be                HAL_TIM_PWM_PulseFinishedCallback
 .text.HAL_TIM_TriggerCallback
                0x0800a3c0        0x2 ./Drivers/STM32F1xx_HAL_Driver/Src/stm32f1xx_hal_tim.o
                0x0800a3c0                HAL_TIM_TriggerCallback
 .text.HAL_TIM_IRQHandler
                0x0800a3c2      0x128 ./Drivers/STM32F1xx_HAL_Driver/Src/stm32f1xx_hal_tim.o
                0x0800a3c2                HAL_TIM_IRQHandler
 *fill*         0x0800a4ea        0x2 
 .text.TIM_Base_SetConfig
                0x0800a4ec       0x64 ./Drivers/STM32F1xx_HAL_Driver/Src/stm32f1xx_hal_tim.o
                0x0800a4ec                TIM_Base_SetConfig
 .text.HAL_TIM_Base_Init
                0x0800a550       0x58 ./Drivers/STM32F1xx_HAL_Driver/Src/stm32f1xx_hal_tim.o
                0x0800a550                HAL_TIM_Base_Init
 .text.HAL_TIM_PWM_Init
                0x0800a5a8       0x58 ./Drivers/STM32F1xx_HAL_Driver/Src/stm32f1xx_hal_tim.o
                0x0800a5a8                HAL_TIM_PWM_Init
 .text.TIM_OC2_SetConfig
                0x0800a600       0x58 ./Drivers/STM32F1xx_HAL_Driver/Src/stm32f1xx_hal_tim.o
                0x0800a600                TIM_OC2_SetConfig
 .text.HAL_TIM_PWM_ConfigChannel
                0x0800a658       0xb0 ./Drivers/STM32F1xx_HAL_Driver/Src/stm32f1xx_hal_tim.o
                0x0800a658                HAL_TIM_PWM_ConfigChannel
 .text.TIM_ETR_SetConfig
                0x0800a708       0x14 ./Drivers/STM32F1xx_HAL_Driver/Src/stm32f1xx_hal_tim.o
                0x0800a708                TIM_ETR_SetConfig
 .text.HAL_TIM_ConfigClockSource
                0x0800a71c      0x132 ./Drivers/STM32F1xx_HAL_Driver/Src/stm32f1xx_hal_tim.o
                0x0800a71c                HAL_TIM_ConfigClockSource
 .text.TIM_CCxChannelCmd
                0x0800a84e       0x1c ./Drivers/STM32F1xx_HAL_Driver/Src/stm32f1xx_hal_tim.o
                0x0800a84e                TIM_CCxChannelCmd
 *fill*         0x0800a86a        0x2 
 .text.HAL_TIM_OC_Start
                0x0800a86c       0x9c ./Drivers/STM32F1xx_HAL_Driver/Src/stm32f1xx_hal_tim.o
                0x0800a86c                HAL_TIM_OC_Start
 .text.HAL_TIM_PWM_Start
                0x0800a908        0x4 ./Drivers/STM32F1xx_HAL_Driver/Src/stm32f1xx_hal_tim.o
                0x0800a908                HAL_TIM_PWM_Start
 .text.HAL_TIMEx_MasterConfigSynchronization
                0x0800a90c       0x5c ./Drivers/STM32F1xx_HAL_Driver/Src/stm32f1xx_hal_tim_ex.o
                0x0800a90c                HAL_TIMEx_MasterConfigSynchronization
 .text.HAL_TIMEx_CommutCallback
                0x0800a968        0x2 ./Drivers/STM32F1xx_HAL_Driver/Src/stm32f1xx_hal_tim_ex.o
                0x0800a968                HAL_TIMEx_CommutCallback
 .text.HAL_TIMEx_BreakCallback
                0x0800a96a        0x2 ./Drivers/STM32F1xx_HAL_Driver/Src/stm32f1xx_hal_tim_ex.o
                0x0800a96a                HAL_TIMEx_BreakCallback
 .text.UART_EndRxTransfer
                0x0800a96c       0x5c ./Drivers/STM32F1xx_HAL_Driver/Src/stm32f1xx_hal_uart.o
 .text.UART_SetConfig
                0x0800a9c8       0x74 ./Drivers/STM32F1xx_HAL_Driver/Src/stm32f1xx_hal_uart.o
 .text.HAL_UART_Init
                0x0800aa3c       0x5e ./Drivers/STM32F1xx_HAL_Driver/Src/stm32f1xx_hal_uart.o
                0x0800aa3c                HAL_UART_Init
 .text.HAL_UART_Transmit_IT
                0x0800aa9a       0x32 ./Drivers/STM32F1xx_HAL_Driver/Src/stm32f1xx_hal_uart.o
                0x0800aa9a                HAL_UART_Transmit_IT
 .text.UART_DMAAbortOnError
                0x0800aacc       0x10 ./Drivers/STM32F1xx_HAL_Driver/Src/stm32f1xx_hal_uart.o
 .text.HAL_UART_AbortReceiveCpltCallback
                0x0800aadc        0x2 ./Drivers/STM32F1xx_HAL_Driver/Src/stm32f1xx_hal_uart.o
                0x0800aadc                HAL_UART_AbortReceiveCpltCallback
 *fill*         0x0800aade        0x2 
 .text.HAL_UART_AbortReceive_IT
                0x0800aae0       0xb0 ./Drivers/STM32F1xx_HAL_Driver/Src/stm32f1xx_hal_uart.o
                0x0800aae0                HAL_UART_AbortReceive_IT
 .text.UART_DMARxOnlyAbortCallback
                0x0800ab90       0x16 ./Drivers/STM32F1xx_HAL_Driver/Src/stm32f1xx_hal_uart.o
 .text.HAL_UARTEx_RxEventCallback
                0x0800aba6        0x2 ./Drivers/STM32F1xx_HAL_Driver/Src/stm32f1xx_hal_uart.o
                0x0800aba6                HAL_UARTEx_RxEventCallback
 .text.UART_Receive_IT.isra.0
                0x0800aba8       0xb6 ./Drivers/STM32F1xx_HAL_Driver/Src/stm32f1xx_hal_uart.o
 *fill*         0x0800ac5e        0x2 
 .text.HAL_UART_IRQHandler
                0x0800ac60      0x294 ./Drivers/STM32F1xx_HAL_Driver/Src/stm32f1xx_hal_uart.o
                0x0800ac60                HAL_UART_IRQHandler
 .text.UART_Start_Receive_IT
                0x0800aef4       0x32 ./Drivers/STM32F1xx_HAL_Driver/Src/stm32f1xx_hal_uart.o
                0x0800aef4                UART_Start_Receive_IT
 .text.HAL_UART_Receive_IT
                0x0800af26       0x22 ./Drivers/STM32F1xx_HAL_Driver/Src/stm32f1xx_hal_uart.o
                0x0800af26                HAL_UART_Receive_IT
 .text.std      0x0800af48       0x6c C:/ST/STM32CubeIDE_1.19.0/STM32CubeIDE/plugins/com.st.stm32cube.ide.mcu.externaltools.gnu-tools-for-stm32.13.3.rel1.win32_1.0.0.202411081344/tools/bin/../lib/gcc/arm-none-eabi/13.3.1/../../../../arm-none-eabi/lib/thumb/v7-m/nofp\libc_nano.a(libc_a-findfp.o)
 .text.stdio_exit_handler
                0x0800afb4       0x18 C:/ST/STM32CubeIDE_1.19.0/STM32CubeIDE/plugins/com.st.stm32cube.ide.mcu.externaltools.gnu-tools-for-stm32.13.3.rel1.win32_1.0.0.202411081344/tools/bin/../lib/gcc/arm-none-eabi/13.3.1/../../../../arm-none-eabi/lib/thumb/v7-m/nofp\libc_nano.a(libc_a-findfp.o)
 .text.cleanup_stdio
                0x0800afcc       0x40 C:/ST/STM32CubeIDE_1.19.0/STM32CubeIDE/plugins/com.st.stm32cube.ide.mcu.externaltools.gnu-tools-for-stm32.13.3.rel1.win32_1.0.0.202411081344/tools/bin/../lib/gcc/arm-none-eabi/13.3.1/../../../../arm-none-eabi/lib/thumb/v7-m/nofp\libc_nano.a(libc_a-findfp.o)
 .text.global_stdio_init.part.0
                0x0800b00c       0x3c C:/ST/STM32CubeIDE_1.19.0/STM32CubeIDE/plugins/com.st.stm32cube.ide.mcu.externaltools.gnu-tools-for-stm32.13.3.rel1.win32_1.0.0.202411081344/tools/bin/../lib/gcc/arm-none-eabi/13.3.1/../../../../arm-none-eabi/lib/thumb/v7-m/nofp\libc_nano.a(libc_a-findfp.o)
 .text.__sfp_lock_acquire
                0x0800b048        0xc C:/ST/STM32CubeIDE_1.19.0/STM32CubeIDE/plugins/com.st.stm32cube.ide.mcu.externaltools.gnu-tools-for-stm32.13.3.rel1.win32_1.0.0.202411081344/tools/bin/../lib/gcc/arm-none-eabi/13.3.1/../../../../arm-none-eabi/lib/thumb/v7-m/nofp\libc_nano.a(libc_a-findfp.o)
                0x0800b048                __sfp_lock_acquire
 .text.__sfp_lock_release
                0x0800b054        0xc C:/ST/STM32CubeIDE_1.19.0/STM32CubeIDE/plugins/com.st.stm32cube.ide.mcu.externaltools.gnu-tools-for-stm32.13.3.rel1.win32_1.0.0.202411081344/tools/bin/../lib/gcc/arm-none-eabi/13.3.1/../../../../arm-none-eabi/lib/thumb/v7-m/nofp\libc_nano.a(libc_a-findfp.o)
                0x0800b054                __sfp_lock_release
 .text.__sinit  0x0800b060       0x30 C:/ST/STM32CubeIDE_1.19.0/STM32CubeIDE/plugins/com.st.stm32cube.ide.mcu.externaltools.gnu-tools-for-stm32.13.3.rel1.win32_1.0.0.202411081344/tools/bin/../lib/gcc/arm-none-eabi/13.3.1/../../../../arm-none-eabi/lib/thumb/v7-m/nofp\libc_nano.a(libc_a-findfp.o)
                0x0800b060                __sinit
 .text._fwalk_sglue
                0x0800b090       0x3c C:/ST/STM32CubeIDE_1.19.0/STM32CubeIDE/plugins/com.st.stm32cube.ide.mcu.externaltools.gnu-tools-for-stm32.13.3.rel1.win32_1.0.0.202411081344/tools/bin/../lib/gcc/arm-none-eabi/13.3.1/../../../../arm-none-eabi/lib/thumb/v7-m/nofp\libc_nano.a(libc_a-fwalk.o)
                0x0800b090                _fwalk_sglue
 .text._puts_r  0x0800b0cc       0xaa C:/ST/STM32CubeIDE_1.19.0/STM32CubeIDE/plugins/com.st.stm32cube.ide.mcu.externaltools.gnu-tools-for-stm32.13.3.rel1.win32_1.0.0.202411081344/tools/bin/../lib/gcc/arm-none-eabi/13.3.1/../../../../arm-none-eabi/lib/thumb/v7-m/nofp\libc_nano.a(libc_a-puts.o)
                0x0800b0cc                _puts_r
 *fill*         0x0800b176        0x2 
 .text.puts     0x0800b178       0x10 C:/ST/STM32CubeIDE_1.19.0/STM32CubeIDE/plugins/com.st.stm32cube.ide.mcu.externaltools.gnu-tools-for-stm32.13.3.rel1.win32_1.0.0.202411081344/tools/bin/../lib/gcc/arm-none-eabi/13.3.1/../../../../arm-none-eabi/lib/thumb/v7-m/nofp\libc_nano.a(libc_a-puts.o)
                0x0800b178                puts
 .text.__sread  0x0800b188       0x22 C:/ST/STM32CubeIDE_1.19.0/STM32CubeIDE/plugins/com.st.stm32cube.ide.mcu.externaltools.gnu-tools-for-stm32.13.3.rel1.win32_1.0.0.202411081344/tools/bin/../lib/gcc/arm-none-eabi/13.3.1/../../../../arm-none-eabi/lib/thumb/v7-m/nofp\libc_nano.a(libc_a-stdio.o)
                0x0800b188                __sread
 .text.__swrite
                0x0800b1aa       0x38 C:/ST/STM32CubeIDE_1.19.0/STM32CubeIDE/plugins/com.st.stm32cube.ide.mcu.externaltools.gnu-tools-for-stm32.13.3.rel1.win32_1.0.0.202411081344/tools/bin/../lib/gcc/arm-none-eabi/13.3.1/../../../../arm-none-eabi/lib/thumb/v7-m/nofp\libc_nano.a(libc_a-stdio.o)
                0x0800b1aa                __swrite
 .text.__sseek  0x0800b1e2       0x24 C:/ST/STM32CubeIDE_1.19.0/STM32CubeIDE/plugins/com.st.stm32cube.ide.mcu.externaltools.gnu-tools-for-stm32.13.3.rel1.win32_1.0.0.202411081344/tools/bin/../lib/gcc/arm-none-eabi/13.3.1/../../../../arm-none-eabi/lib/thumb/v7-m/nofp\libc_nano.a(libc_a-stdio.o)
                0x0800b1e2                __sseek
 .text.__sclose
                0x0800b206        0x8 C:/ST/STM32CubeIDE_1.19.0/STM32CubeIDE/plugins/com.st.stm32cube.ide.mcu.externaltools.gnu-tools-for-stm32.13.3.rel1.win32_1.0.0.202411081344/tools/bin/../lib/gcc/arm-none-eabi/13.3.1/../../../../arm-none-eabi/lib/thumb/v7-m/nofp\libc_nano.a(libc_a-stdio.o)
                0x0800b206                __sclose
 .text.__swbuf_r
                0x0800b20e       0x7c C:/ST/STM32CubeIDE_1.19.0/STM32CubeIDE/plugins/com.st.stm32cube.ide.mcu.externaltools.gnu-tools-for-stm32.13.3.rel1.win32_1.0.0.202411081344/tools/bin/../lib/gcc/arm-none-eabi/13.3.1/../../../../arm-none-eabi/lib/thumb/v7-m/nofp\libc_nano.a(libc_a-wbuf.o)
                0x0800b20e                __swbuf_r
 *fill*         0x0800b28a        0x2 
 .text.__swsetup_r
                0x0800b28c       0xac C:/ST/STM32CubeIDE_1.19.0/STM32CubeIDE/plugins/com.st.stm32cube.ide.mcu.externaltools.gnu-tools-for-stm32.13.3.rel1.win32_1.0.0.202411081344/tools/bin/../lib/gcc/arm-none-eabi/13.3.1/../../../../arm-none-eabi/lib/thumb/v7-m/nofp\libc_nano.a(libc_a-wsetup.o)
                0x0800b28c                __swsetup_r
 .text.memset   0x0800b338       0x10 C:/ST/STM32CubeIDE_1.19.0/STM32CubeIDE/plugins/com.st.stm32cube.ide.mcu.externaltools.gnu-tools-for-stm32.13.3.rel1.win32_1.0.0.202411081344/tools/bin/../lib/gcc/arm-none-eabi/13.3.1/../../../../arm-none-eabi/lib/thumb/v7-m/nofp\libc_nano.a(libc_a-memset.o)
                0x0800b338                memset
 .text._close_r
                0x0800b348       0x20 C:/ST/STM32CubeIDE_1.19.0/STM32CubeIDE/plugins/com.st.stm32cube.ide.mcu.externaltools.gnu-tools-for-stm32.13.3.rel1.win32_1.0.0.202411081344/tools/bin/../lib/gcc/arm-none-eabi/13.3.1/../../../../arm-none-eabi/lib/thumb/v7-m/nofp\libc_nano.a(libc_a-closer.o)
                0x0800b348                _close_r
 .text._lseek_r
                0x0800b368       0x24 C:/ST/STM32CubeIDE_1.19.0/STM32CubeIDE/plugins/com.st.stm32cube.ide.mcu.externaltools.gnu-tools-for-stm32.13.3.rel1.win32_1.0.0.202411081344/tools/bin/../lib/gcc/arm-none-eabi/13.3.1/../../../../arm-none-eabi/lib/thumb/v7-m/nofp\libc_nano.a(libc_a-lseekr.o)
                0x0800b368                _lseek_r
 .text._read_r  0x0800b38c       0x24 C:/ST/STM32CubeIDE_1.19.0/STM32CubeIDE/plugins/com.st.stm32cube.ide.mcu.externaltools.gnu-tools-for-stm32.13.3.rel1.win32_1.0.0.202411081344/tools/bin/../lib/gcc/arm-none-eabi/13.3.1/../../../../arm-none-eabi/lib/thumb/v7-m/nofp\libc_nano.a(libc_a-readr.o)
                0x0800b38c                _read_r
 .text._write_r
                0x0800b3b0       0x24 C:/ST/STM32CubeIDE_1.19.0/STM32CubeIDE/plugins/com.st.stm32cube.ide.mcu.externaltools.gnu-tools-for-stm32.13.3.rel1.win32_1.0.0.202411081344/tools/bin/../lib/gcc/arm-none-eabi/13.3.1/../../../../arm-none-eabi/lib/thumb/v7-m/nofp\libc_nano.a(libc_a-writer.o)
                0x0800b3b0                _write_r
 .text.__errno  0x0800b3d4        0xc C:/ST/STM32CubeIDE_1.19.0/STM32CubeIDE/plugins/com.st.stm32cube.ide.mcu.externaltools.gnu-tools-for-stm32.13.3.rel1.win32_1.0.0.202411081344/tools/bin/../lib/gcc/arm-none-eabi/13.3.1/../../../../arm-none-eabi/lib/thumb/v7-m/nofp\libc_nano.a(libc_a-errno.o)
                0x0800b3d4                __errno
 .text.__libc_init_array
                0x0800b3e0       0x48 C:/ST/STM32CubeIDE_1.19.0/STM32CubeIDE/plugins/com.st.stm32cube.ide.mcu.externaltools.gnu-tools-for-stm32.13.3.rel1.win32_1.0.0.202411081344/tools/bin/../lib/gcc/arm-none-eabi/13.3.1/../../../../arm-none-eabi/lib/thumb/v7-m/nofp\libc_nano.a(libc_a-init.o)
                0x0800b3e0                __libc_init_array
 .text.__retarget_lock_init_recursive
                0x0800b428        0x2 C:/ST/STM32CubeIDE_1.19.0/STM32CubeIDE/plugins/com.st.stm32cube.ide.mcu.externaltools.gnu-tools-for-stm32.13.3.rel1.win32_1.0.0.202411081344/tools/bin/../lib/gcc/arm-none-eabi/13.3.1/../../../../arm-none-eabi/lib/thumb/v7-m/nofp\libc_nano.a(libc_a-lock.o)
                0x0800b428                __retarget_lock_init_recursive
 .text.__retarget_lock_acquire_recursive
                0x0800b42a        0x2 C:/ST/STM32CubeIDE_1.19.0/STM32CubeIDE/plugins/com.st.stm32cube.ide.mcu.externaltools.gnu-tools-for-stm32.13.3.rel1.win32_1.0.0.202411081344/tools/bin/../lib/gcc/arm-none-eabi/13.3.1/../../../../arm-none-eabi/lib/thumb/v7-m/nofp\libc_nano.a(libc_a-lock.o)
                0x0800b42a                __retarget_lock_acquire_recursive
 .text.__retarget_lock_release_recursive
                0x0800b42c        0x2 C:/ST/STM32CubeIDE_1.19.0/STM32CubeIDE/plugins/com.st.stm32cube.ide.mcu.externaltools.gnu-tools-for-stm32.13.3.rel1.win32_1.0.0.202411081344/tools/bin/../lib/gcc/arm-none-eabi/13.3.1/../../../../arm-none-eabi/lib/thumb/v7-m/nofp\libc_nano.a(libc_a-lock.o)
                0x0800b42c                __retarget_lock_release_recursive
 *fill*         0x0800b42e        0x2 
 .text._free_r  0x0800b430       0x90 C:/ST/STM32CubeIDE_1.19.0/STM32CubeIDE/plugins/com.st.stm32cube.ide.mcu.externaltools.gnu-tools-for-stm32.13.3.rel1.win32_1.0.0.202411081344/tools/bin/../lib/gcc/arm-none-eabi/13.3.1/../../../../arm-none-eabi/lib/thumb/v7-m/nofp\libc_nano.a(libc_a-freer.o)
                0x0800b430                _free_r
 .text.sbrk_aligned
                0x0800b4c0       0x44 C:/ST/STM32CubeIDE_1.19.0/STM32CubeIDE/plugins/com.st.stm32cube.ide.mcu.externaltools.gnu-tools-for-stm32.13.3.rel1.win32_1.0.0.202411081344/tools/bin/../lib/gcc/arm-none-eabi/13.3.1/../../../../arm-none-eabi/lib/thumb/v7-m/nofp\libc_nano.a(libc_a-mallocr.o)
 .text._malloc_r
                0x0800b504      0x100 C:/ST/STM32CubeIDE_1.19.0/STM32CubeIDE/plugins/com.st.stm32cube.ide.mcu.externaltools.gnu-tools-for-stm32.13.3.rel1.win32_1.0.0.202411081344/tools/bin/../lib/gcc/arm-none-eabi/13.3.1/../../../../arm-none-eabi/lib/thumb/v7-m/nofp\libc_nano.a(libc_a-mallocr.o)
                0x0800b504                _malloc_r
 .text.__malloc_lock
                0x0800b604        0xc C:/ST/STM32CubeIDE_1.19.0/STM32CubeIDE/plugins/com.st.stm32cube.ide.mcu.externaltools.gnu-tools-for-stm32.13.3.rel1.win32_1.0.0.202411081344/tools/bin/../lib/gcc/arm-none-eabi/13.3.1/../../../../arm-none-eabi/lib/thumb/v7-m/nofp\libc_nano.a(libc_a-mlock.o)
                0x0800b604                __malloc_lock
 .text.__malloc_unlock
                0x0800b610        0xc C:/ST/STM32CubeIDE_1.19.0/STM32CubeIDE/plugins/com.st.stm32cube.ide.mcu.externaltools.gnu-tools-for-stm32.13.3.rel1.win32_1.0.0.202411081344/tools/bin/../lib/gcc/arm-none-eabi/13.3.1/../../../../arm-none-eabi/lib/thumb/v7-m/nofp\libc_nano.a(libc_a-mlock.o)
                0x0800b610                __malloc_unlock
 .text.__sflush_r
                0x0800b61c      0x100 C:/ST/STM32CubeIDE_1.19.0/STM32CubeIDE/plugins/com.st.stm32cube.ide.mcu.externaltools.gnu-tools-for-stm32.13.3.rel1.win32_1.0.0.202411081344/tools/bin/../lib/gcc/arm-none-eabi/13.3.1/../../../../arm-none-eabi/lib/thumb/v7-m/nofp\libc_nano.a(libc_a-fflush.o)
                0x0800b61c                __sflush_r
 .text._fflush_r
                0x0800b71c       0x50 C:/ST/STM32CubeIDE_1.19.0/STM32CubeIDE/plugins/com.st.stm32cube.ide.mcu.externaltools.gnu-tools-for-stm32.13.3.rel1.win32_1.0.0.202411081344/tools/bin/../lib/gcc/arm-none-eabi/13.3.1/../../../../arm-none-eabi/lib/thumb/v7-m/nofp\libc_nano.a(libc_a-fflush.o)
                0x0800b71c                _fflush_r
 .text.__swhatbuf_r
                0x0800b76c       0x4a C:/ST/STM32CubeIDE_1.19.0/STM32CubeIDE/plugins/com.st.stm32cube.ide.mcu.externaltools.gnu-tools-for-stm32.13.3.rel1.win32_1.0.0.202411081344/tools/bin/../lib/gcc/arm-none-eabi/13.3.1/../../../../arm-none-eabi/lib/thumb/v7-m/nofp\libc_nano.a(libc_a-makebuf.o)
                0x0800b76c                __swhatbuf_r
 .text.__smakebuf_r
                0x0800b7b6       0x78 C:/ST/STM32CubeIDE_1.19.0/STM32CubeIDE/plugins/com.st.stm32cube.ide.mcu.externaltools.gnu-tools-for-stm32.13.3.rel1.win32_1.0.0.202411081344/tools/bin/../lib/gcc/arm-none-eabi/13.3.1/../../../../arm-none-eabi/lib/thumb/v7-m/nofp\libc_nano.a(libc_a-makebuf.o)
                0x0800b7b6                __smakebuf_r
 *fill*         0x0800b82e        0x2 
 .text._fstat_r
                0x0800b830       0x24 C:/ST/STM32CubeIDE_1.19.0/STM32CubeIDE/plugins/com.st.stm32cube.ide.mcu.externaltools.gnu-tools-for-stm32.13.3.rel1.win32_1.0.0.202411081344/tools/bin/../lib/gcc/arm-none-eabi/13.3.1/../../../../arm-none-eabi/lib/thumb/v7-m/nofp\libc_nano.a(libc_a-fstatr.o)
                0x0800b830                _fstat_r
 .text._isatty_r
                0x0800b854       0x20 C:/ST/STM32CubeIDE_1.19.0/STM32CubeIDE/plugins/com.st.stm32cube.ide.mcu.externaltools.gnu-tools-for-stm32.13.3.rel1.win32_1.0.0.202411081344/tools/bin/../lib/gcc/arm-none-eabi/13.3.1/../../../../arm-none-eabi/lib/thumb/v7-m/nofp\libc_nano.a(libc_a-isattyr.o)
                0x0800b854                _isatty_r
 .text._sbrk_r  0x0800b874       0x20 C:/ST/STM32CubeIDE_1.19.0/STM32CubeIDE/plugins/com.st.stm32cube.ide.mcu.externaltools.gnu-tools-for-stm32.13.3.rel1.win32_1.0.0.202411081344/tools/bin/../lib/gcc/arm-none-eabi/13.3.1/../../../../arm-none-eabi/lib/thumb/v7-m/nofp\libc_nano.a(libc_a-sbrkr.o)
                0x0800b874                _sbrk_r
 .text.log      0x0800b894       0x64 C:/ST/STM32CubeIDE_1.19.0/STM32CubeIDE/plugins/com.st.stm32cube.ide.mcu.externaltools.gnu-tools-for-stm32.13.3.rel1.win32_1.0.0.202411081344/tools/bin/../lib/gcc/arm-none-eabi/13.3.1/../../../../arm-none-eabi/lib/thumb/v7-m/nofp\libm.a(libm_a-w_log.o)
                0x0800b894                log
 .text.nan      0x0800b8f8        0xc C:/ST/STM32CubeIDE_1.19.0/STM32CubeIDE/plugins/com.st.stm32cube.ide.mcu.externaltools.gnu-tools-for-stm32.13.3.rel1.win32_1.0.0.202411081344/tools/bin/../lib/gcc/arm-none-eabi/13.3.1/../../../../arm-none-eabi/lib/thumb/v7-m/nofp\libm.a(libm_a-s_nan.o)
                0x0800b8f8                nan
 *fill*         0x0800b904        0x4 
 .text.__ieee754_log
                0x0800b908      0x364 C:/ST/STM32CubeIDE_1.19.0/STM32CubeIDE/plugins/com.st.stm32cube.ide.mcu.externaltools.gnu-tools-for-stm32.13.3.rel1.win32_1.0.0.202411081344/tools/bin/../lib/gcc/arm-none-eabi/13.3.1/../../../../arm-none-eabi/lib/thumb/v7-m/nofp\libm.a(libm_a-e_log.o)
                0x0800b908                __ieee754_log
 *(.glue_7)
 .glue_7        0x0800bc6c        0x0 linker stubs
 *(.glue_7t)
 .glue_7t       0x0800bc6c        0x0 linker stubs
 *(.eh_frame)
 .eh_frame      0x0800bc6c        0x0 C:/ST/STM32CubeIDE_1.19.0/STM32CubeIDE/plugins/com.st.stm32cube.ide.mcu.externaltools.gnu-tools-for-stm32.13.3.rel1.win32_1.0.0.202411081344/tools/bin/../lib/gcc/arm-none-eabi/13.3.1/thumb/v7-m/nofp/crtbegin.o
 *(.init)
 .init          0x0800bc6c        0x4 C:/ST/STM32CubeIDE_1.19.0/STM32CubeIDE/plugins/com.st.stm32cube.ide.mcu.externaltools.gnu-tools-for-stm32.13.3.rel1.win32_1.0.0.202411081344/tools/bin/../lib/gcc/arm-none-eabi/13.3.1/thumb/v7-m/nofp/crti.o
                0x0800bc6c                _init
 .init          0x0800bc70        0x8 C:/ST/STM32CubeIDE_1.19.0/STM32CubeIDE/plugins/com.st.stm32cube.ide.mcu.externaltools.gnu-tools-for-stm32.13.3.rel1.win32_1.0.0.202411081344/tools/bin/../lib/gcc/arm-none-eabi/13.3.1/thumb/v7-m/nofp/crtn.o
 *(.fini)
 .fini          0x0800bc78        0x4 C:/ST/STM32CubeIDE_1.19.0/STM32CubeIDE/plugins/com.st.stm32cube.ide.mcu.externaltools.gnu-tools-for-stm32.13.3.rel1.win32_1.0.0.202411081344/tools/bin/../lib/gcc/arm-none-eabi/13.3.1/thumb/v7-m/nofp/crti.o
                0x0800bc78                _fini
 .fini          0x0800bc7c        0x8 C:/ST/STM32CubeIDE_1.19.0/STM32CubeIDE/plugins/com.st.stm32cube.ide.mcu.externaltools.gnu-tools-for-stm32.13.3.rel1.win32_1.0.0.202411081344/tools/bin/../lib/gcc/arm-none-eabi/13.3.1/thumb/v7-m/nofp/crtn.o
                0x0800bc84                        . = ALIGN (0x4)
                0x0800bc84                        _etext = .

.vfp11_veneer   0x0800bc84        0x0
 .vfp11_veneer  0x0800bc84        0x0 linker stubs

.v4_bx          0x0800bc84        0x0
 .v4_bx         0x0800bc84        0x0 linker stubs

.iplt           0x0800bc84        0x0
 .iplt          0x0800bc84        0x0 C:/ST/STM32CubeIDE_1.19.0/STM32CubeIDE/plugins/com.st.stm32cube.ide.mcu.externaltools.gnu-tools-for-stm32.13.3.rel1.win32_1.0.0.202411081344/tools/bin/../lib/gcc/arm-none-eabi/13.3.1/thumb/v7-m/nofp/crtbegin.o

.rodata         0x0800bc84       0x70
                0x0800bc84                        . = ALIGN (0x4)
 *(.rodata)
 *(.rodata*)
 .rodata.trackStateTransition.str1.1
                0x0800bc84       0x31 ./Core/Src/state_machine.o
                                 0x18 (size before relaxing)
 .rodata.changeState.constprop.0.str1.1
                0x0800bcb5       0x19 ./Core/Src/state_machine.o
 .rodata.APBPrescTable
                0x0800bcb5        0x8 ./Core/Src/system_stm32f1xx.o
                0x0800bcb5                APBPrescTable
 .rodata.AHBPrescTable
                0x0800bcbd       0x10 ./Core/Src/system_stm32f1xx.o
                0x0800bcbd                AHBPrescTable
 .rodata.aPredivFactorTable.0
                0x0800bccd        0x2 ./Drivers/STM32F1xx_HAL_Driver/Src/stm32f1xx_hal_rcc.o
 .rodata.aPLLMULFactorTable.1
                0x0800bccf       0x10 ./Drivers/STM32F1xx_HAL_Driver/Src/stm32f1xx_hal_rcc.o
 .rodata.aPredivFactorTable.0
                0x0800bcdf        0x2 ./Drivers/STM32F1xx_HAL_Driver/Src/stm32f1xx_hal_rcc_ex.o
 .rodata.aPLLMULFactorTable.1
                0x0800bce1       0x10 ./Drivers/STM32F1xx_HAL_Driver/Src/stm32f1xx_hal_rcc_ex.o
 .rodata.log.str1.1
                0x0800bcf1        0x1 C:/ST/STM32CubeIDE_1.19.0/STM32CubeIDE/plugins/com.st.stm32cube.ide.mcu.externaltools.gnu-tools-for-stm32.13.3.rel1.win32_1.0.0.202411081344/tools/bin/../lib/gcc/arm-none-eabi/13.3.1/../../../../arm-none-eabi/lib/thumb/v7-m/nofp\libm.a(libm_a-w_log.o)
                0x0800bcf4                        . = ALIGN (0x4)
 *fill*         0x0800bcf1        0x3 

.ARM.extab      0x0800bcf4        0x0
                0x0800bcf4                        . = ALIGN (0x4)
 *(.ARM.extab* .gnu.linkonce.armextab.*)
                0x0800bcf4                        . = ALIGN (0x4)

.ARM            0x0800bcf4        0x0
                0x0800bcf4                        . = ALIGN (0x4)
                0x0800bcf4                        __exidx_start = .
 *(.ARM.exidx*)
                0x0800bcf4                        __exidx_end = .
                0x0800bcf4                        . = ALIGN (0x4)

.preinit_array  0x0800bcf4        0x0
                0x0800bcf4                        . = ALIGN (0x4)
                0x0800bcf4                        PROVIDE (__preinit_array_start = .)
 *(.preinit_array*)
                0x0800bcf4                        PROVIDE (__preinit_array_end = .)
                0x0800bcf4                        . = ALIGN (0x4)

.init_array     0x0800bcf4        0x4
                0x0800bcf4                        . = ALIGN (0x4)
                0x0800bcf4                        PROVIDE (__init_array_start = .)
 *(SORT_BY_NAME(.init_array.*))
 *(.init_array*)
 .init_array    0x0800bcf4        0x4 C:/ST/STM32CubeIDE_1.19.0/STM32CubeIDE/plugins/com.st.stm32cube.ide.mcu.externaltools.gnu-tools-for-stm32.13.3.rel1.win32_1.0.0.202411081344/tools/bin/../lib/gcc/arm-none-eabi/13.3.1/thumb/v7-m/nofp/crtbegin.o
                0x0800bcf8                        PROVIDE (__init_array_end = .)
                0x0800bcf8                        . = ALIGN (0x4)

.fini_array     0x0800bcf8        0x4
                0x0800bcf8                        . = ALIGN (0x4)
                [!provide]                        PROVIDE (__fini_array_start = .)
 *(SORT_BY_NAME(.fini_array.*))
 *(.fini_array*)
 .fini_array    0x0800bcf8        0x4 C:/ST/STM32CubeIDE_1.19.0/STM32CubeIDE/plugins/com.st.stm32cube.ide.mcu.externaltools.gnu-tools-for-stm32.13.3.rel1.win32_1.0.0.202411081344/tools/bin/../lib/gcc/arm-none-eabi/13.3.1/thumb/v7-m/nofp/crtbegin.o
                [!provide]                        PROVIDE (__fini_array_end = .)
                0x0800bcfc                        . = ALIGN (0x4)
                0x0800bcfc                        _sidata = LOADADDR (.data)

.rel.dyn        0x0800bcfc        0x0
 .rel.iplt      0x0800bcfc        0x0 C:/ST/STM32CubeIDE_1.19.0/STM32CubeIDE/plugins/com.st.stm32cube.ide.mcu.externaltools.gnu-tools-for-stm32.13.3.rel1.win32_1.0.0.202411081344/tools/bin/../lib/gcc/arm-none-eabi/13.3.1/thumb/v7-m/nofp/crtbegin.o

.data           0x20000000       0x70 load address 0x0800bcfc
                0x20000000                        . = ALIGN (0x4)
                0x20000000                        _sdata = .
 *(.data)
 *(.data*)
 .data.Modbus_RxSerialState
                0x20000000        0x1 ./Core/Inc/modbus_devices/modbusRTU.o
 .data.RxSerialState
                0x20000001        0x1 ./Core/Src/CSMS.o
 .data.cp_upper_when_pluged
                0x20000002        0x2 ./Core/Src/control_pilot.o
                0x20000002                cp_upper_when_pluged
 .data.networkSide_bootup
                0x20000004        0x1 ./Core/Src/data_structures.o
                0x20000004                networkSide_bootup
 .data.stateEntry_flag
                0x20000005        0x1 ./Core/Src/state_machine.o
                0x20000005                stateEntry_flag
 *fill*         0x20000006        0x2 
 .data.SystemCoreClock
                0x20000008        0x4 ./Core/Src/system_stm32f1xx.o
                0x20000008                SystemCoreClock
 .data.uwTickFreq
                0x2000000c        0x1 ./Drivers/STM32F1xx_HAL_Driver/Src/stm32f1xx_hal.o
                0x2000000c                uwTickFreq
 *fill*         0x2000000d        0x3 
 .data.uwTickPrio
                0x20000010        0x4 ./Drivers/STM32F1xx_HAL_Driver/Src/stm32f1xx_hal.o
                0x20000010                uwTickPrio
 .data.__sglue  0x20000014        0xc C:/ST/STM32CubeIDE_1.19.0/STM32CubeIDE/plugins/com.st.stm32cube.ide.mcu.externaltools.gnu-tools-for-stm32.13.3.rel1.win32_1.0.0.202411081344/tools/bin/../lib/gcc/arm-none-eabi/13.3.1/../../../../arm-none-eabi/lib/thumb/v7-m/nofp\libc_nano.a(libc_a-findfp.o)
                0x20000014                __sglue
 .data._impure_ptr
                0x20000020        0x4 C:/ST/STM32CubeIDE_1.19.0/STM32CubeIDE/plugins/com.st.stm32cube.ide.mcu.externaltools.gnu-tools-for-stm32.13.3.rel1.win32_1.0.0.202411081344/tools/bin/../lib/gcc/arm-none-eabi/13.3.1/../../../../arm-none-eabi/lib/thumb/v7-m/nofp\libc_nano.a(libc_a-impure.o)
                0x20000020                _impure_ptr
 .data._impure_data
                0x20000024       0x4c C:/ST/STM32CubeIDE_1.19.0/STM32CubeIDE/plugins/com.st.stm32cube.ide.mcu.externaltools.gnu-tools-for-stm32.13.3.rel1.win32_1.0.0.202411081344/tools/bin/../lib/gcc/arm-none-eabi/13.3.1/../../../../arm-none-eabi/lib/thumb/v7-m/nofp\libc_nano.a(libc_a-impure.o)
                0x20000024                _impure_data
 *(.RamFunc)
 *(.RamFunc*)
                0x20000070                        . = ALIGN (0x4)
                0x20000070                        _edata = .

.igot.plt       0x20000070        0x0 load address 0x0800bd6c
 .igot.plt      0x20000070        0x0 C:/ST/STM32CubeIDE_1.19.0/STM32CubeIDE/plugins/com.st.stm32cube.ide.mcu.externaltools.gnu-tools-for-stm32.13.3.rel1.win32_1.0.0.202411081344/tools/bin/../lib/gcc/arm-none-eabi/13.3.1/thumb/v7-m/nofp/crtbegin.o
                0x20000070                        . = ALIGN (0x4)

.bss            0x20000070     0x1824 load address 0x0800bd6c
                0x20000070                        _sbss = .
                0x20000070                        __bss_start__ = _sbss
 *(.bss)
 .bss           0x20000070       0x1c C:/ST/STM32CubeIDE_1.19.0/STM32CubeIDE/plugins/com.st.stm32cube.ide.mcu.externaltools.gnu-tools-for-stm32.13.3.rel1.win32_1.0.0.202411081344/tools/bin/../lib/gcc/arm-none-eabi/13.3.1/thumb/v7-m/nofp/crtbegin.o
 *(.bss*)
 .bss.threePhaseMeter
                0x2000008c        0x1 ./Core/Inc/modbus_devices/eMeter.o
                0x2000008c                threePhaseMeter
 .bss.singlePhaseMeter
                0x2000008d        0x1 ./Core/Inc/modbus_devices/eMeter.o
                0x2000008d                singlePhaseMeter
 .bss.identifyMeter
                0x2000008e        0x1 ./Core/Inc/modbus_devices/eMeter.o
                0x2000008e                identifyMeter
 .bss.emeter_bootup
                0x2000008f        0x1 ./Core/Inc/modbus_devices/eMeter.o
                0x2000008f                emeter_bootup
 .bss.ADL       0x20000090       0x30 ./Core/Inc/modbus_devices/eMeter.o
                0x20000090                ADL
 .bss.RxCount.0
                0x200000c0        0x1 ./Core/Inc/modbus_devices/modbusRTU.o
 .bss.length.1  0x200000c1        0x1 ./Core/Inc/modbus_devices/modbusRTU.o
 .bss.instruction.2
                0x200000c2        0x1 ./Core/Inc/modbus_devices/modbusRTU.o
 .bss.index.3   0x200000c3        0x1 ./Core/Inc/modbus_devices/modbusRTU.o
 .bss.ModbusRxError
                0x200000c4        0x1 ./Core/Inc/modbus_devices/modbusRTU.o
                0x200000c4                ModbusRxError
 .bss.RxRetryCount
                0x200000c5        0x1 ./Core/Inc/modbus_devices/modbusRTU.o
 .bss.RxPcktCpltFlag
                0x200000c6        0x1 ./Core/Inc/modbus_devices/modbusRTU.o
 .bss.RxBufferPos
                0x200000c7        0x1 ./Core/Inc/modbus_devices/modbusRTU.o
 .bss.RxBuffer  0x200000c8       0x64 ./Core/Inc/modbus_devices/modbusRTU.o
 .bss.RxBusTimeout
                0x2000012c        0x4 ./Core/Inc/modbus_devices/modbusRTU.o
 .bss.sniffTxInterval
                0x20000130        0x4 ./Core/Inc/modbus_devices/modbusRTU.o
 .bss.RxTimeoutInterval
                0x20000134        0x2 ./Core/Inc/modbus_devices/modbusRTU.o
 .bss.TxCycleInterval
                0x20000136        0x2 ./Core/Inc/modbus_devices/modbusRTU.o
 .bss.TxInterval
                0x20000138        0x2 ./Core/Inc/modbus_devices/modbusRTU.o
 .bss.rxFlag    0x2000013a        0x1 ./Core/Inc/modbus_devices/modbusRTU.o
 .bss.txFlag    0x2000013b        0x1 ./Core/Inc/modbus_devices/modbusRTU.o
 .bss.txID      0x2000013c        0x4 ./Core/Inc/modbus_devices/modbusRTU.o
 .bss.Modbus_Queue
                0x20000140      0x8a4 ./Core/Inc/modbus_devices/modbusRTU.o
                0x20000140                Modbus_Queue
 .bss.index.0   0x200009e4        0x1 ./Core/Src/CSMS.o
 .bss.RxCount.1
                0x200009e5        0x1 ./Core/Src/CSMS.o
 .bss.RxBufferFlush.2
                0x200009e6        0x1 ./Core/Src/CSMS.o
 .bss.instruction.3
                0x200009e7        0x1 ./Core/Src/CSMS.o
 .bss.RxSerialFaultTimeout
                0x200009e8        0x4 ./Core/Src/CSMS.o
 .bss.RxBusTimeout
                0x200009ec        0x4 ./Core/Src/CSMS.o
 .bss.rxFlag    0x200009f0        0x1 ./Core/Src/CSMS.o
 *fill*         0x200009f1        0x3 
 .bss.pingPongCount
                0x200009f4        0x4 ./Core/Src/CSMS.o
 .bss.RxPcktCpltFlag
                0x200009f8        0x1 ./Core/Src/CSMS.o
 .bss.RxBufferPos
                0x200009f9        0x1 ./Core/Src/CSMS.o
 .bss.RxBuffer  0x200009fa       0x64 ./Core/Src/CSMS.o
 .bss.CSMS_Queue
                0x20000a5e      0x662 ./Core/Src/CSMS.o
                0x20000a5e                CSMS_Queue
 .bss.CSMS      0x200010c0       0x1e ./Core/Src/CSMS.o
                0x200010c0                CSMS
 *fill*         0x200010de        0x2 
 .bss.EraseInitStruct.0
                0x200010e0       0x10 ./Core/Src/OTA.o
 .bss.OTA_flag  0x200010f0        0x1 ./Core/Src/OTA.o
                0x200010f0                OTA_flag
 *fill*         0x200010f1        0x3 
 .bss.hdma_adc1
                0x200010f4       0x44 ./Core/Src/adc.o
                0x200010f4                hdma_adc1
 .bss.hadc1     0x20001138       0x30 ./Core/Src/adc.o
                0x20001138                hadc1
 .bss.hw_verion_get
                0x20001168        0x4 ./Core/Src/charge_config.o
                0x20001168                hw_verion_get
 .bss.hw_version
                0x2000116c        0x3 ./Core/Src/charge_config.o
                0x2000116c                hw_version
 *fill*         0x2000116f        0x1 
 .bss.config_set
                0x20001170       0x12 ./Core/Src/charge_config.o
                0x20001170                config_set
 .bss.config_get
                0x20001182       0x12 ./Core/Src/charge_config.o
                0x20001182                config_get
 .bss.charger_configSet
                0x20001194       0x1c ./Core/Src/charge_config.o
                0x20001194                charger_configSet
 .bss.charger_configGet
                0x200011b0       0x1c ./Core/Src/charge_config.o
                0x200011b0                charger_configGet
 .bss.lowest_voltage
                0x200011cc        0x2 ./Core/Src/control_pilot.o
 .bss.uv_stable_count
                0x200011ce        0x1 ./Core/Src/control_pilot.o
 .bss.uv_handle_state
                0x200011cf        0x1 ./Core/Src/control_pilot.o
 .bss.cp_calibrate
                0x200011d0        0x1 ./Core/Src/control_pilot.o
                0x200011d0                cp_calibrate
 *fill*         0x200011d1        0x3 
 .bss.CP_NEG_PARAM
                0x200011d4        0x4 ./Core/Src/control_pilot.o
                0x200011d4                CP_NEG_PARAM
 .bss.CP_POS_PARAM
                0x200011d8        0x4 ./Core/Src/control_pilot.o
                0x200011d8                CP_POS_PARAM
 .bss.cpCalibrate_get
                0x200011dc        0x4 ./Core/Src/control_pilot.o
                0x200011dc                cpCalibrate_get
 .bss.cpCalibrate_set
                0x200011e0        0x4 ./Core/Src/control_pilot.o
                0x200011e0                cpCalibrate_set
 .bss.cpCalibrate_cmplt
                0x200011e4        0x1 ./Core/Src/control_pilot.o
                0x200011e4                cpCalibrate_cmplt
 .bss.cpDuty_en
                0x200011e5        0x1 ./Core/Src/control_pilot.o
                0x200011e5                cpDuty_en
 .bss.cpNegative_en
                0x200011e6        0x1 ./Core/Src/control_pilot.o
                0x200011e6                cpNegative_en
 .bss.cpPositve_en
                0x200011e7        0x1 ./Core/Src/control_pilot.o
                0x200011e7                cpPositve_en
 .bss.cpCalibrate_en
                0x200011e8        0x1 ./Core/Src/control_pilot.o
                0x200011e8                cpCalibrate_en
 .bss.vehicle_checkOutCounter
                0x200011e9        0x1 ./Core/Src/control_pilot.o
                0x200011e9                vehicle_checkOutCounter
 .bss.vehicle_checkInCounter
                0x200011ea        0x1 ./Core/Src/control_pilot.o
                0x200011ea                vehicle_checkInCounter
 *fill*         0x200011eb        0x1 
 .bss.DC_errorOutCounter
                0x200011ec        0x2 ./Core/Src/control_pilot.o
                0x200011ec                DC_errorOutCounter
 .bss.DC_errorInCounter
                0x200011ee        0x2 ./Core/Src/control_pilot.o
                0x200011ee                DC_errorInCounter
 .bss.CPFault_errorOutCounter
                0x200011f0        0x2 ./Core/Src/control_pilot.o
                0x200011f0                CPFault_errorOutCounter
 .bss.CPFault_errorInCounter
                0x200011f2        0x2 ./Core/Src/control_pilot.o
                0x200011f2                CPFault_errorInCounter
 .bss.PWMActive_OutCounter
                0x200011f4        0x2 ./Core/Src/control_pilot.o
                0x200011f4                PWMActive_OutCounter
 .bss.PWMActive_InCounter
                0x200011f6        0x2 ./Core/Src/control_pilot.o
                0x200011f6                PWMActive_InCounter
 .bss.diodeCheck_passed
                0x200011f8        0x1 ./Core/Src/control_pilot.o
                0x200011f8                diodeCheck_passed
 .bss.diodeCheck_flag
                0x200011f9        0x1 ./Core/Src/control_pilot.o
                0x200011f9                diodeCheck_flag
 .bss.vehicle_pluged
                0x200011fa        0x1 ./Core/Src/control_pilot.o
                0x200011fa                vehicle_pluged
 .bss.min_done  0x200011fb        0x1 ./Core/Src/control_pilot.o
                0x200011fb                min_done
 .bss.max_done  0x200011fc        0x1 ./Core/Src/control_pilot.o
                0x200011fc                max_done
 .bss.dataCollected2
                0x200011fd        0x1 ./Core/Src/control_pilot.o
                0x200011fd                dataCollected2
 .bss.dataCollected1
                0x200011fe        0x1 ./Core/Src/control_pilot.o
                0x200011fe                dataCollected1
 *fill*         0x200011ff        0x1 
 .bss.adc_low   0x20001200       0x96 ./Core/Src/control_pilot.o
                0x20001200                adc_low
 .bss.adc_high  0x20001296       0x96 ./Core/Src/control_pilot.o
                0x20001296                adc_high
 .bss.adcSample_buf1_count
                0x2000132c        0x2 ./Core/Src/control_pilot.o
                0x2000132c                adcSample_buf1_count
 .bss.adcSample_buf1
                0x2000132e       0x96 ./Core/Src/control_pilot.o
                0x2000132e                adcSample_buf1
 .bss.cp_max_count2
                0x200013c4        0x4 ./Core/Src/control_pilot.o
                0x200013c4                cp_max_count2
 .bss.cp_min_count2
                0x200013c8        0x4 ./Core/Src/control_pilot.o
                0x200013c8                cp_min_count2
 .bss.cp_max_count
                0x200013cc        0x4 ./Core/Src/control_pilot.o
                0x200013cc                cp_max_count
 .bss.cp_min_count
                0x200013d0        0x4 ./Core/Src/control_pilot.o
                0x200013d0                cp_min_count
 .bss.cp_max_avg
                0x200013d4        0x2 ./Core/Src/control_pilot.o
                0x200013d4                cp_max_avg
 *fill*         0x200013d6        0x2 
 .bss.cp_max_sum
                0x200013d8        0x4 ./Core/Src/control_pilot.o
                0x200013d8                cp_max_sum
 .bss.cp_min_avg
                0x200013dc        0x2 ./Core/Src/control_pilot.o
                0x200013dc                cp_min_avg
 *fill*         0x200013de        0x2 
 .bss.cp_min_sum
                0x200013e0        0x4 ./Core/Src/control_pilot.o
                0x200013e0                cp_min_sum
 .bss.buzzer_en
                0x200013e4        0x1 ./Core/Src/data_structures.o
                0x200013e4                buzzer_en
 *fill*         0x200013e5        0x3 
 .bss.vref_count
                0x200013e8        0x4 ./Core/Src/data_structures.o
                0x200013e8                vref_count
 .bss.VREF_AVG  0x200013ec        0x4 ./Core/Src/data_structures.o
                0x200013ec                VREF_AVG
 .bss.VREF_SUM  0x200013f0        0x4 ./Core/Src/data_structures.o
                0x200013f0                VREF_SUM
 .bss.VREF      0x200013f4        0x4 ./Core/Src/data_structures.o
                0x200013f4                VREF
 .bss.charger_setup_flag
                0x200013f8        0x1 ./Core/Src/data_structures.o
                0x200013f8                charger_setup_flag
 .bss.charger_init_flag
                0x200013f9        0x1 ./Core/Src/data_structures.o
                0x200013f9                charger_init_flag
 .bss.cpMin_reached
                0x200013fa        0x1 ./Core/Src/data_structures.o
                0x200013fa                cpMin_reached
 *fill*         0x200013fb        0x1 
 .bss.adc_store
                0x200013fc        0xe ./Core/Src/data_structures.o
                0x200013fc                adc_store
 .bss.networkSide_data
                0x2000140a       0x22 ./Core/Src/data_structures.o
                0x2000140a                networkSide_data
 .bss.powerSide_data
                0x2000142c       0x30 ./Core/Src/data_structures.o
                0x2000142c                powerSide_data
 .bss.controlSide_data
                0x2000145c       0x24 ./Core/Src/data_structures.o
                0x2000145c                controlSide_data
 .bss.CFB_outCounter
                0x20001480        0x1 ./Core/Src/gpio_feedback.o
                0x20001480                CFB_outCounter
 .bss.CFB_inCounter
                0x20001481        0x1 ./Core/Src/gpio_feedback.o
                0x20001481                CFB_inCounter
 .bss.CSMS_trigCount.0
                0x20001482        0x1 ./Core/Src/main.o
 *fill*         0x20001483        0x1 
 .bss.debug_count
                0x20001484        0x2 ./Core/Src/main.o
                0x20001484                debug_count
 .bss.energy_error_count
                0x20001486        0x2 ./Core/Src/power_measure.o
                0x20001486                energy_error_count
 .bss.start_energy
                0x20001488        0x4 ./Core/Src/power_measure.o
                0x20001488                start_energy
 .bss.measure_energy
                0x2000148c        0x1 ./Core/Src/power_measure.o
                0x2000148c                measure_energy
 .bss.id.0      0x2000148d        0x1 ./Core/Src/protection.o
 .bss.state.1   0x2000148e        0x1 ./Core/Src/protection.o
 .bss.GFI_bypasss_flag
                0x2000148f        0x1 ./Core/Src/protection.o
                0x2000148f                GFI_bypasss_flag
 .bss.errorLog_count
                0x20001490        0x1 ./Core/Src/protection.o
                0x20001490                errorLog_count
 .bss.previousError
                0x20001491        0x1 ./Core/Src/protection.o
                0x20001491                previousError
 .bss.currentError
                0x20001492        0x1 ./Core/Src/protection.o
                0x20001492                currentError
 .bss.error_buffer
                0x20001493        0x5 ./Core/Src/protection.o
                0x20001493                error_buffer
 .bss.OT_errorOutCounter
                0x20001498        0x2 ./Core/Src/protection.o
                0x20001498                OT_errorOutCounter
 .bss.OT_errorInCounter
                0x2000149a        0x2 ./Core/Src/protection.o
                0x2000149a                OT_errorInCounter
 .bss.SC_errorInCounter
                0x2000149c        0x2 ./Core/Src/protection.o
                0x2000149c                SC_errorInCounter
 .bss.Freq_errorOutCounter
                0x2000149e        0x2 ./Core/Src/protection.o
                0x2000149e                Freq_errorOutCounter
 .bss.Freq_errorInCounter
                0x200014a0        0x2 ./Core/Src/protection.o
                0x200014a0                Freq_errorInCounter
 .bss.PL_errorOutCounter
                0x200014a2        0x2 ./Core/Src/protection.o
                0x200014a2                PL_errorOutCounter
 .bss.PL_errorInCounter
                0x200014a4        0x2 ./Core/Src/protection.o
                0x200014a4                PL_errorInCounter
 .bss.OV_errorOutCounter
                0x200014a6        0x2 ./Core/Src/protection.o
                0x200014a6                OV_errorOutCounter
 .bss.OV_errorInCounter
                0x200014a8        0x2 ./Core/Src/protection.o
                0x200014a8                OV_errorInCounter
 .bss.UV_errorOutCounter
                0x200014aa        0x2 ./Core/Src/protection.o
                0x200014aa                UV_errorOutCounter
 .bss.UV_errorInCounter
                0x200014ac        0x2 ./Core/Src/protection.o
                0x200014ac                UV_errorInCounter
 .bss.OC_errorOutCounter
                0x200014ae        0x2 ./Core/Src/protection.o
                0x200014ae                OC_errorOutCounter
 .bss.OC_errorInCounter
                0x200014b0        0x2 ./Core/Src/protection.o
                0x200014b0                OC_errorInCounter
 .bss.GFI_errorOutCounter
                0x200014b2        0x2 ./Core/Src/protection.o
                0x200014b2                GFI_errorOutCounter
 .bss.GFI_errorInCounter
                0x200014b4        0x2 ./Core/Src/protection.o
                0x200014b4                GFI_errorInCounter
 .bss.GFI_triggered
                0x200014b6        0x1 ./Core/Src/protection.o
 .bss.GFCI_errorCounter
                0x200014b7        0x1 ./Core/Src/protection.o
                0x200014b7                GFCI_errorCounter
 .bss.run_GFITest
                0x200014b8        0x1 ./Core/Src/protection.o
                0x200014b8                run_GFITest
 .bss.gfic_reset
                0x200014b9        0x1 ./Core/Src/protection.o
                0x200014b9                gfic_reset
 .bss.bootup_timeUpdate
                0x200014ba        0x1 ./Core/Src/rtc.o
                0x200014ba                bootup_timeUpdate
 *fill*         0x200014bb        0x1 
 .bss.hrtc      0x200014bc       0x14 ./Core/Src/rtc.o
                0x200014bc                hrtc
 .bss.state_transistion_available
                0x200014d0        0x1 ./Core/Src/state_machine.o
                0x200014d0                state_transistion_available
 .bss.manual_on
                0x200014d1        0x1 ./Core/Src/state_machine.o
                0x200014d1                manual_on
 .bss.manual_off
                0x200014d2        0x1 ./Core/Src/state_machine.o
                0x200014d2                manual_off
 *fill*         0x200014d3        0x1 
 .bss.stateC_counter
                0x200014d4        0x2 ./Core/Src/state_machine.o
                0x200014d4                stateC_counter
 .bss.stateB_counter
                0x200014d6        0x2 ./Core/Src/state_machine.o
                0x200014d6                stateB_counter
 .bss.stateA_counter
                0x200014d8        0x2 ./Core/Src/state_machine.o
                0x200014d8                stateA_counter
 *fill*         0x200014da        0x2 
 .bss.sm        0x200014dc       0x7c ./Core/Src/state_machine.o
                0x200014dc                sm
 .bss.__sbrk_heap_end
                0x20001558        0x4 ./Core/Src/sysmem.o
 .bss.htim3     0x2000155c       0x48 ./Core/Src/tim.o
                0x2000155c                htim3
 .bss.htim2     0x200015a4       0x48 ./Core/Src/tim.o
                0x200015a4                htim2
 .bss.error_handler
                0x200015ec       0x14 ./Core/Src/timer.o
                0x200015ec                error_handler
 .bss.load_balance6s
                0x20001600       0x14 ./Core/Src/timer.o
                0x20001600                load_balance6s
 .bss.serial_error
                0x20001614       0x14 ./Core/Src/timer.o
                0x20001614                serial_error
 .bss.rtc_updateCounter
                0x20001628       0x14 ./Core/Src/timer.o
                0x20001628                rtc_updateCounter
 .bss.rtc_checkCounter
                0x2000163c       0x14 ./Core/Src/timer.o
                0x2000163c                rtc_checkCounter
 .bss.gfi_test  0x20001650       0x14 ./Core/Src/timer.o
                0x20001650                gfi_test
 .bss.timeout   0x20001664       0x14 ./Core/Src/timer.o
                0x20001664                timeout
 .bss.huart3    0x20001678       0x48 ./Core/Src/usart.o
                0x20001678                huart3
 .bss.huart1    0x200016c0       0x48 ./Core/Src/usart.o
                0x200016c0                huart1
 .bss.serialPort2RxCount
                0x20001708        0x4 ./Core/Src/usart.o
 .bss.serialPort2TxCount
                0x2000170c        0x4 ./Core/Src/usart.o
 .bss.serialRxPort2
                0x20001710        0x1 ./Core/Src/usart.o
                0x20001710                serialRxPort2
 *fill*         0x20001711        0x3 
 .bss.serialPort1RxCount
                0x20001714        0x4 ./Core/Src/usart.o
 .bss.serialPort1TxCount
                0x20001718        0x4 ./Core/Src/usart.o
 .bss.serialRxPort1
                0x2000171c        0x1 ./Core/Src/usart.o
                0x2000171c                serialRxPort1
 *fill*         0x2000171d        0x3 